Microchip Technology Inc, v1.31 (A)

Tool Name:
  c:\program files (x86)\microchip\xc16\v1.31\bin\bin\..\bin/elf-ld.exe

Command:
  -p33FJ256GP710A \
  -o \
  dist/default/production/MatrixPilot-udb5.X.production.elf \
  -Lc:/program files (x86)/microchip/xc16/v1.31/bin/bin/.. \
  -Lc:/program files (x86)/microchip/xc16/v1.31/bin/bin/../../lib \
  -Lc:/program files (x86)/microchip/xc16/v1.31/bin/bin/../../lib/PIC24E \
  -Lc:/program files (x86)/microchip/xc16/v1.31/bin/bin/../../support/PIC24E/gld \
  -Lc:/program files (x86)/microchip/xc16/v1.31/bin/bin/../../lib/PIC24F \
  -Lc:/program files (x86)/microchip/xc16/v1.31/bin/bin/../../support/PIC24F/gld \
  -Lc:/program files (x86)/microchip/xc16/v1.31/bin/bin/../../lib/PIC24H \
  -Lc:/program files (x86)/microchip/xc16/v1.31/bin/bin/../../support/PIC24H/gld \
  -Lc:/program files (x86)/microchip/xc16/v1.31/bin/bin/../../lib/dsPIC30F \
  -Lc:/program files (x86)/microchip/xc16/v1.31/bin/bin/../../support/dsPIC30F/gld \
  -Lc:/program files (x86)/microchip/xc16/v1.31/bin/bin/../../lib/dsPIC33E \
  -Lc:/program files (x86)/microchip/xc16/v1.31/bin/bin/../../support/dsPIC33E/gld \
  -Lc:/program files (x86)/microchip/xc16/v1.31/bin/bin/../../lib/dsPIC33F \
  -Lc:/program files (x86)/microchip/xc16/v1.31/bin/bin/../../support/dsPIC33F/gld \
  build/default/production/_ext/1077471063/estWind.o \
  build/default/production/_ext/1077471063/estYawDrift.o \
  build/default/production/_ext/1077471063/gpsParseCommon.o \
  build/default/production/_ext/1077471063/gpsParseSTD.o \
  build/default/production/_ext/1077471063/gpsParseUBX.o \
  build/default/production/_ext/1077471063/mathlibNAV.o \
  build/default/production/_ext/1077471063/rmat.o \
  build/default/production/_ext/1077471063/libDCM.o \
  build/default/production/_ext/1077471063/deadReckoning.o \
  build/default/production/_ext/1077471063/gpsParseMTEK.o \
  build/default/production/_ext/1077471063/estAltitude.o \
  build/default/production/_ext/1077454706/background.o \
  build/default/production/_ext/1077454706/libUDB.o \
  build/default/production/_ext/1077454706/servoOut.o \
  build/default/production/_ext/1077454706/osd.o \
  build/default/production/_ext/1077454706/24LC256.o \
  build/default/production/_ext/1077454706/events.o \
  build/default/production/_ext/1077454706/mpu6000.o \
  build/default/production/_ext/1077454706/spiUtils.o \
  build/default/production/_ext/1077454706/analog2digital_udb5.o \
  build/default/production/_ext/1077454706/traps_asm.o \
  build/default/production/_ext/1077454706/analog2digital_udb4.o \
  build/default/production/_ext/1077454706/mcu.o \
  build/default/production/_ext/1077454706/eeprom_udb4.o \
  build/default/production/_ext/1077454706/traps.o \
  build/default/production/_ext/1077454706/barometer.o \
  build/default/production/_ext/1077454706/I2C1.o \
  build/default/production/_ext/1077454706/I2C2.o \
  build/default/production/_ext/1077454706/magnetometer.o \
  build/default/production/_ext/1077454706/radioIn.o \
  build/default/production/_ext/1077454706/serialIO.o \
  build/default/production/_ext/1077454706/read.o \
  build/default/production/_ext/1077454706/uart.o \
  build/default/production/_ext/1077454706/write.o \
  build/default/production/_ext/679848855/madd.o \
  build/default/production/_ext/679848855/mmul.o \
  build/default/production/_ext/679848855/mscl.o \
  build/default/production/_ext/679848855/msub.o \
  build/default/production/_ext/679848855/mtrp.o \
  build/default/production/_ext/679848855/vadd.o \
  build/default/production/_ext/679848855/vcon.o \
  build/default/production/_ext/679848855/vcopy.o \
  build/default/production/_ext/679848855/vcor.o \
  build/default/production/_ext/679848855/vdot.o \
  build/default/production/_ext/679848855/vmax.o \
  build/default/production/_ext/679848855/vmin.o \
  build/default/production/_ext/679848855/vmul.o \
  build/default/production/_ext/679848855/vneg.o \
  build/default/production/_ext/679848855/vpow.o \
  build/default/production/_ext/679848855/vscl.o \
  build/default/production/_ext/679848855/vsub.o \
  build/default/production/_ext/679848855/vzpad.o \
  build/default/production/_ext/1472/config_tests.o \
  build/default/production/_ext/1472/behavior.o \
  build/default/production/_ext/1472/cameraCntrl.o \
  build/default/production/_ext/1472/main.o \
  build/default/production/_ext/1472/navigate.o \
  build/default/production/_ext/1472/pitchCntrl.o \
  build/default/production/_ext/1472/rollCntrl.o \
  build/default/production/_ext/1472/servoMix.o \
  build/default/production/_ext/1472/states.o \
  build/default/production/_ext/1472/yawCntrl.o \
  build/default/production/_ext/1472/telemetry.o \
  build/default/production/_ext/1472/servoPrepare.o \
  build/default/production/_ext/1472/flightplan-waypoints.o \
  build/default/production/_ext/1472/flightplan-logo.o \
  build/default/production/_ext/1472/mp_osd.o \
  build/default/production/_ext/1472/altitudeCntrl.o \
[...]
Memory Configuration

Name             Origin             Length             Attributes
data             0x000800           0x007800           a !xr
reset            0x000000           0x000004  
ivt              0x000004           0x0000fc  
_reserved        0x000100           0x000004  
aivt             0x000104           0x0000fc  
program          0x000200           0x02aa00           xr
FBS              0xf80000           0x000002  
FSS              0xf80002           0x000002  
FGS              0xf80004           0x000002  
FOSCSEL          0xf80006           0x000002  
FOSC             0xf80008           0x000002  
FWDT             0xf8000a           0x000002  
FPOR             0xf8000c           0x000002  
FICD             0xf8000e           0x000002  
FUID0            0xf80010           0x000002  
FUID1            0xf80012           0x000002  
FUID2            0xf80014           0x000002  
FUID3            0xf80016           0x000002  
*default*        0x000000           0xffffffff  

Linker script and memory map

LOAD build/default/production/_ext/1077471063/estWind.o
LOAD build/default/production/_ext/1077471063/estYawDrift.o
LOAD build/default/production/_ext/1077471063/gpsParseCommon.o
LOAD build/default/production/_ext/1077471063/gpsParseSTD.o
LOAD build/default/production/_ext/1077471063/gpsParseUBX.o
LOAD build/default/production/_ext/1077471063/mathlibNAV.o
LOAD build/default/production/_ext/1077471063/rmat.o
LOAD build/default/production/_ext/1077471063/libDCM.o
LOAD build/default/production/_ext/1077471063/deadReckoning.o
LOAD build/default/production/_ext/1077471063/gpsParseMTEK.o
LOAD build/default/production/_ext/1077471063/estAltitude.o
LOAD build/default/production/_ext/1077454706/background.o
LOAD build/default/production/_ext/1077454706/libUDB.o
LOAD build/default/production/_ext/1077454706/servoOut.o
LOAD build/default/production/_ext/1077454706/osd.o
LOAD build/default/production/_ext/1077454706/24LC256.o
LOAD build/default/production/_ext/1077454706/events.o
LOAD build/default/production/_ext/1077454706/mpu6000.o
LOAD build/default/production/_ext/1077454706/spiUtils.o
LOAD build/default/production/_ext/1077454706/analog2digital_udb5.o
LOAD build/default/production/_ext/1077454706/traps_asm.o
LOAD build/default/production/_ext/1077454706/analog2digital_udb4.o
LOAD build/default/production/_ext/1077454706/mcu.o
LOAD build/default/production/_ext/1077454706/eeprom_udb4.o
LOAD build/default/production/_ext/1077454706/traps.o
LOAD build/default/production/_ext/1077454706/barometer.o
LOAD build/default/production/_ext/1077454706/I2C1.o
LOAD build/default/production/_ext/1077454706/I2C2.o
LOAD build/default/production/_ext/1077454706/magnetometer.o
LOAD build/default/production/_ext/1077454706/radioIn.o
LOAD build/default/production/_ext/1077454706/serialIO.o
LOAD build/default/production/_ext/1077454706/read.o
LOAD build/default/production/_ext/1077454706/uart.o
LOAD build/default/production/_ext/1077454706/write.o
LOAD build/default/production/_ext/679848855/madd.o
LOAD build/default/production/_ext/679848855/mmul.o
LOAD build/default/production/_ext/679848855/mscl.o
LOAD build/default/production/_ext/679848855/msub.o
LOAD build/default/production/_ext/679848855/mtrp.o
LOAD build/default/production/_ext/679848855/vadd.o
LOAD build/default/production/_ext/679848855/vcon.o
LOAD build/default/production/_ext/679848855/vcopy.o
LOAD build/default/production/_ext/679848855/vcor.o
LOAD build/default/production/_ext/679848855/vdot.o
LOAD build/default/production/_ext/679848855/vmax.o
LOAD build/default/production/_ext/679848855/vmin.o
LOAD build/default/production/_ext/679848855/vmul.o
LOAD build/default/production/_ext/679848855/vneg.o
LOAD build/default/production/_ext/679848855/vpow.o
LOAD build/default/production/_ext/679848855/vscl.o
LOAD build/default/production/_ext/679848855/vsub.o
LOAD build/default/production/_ext/679848855/vzpad.o
LOAD build/default/production/_ext/1472/config_tests.o
LOAD build/default/production/_ext/1472/behavior.o
LOAD build/default/production/_ext/1472/cameraCntrl.o
LOAD build/default/production/_ext/1472/main.o
LOAD build/default/production/_ext/1472/navigate.o
LOAD build/default/production/_ext/1472/pitchCntrl.o
LOAD build/default/production/_ext/1472/rollCntrl.o
LOAD build/default/production/_ext/1472/servoMix.o
LOAD build/default/production/_ext/1472/states.o
LOAD build/default/production/_ext/1472/yawCntrl.o
LOAD build/default/production/_ext/1472/telemetry.o
LOAD build/default/production/_ext/1472/servoPrepare.o
LOAD build/default/production/_ext/1472/flightplan-waypoints.o
LOAD build/default/production/_ext/1472/flightplan-logo.o
LOAD build/default/production/_ext/1472/mp_osd.o
LOAD build/default/production/_ext/1472/altitudeCntrl.o
LOAD build/default/production/_ext/1472/MAVLink.o
LOAD build/default/production/_ext/1472/mode_switch.o
LOAD build/default/production/_ext/1472/data_services.o
LOAD build/default/production/_ext/1472/data_storage.o
LOAD build/default/production/_ext/1472/nv_memory_table.o
LOAD build/default/production/_ext/1472/parameter_table.o
LOAD build/default/production/_ext/1472/airspeedCntrl.o
LOAD build/default/production/_ext/1472/altitudeCntrlVariable.o
LOAD build/default/production/_ext/1472/euler_angles.o
LOAD build/default/production/_ext/1472/console.o
LOAD build/default/production/_ext/1472/sonarCntrl.o
LOAD build/default/production/_ext/1472/motorCntrl.o
                    0x0001                  __MPLAB_BUILD = 0x1
LOAD c:/program files (x86)/microchip/xc16/v1.31/bin/bin/../../lib/dsPIC33F\libp33FJ256GP710A-elf.a
LOAD c:/program files (x86)/microchip/xc16/v1.31/bin/bin/../../lib\libfx-elf.a
                    0xf80000                  __FBS = 0xf80000
                    0xf80002                  __FSS = 0xf80002
                    0xf80004                  __FGS = 0xf80004
                    0xf80006                  __FOSCSEL = 0xf80006
                    0xf80008                  __FOSC = 0xf80008
                    0xf8000a                  __FWDT = 0xf8000a
                    0xf8000c                  __FPOR = 0xf8000c
                    0xf8000e                  __FICD = 0xf8000e
                    0xf80010                  __FUID0 = 0xf80010
                    0xf80012                  __FUID1 = 0xf80012
                    0xf80014                  __FUID2 = 0xf80014
                    0xf80016                  __FUID3 = 0xf80016
                    0x0200                  __CODE_BASE = 0x200
                    0x2aa00                  __CODE_LENGTH = 0x2aa00
                    0x0004                  __IVT_BASE = 0x4
                    0x0104                  __AIVT_BASE = 0x104
                    0x0800                  __DATA_BASE = 0x800
                    0x7800                  __DATA_LENGTH = 0x7800
                    0x4800                  __YDATA_BASE = 0x4800
                    0x7800                  __DMA_BASE = 0x7800
                    0x7fff                  __DMA_END = 0x7fff

.reset            0x000000          0x4
                  0x000000          0x2 SHORT 0x200 ABSOLUTE (__reset)
                  0x000001          0x2 SHORT 0x4
                  0x000002          0x2 SHORT 0x0 ((ABSOLUTE (__reset) >> 0x10) & 0x7f)
                  0x000003          0x2 SHORT 0x0

.text             0x000200       0x2ffe
 *(.init)
 .init            0x000200         0x4c c:/program files (x86)/microchip/xc16/v1.31/bin/bin/../../lib\liblega-pic30-elf.a(crt0_standard.o)
                  0x000200                  __resetPRI
                  0x000200                  __reset
                  0x00023c                  __psv_init
 .init            0x00024c         0x7c c:/program files (x86)/microchip/xc16/v1.31/bin/bin/../../lib\liblega-pic30-elf.a(data_init_standard.o)
                  0x000252                  __data_init_standard
                  0x000252                  __data_init
 *(.user_init)
 *(.handle)
 .handle          0x0002c8         0xbc jump_table
 *(.isr*)
 .isr             0x000384          0x4 default_isr
                  0x000384                  __DefaultInterrupt
 *(.libc)
 .libc            0x000388         0xac build/default/production/_ext/1077454706/read.o
                  0x000388                  _read
 .libc            0x000434         0x9c build/default/production/_ext/1077454706/write.o
                  0x000434                  _write
 .libc            0x0004d0         0x12 c:/program files (x86)/microchip/xc16/v1.31/bin/bin/../../lib\liblega-pic30-elf.a(close.Leo)
                  0x0004d0                  _close
 .libc            0x0004e2         0x12 c:/program files (x86)/microchip/xc16/v1.31/bin/bin/../../lib\liblega-pic30-elf.a(remove.Leo)
                  0x0004e2                  _remove
 .libc            0x0004f4         0x28 c:/program files (x86)/microchip/xc16/v1.31/bin/bin/../../lib\liblega-pic30-elf.a(sbrk.Leo)
                  0x0004f4                  _sbrk
 .libc            0x00051c         0x1a c:/program files (x86)/microchip/xc16/v1.31/bin/bin/../../lib\liblega-pic30-elf.a(brk.Lelo)
                  0x00051c                  _brk
 *(.libm)
 *(.libdsp)
 .libdsp          0x000536         0x40 build/default/production/_ext/679848855/madd.o
                  0x000536                  _MatrixAdd
 .libdsp          0x000576         0x7a build/default/production/_ext/679848855/mmul.o
                  0x000576                  _MatrixMultiply
 .libdsp          0x0005f0         0x3c build/default/production/_ext/679848855/mscl.o
                  0x0005f0                  _MatrixScale
 .libdsp          0x00062c         0x4e build/default/production/_ext/679848855/msub.o
                  0x00062c                  _MatrixSubtract
 .libdsp          0x00067a         0x48 build/default/production/_ext/679848855/mtrp.o
                  0x00067a                  _MatrixTranspose
 .libdsp          0x0006c2         0x3e build/default/production/_ext/679848855/vadd.o
                  0x0006c2                  _VectorAdd
 .libdsp          0x000700         0xf8 build/default/production/_ext/679848855/vcon.o
                  0x000700                  _VectorConvolve
 .libdsp          0x0007f8         0x10 build/default/production/_ext/679848855/vcopy.o
                  0x0007f8                  _VectorCopy
 .libdsp          0x000808         0x30 build/default/production/_ext/679848855/vcor.o
                  0x000808                  _VectorCorrelate
 .libdsp          0x000838         0x3a build/default/production/_ext/679848855/vdot.o
                  0x000838                  _VectorDotProduct
 .libdsp          0x000872         0x1a build/default/production/_ext/679848855/vmax.o
                  0x000872                  _VectorMax
 .libdsp          0x00088c         0x1a build/default/production/_ext/679848855/vmin.o
                  0x00088c                  _VectorMin
 .libdsp          0x0008a6         0x3c build/default/production/_ext/679848855/vmul.o
                  0x0008a6                  _VectorMultiply
 .libdsp          0x0008e2         0x40 build/default/production/_ext/679848855/vneg.o
                  0x0008e2                  _VectorNegate
 .libdsp          0x000922         0x38 build/default/production/_ext/679848855/vpow.o
                  0x000922                  _VectorPower
 .libdsp          0x00095a         0x3c build/default/production/_ext/679848855/vscl.o
                  0x00095a                  _VectorScale
 .libdsp          0x000996         0x4c build/default/production/_ext/679848855/vsub.o
                  0x000996                  _VectorSubtract
 .libdsp          0x0009e2         0x1e build/default/production/_ext/679848855/vzpad.o
                  0x0009e2                  _VectorZeroPad
 *(.lib*)
 .libperi         0x000a00          0x8 c:/program files (x86)/microchip/xc16/v1.31/bin/bin/../../lib/dsPIC33F\libp33FJ256GP710A-elf.a(CloseSPI1.o)
                  0x000a00                  _CloseSPI1
 .libperi         0x000a08          0x8 c:/program files (x86)/microchip/xc16/v1.31/bin/bin/../../lib/dsPIC33F\libp33FJ256GP710A-elf.a(CloseSPI2.o)
                  0x000a08                  _CloseSPI2
 .libperi         0x000a10         0x24 c:/program files (x86)/microchip/xc16/v1.31/bin/bin/../../lib/dsPIC33F\libp33FJ256GP710A-elf.a(ConfigIntSPI1.o)
                  0x000a10                  _ConfigIntSPI1
 .libperi         0x000a34         0x24 c:/program files (x86)/microchip/xc16/v1.31/bin/bin/../../lib/dsPIC33F\libp33FJ256GP710A-elf.a(ConfigIntSPI2.o)
                  0x000a34                  _ConfigIntSPI2
 .libperi         0x000a58          0x8 c:/program files (x86)/microchip/xc16/v1.31/bin/bin/../../lib/dsPIC33F\libp33FJ256GP710A-elf.a(OpenSPI1.o)
                  0x000a58                  _OpenSPI1
 .libperi         0x000a60          0x8 c:/program files (x86)/microchip/xc16/v1.31/bin/bin/../../lib/dsPIC33F\libp33FJ256GP710A-elf.a(OpenSPI2.o)
                  0x000a60                  _OpenSPI2
 .libpic30_crt_start_mode
                  0x000a68          0x2 c:/program files (x86)/microchip/xc16/v1.31/bin/bin/../../lib\liblega-pic30-elf.a(crt_start_mode_normal.Leo)
                  0x000a68                  __crt_start_mode
                  0x000a68                  __crt_start_mode_normal
 .libm.subsf3     0x000a6a         0xbc c:/program files (x86)/microchip/xc16/v1.31/bin/bin/../../lib\libm-elf.a(addsf3.eo)
                  0x000a6a                  ___subsf3
                  0x000a6c                  ___addsf3
 .libm.divfs3     0x000b26         0x84 c:/program files (x86)/microchip/xc16/v1.31/bin/bin/../../lib\libm-elf.a(divsf3.eo)
                  0x000b26                  ___divsf3
 .libm.divsi3     0x000baa         0x1e c:/program files (x86)/microchip/xc16/v1.31/bin/bin/../../lib\libm-elf.a(divsi3.eo)
                  0x000baa                  ___divsi3
 .libm.fixsfsi    0x000bc8         0x42 c:/program files (x86)/microchip/xc16/v1.31/bin/bin/../../lib\libm-elf.a(fixsfsi.eo)
                  0x000bc8                  _(float, int, long long, short, float, short, int)
 .libm.fixunssfsi
                  0x000c0a         0x36 c:/program files (x86)/microchip/xc16/v1.31/bin/bin/../../lib\libm-elf.a(fixunssfsi.eo)
                  0x000c0a                  ___fixunssfsi
 .libm.floatsisf
                  0x000c40          0x6 c:/program files (x86)/microchip/xc16/v1.31/bin/bin/../../lib\libm-elf.a(floatsisf.eo)
                  0x000c40                  ___floatsisf
 .libm.floatunsisf
                  0x000c46          0x4 c:/program files (x86)/microchip/xc16/v1.31/bin/bin/../../lib\libm-elf.a(floatunsisf.eo)
                  0x000c46                  ___floatunsisf
 .libm.fpack      0x000c4a         0x4c c:/program files (x86)/microchip/xc16/v1.31/bin/bin/../../lib\libm-elf.a(fpack.eo)
                  0x000c4a                  __fpack
 .libm.funpack    0x000c96         0x2a c:/program files (x86)/microchip/xc16/v1.31/bin/bin/../../lib\libm-elf.a(funpack.eo)
                  0x000c96                  __funpack
 .libm.funpack2
                  0x000cc0         0x10 c:/program files (x86)/microchip/xc16/v1.31/bin/bin/../../lib\libm-elf.a(funpack2.eo)
                  0x000cc0                  __funpack2
 .libm.fPropagateNaN
                  0x000cd0         0x12 c:/program files (x86)/microchip/xc16/v1.31/bin/bin/../../lib\libm-elf.a(futil.eo)
                  0x000cd0                  __fPropagateNaN
 .libm.fbobExit
                  0x000ce2          0x8 c:/program files (x86)/microchip/xc16/v1.31/bin/bin/../../lib\libm-elf.a(futil.eo)
                  0x000ce2                  __fbopExit
 .libm.fbopReturnNaN
                  0x000cea          0x6 c:/program files (x86)/microchip/xc16/v1.31/bin/bin/../../lib\libm-elf.a(futil.eo)
                  0x000cea                  __fbopReturnNaN
 .libm.mulsf3     0x000cf0         0x68 c:/program files (x86)/microchip/xc16/v1.31/bin/bin/../../lib\libm-elf.a(mulsf3.eo)
                  0x000cf0                  ___mulsf3
 .libm.powf       0x000d58        0x1c6 c:/program files (x86)/microchip/xc16/v1.31/bin/bin/../../lib\libm-elf.a(powf.eo)
                  0x000d58                  _powf
 .libm.udivsi3    0x000f1e         0x20 c:/program files (x86)/microchip/xc16/v1.31/bin/bin/../../lib\libm-elf.a(udivsi3.eo)
                  0x000f1e                  ___udivsi3
 .libm.__PplusBdi
                  0x000f3e         0x26 c:/program files (x86)/microchip/xc16/v1.31/bin/bin/../../lib\libm-elf.a(divmoddi3.eo)
 .libm.__PminusBdi
                  0x000f64         0x26 c:/program files (x86)/microchip/xc16/v1.31/bin/bin/../../lib\libm-elf.a(divmoddi3.eo)
 .libm.__udivmoddi3
                  0x000f8a         0xe6 c:/program files (x86)/microchip/xc16/v1.31/bin/bin/../../lib\libm-elf.a(divmoddi3.eo)
                  0x000f8a                  ___udivmoddi3
 .libm.__udivdi3
                  0x001070          0xe c:/program files (x86)/microchip/xc16/v1.31/bin/bin/../../lib\libm-elf.a(divmoddi3.eo)
                  0x001070                  ___udivdi3
 .libm.__umoddi3
                  0x00107e          0x8 c:/program files (x86)/microchip/xc16/v1.31/bin/bin/../../lib\libm-elf.a(divmoddi3.eo)
                  0x00107e                  ___umoddi3
 .libm.__divdi3
                  0x001086         0x60 c:/program files (x86)/microchip/xc16/v1.31/bin/bin/../../lib\libm-elf.a(divmoddi3.eo)
                  0x001086                  ___divdi3
 .libm.__moddi3
                  0x0010e6         0x5c c:/program files (x86)/microchip/xc16/v1.31/bin/bin/../../lib\libm-elf.a(divmoddi3.eo)
                  0x0010e6                  ___moddi3
 .libm.frexpf     0x001142         0x1a c:/program files (x86)/microchip/xc16/v1.31/bin/bin/../../lib\libm-elf.a(_frexpf.eo)
                  0x001142                  __frexpf
 .libm.expf       0x00115c         0xc4 c:/program files (x86)/microchip/xc16/v1.31/bin/bin/../../lib\libm-elf.a(expf.eo)
                  0x00115c                  _expf
 .libm.fchop      0x001220         0x4e c:/program files (x86)/microchip/xc16/v1.31/bin/bin/../../lib\libm-elf.a(fchop.eo)
                  0x001220                  __fchop
 .libm.eqsf2      0x00126e          0x4 c:/program files (x86)/microchip/xc16/v1.31/bin/bin/../../lib\libm-elf.a(feqltle.eo)
                  0x00126e                  ___eqsf2
                  0x00126e                  ___ltsf2
                  0x00126e                  ___lesf2
 .libm.gtsf2      0x001272          0x4 c:/program files (x86)/microchip/xc16/v1.31/bin/bin/../../lib\libm-elf.a(fgtge.eo)
                  0x001272                  ___gesf2
                  0x001272                  ___gtsf2
 .libm.floatdisf
                  0x001276         0x20 c:/program files (x86)/microchip/xc16/v1.31/bin/bin/../../lib\libm-elf.a(floatdisf.eo)
                  0x001276                  ___floatdisf
 .libm.floatundisf
                  0x001296         0x5e c:/program files (x86)/microchip/xc16/v1.31/bin/bin/../../lib\libm-elf.a(floatundisf.eo)
                  0x001296                  ___floatundisf
 .libm.ldexpf     0x0012f4         0x44 c:/program files (x86)/microchip/xc16/v1.31/bin/bin/../../lib\libm-elf.a(ldexpf.eo)
                  0x0012f4                  _ldexpf
 .libm.logf       0x001338         0xae c:/program files (x86)/microchip/xc16/v1.31/bin/bin/../../lib\libm-elf.a(logf.eo)
                  0x001338                  _logf
 .libm.fcompare
                  0x0013e6         0x36 c:/program files (x86)/microchip/xc16/v1.31/bin/bin/../../lib\libm-elf.a(fcompare.eo)
                  0x0013e6                  __fcompare
 .libc.calloc     0x00141c         0x26 c:/program files (x86)/microchip/xc16/v1.31/bin/bin/../../lib\liblega-c-elf.a(calloc.XX_eo)
                  0x00141c                  _calloc
 .libc.findmem    0x001442         0x66 c:/program files (x86)/microchip/xc16/v1.31/bin/bin/../../lib\liblega-c-elf.a(malloc.XX_eo)
 .libc.malloc     0x0014a8         0x54 c:/program files (x86)/microchip/xc16/v1.31/bin/bin/../../lib\liblega-c-elf.a(malloc.XX_eo)
                  0x0014a8                  _malloc
 .libc.memset     0x0014fc          0xe c:/program files (x86)/microchip/xc16/v1.31/bin/bin/../../lib\liblega-c-elf.a(memset.XX_eo)
                  0x0014fc                  _memset
 .libc.strlen     0x00150a          0xc c:/program files (x86)/microchip/xc16/v1.31/bin/bin/../../lib\liblega-c-elf.a(strlen.XX_eo)
                  0x00150a                  _strlen
 .libc._Getmem    0x001516         0x14 c:/program files (x86)/microchip/xc16/v1.31/bin/bin/../../lib\liblega-c-elf.a(xgetmem.XX_eo)
                  0x001516                  __Getmem
 .libc.prout      0x00152a         0x22 c:/program files (x86)/microchip/xc16/v1.31/bin/bin/../../lib\liblega-c-elf.a(vsnprint.XX_eo)
                  0x00152a                  vsnprint.XX_eo:_prout
 .libc.vsnprintf
                  0x00154c         0x20 c:/program files (x86)/microchip/xc16/v1.31/bin/bin/../../lib\liblega-c-elf.a(vsnprint.XX_eo)
                  0x00154c                  _vsnprintf
 .libc._Printf    0x00156c        0x164 c:/program files (x86)/microchip/xc16/v1.31/bin/bin/../../lib\liblega-c-elf.a(xprintf.XX_eo)
                  0x00156c                  __Printf
 .libc._Putfld    0x0016d0        0x2ca c:/program files (x86)/microchip/xc16/v1.31/bin/bin/../../lib\liblega-c-elf.a(xputfld.XX_eo)
                  0x0016d0                  __Putfld
 .libc.strchr     0x00199a         0x1e c:/program files (x86)/microchip/xc16/v1.31/bin/bin/../../lib\liblega-c-elf.a(strchr.XX_elo)
                  0x00199a                  _strchr
 .libc._Vacopy    0x0019b8          0x4 c:/program files (x86)/microchip/xc16/v1.31/bin/bin/../../lib\liblega-c-elf.a(xvacopy.XX_elo)
                  0x0019b8                  __Vacopy
 .libc.prout      0x0019bc         0x1c c:/program files (x86)/microchip/xc16/v1.31/bin/bin/../../lib\liblega-c-elf.a(printf_cdnopuxX.XXeo)
                  0x0019bc                  printf_cdnopuxX.XXeo:_prout
 .libc._printf_cdnopuxX
                  0x0019d8         0x10 c:/program files (x86)/microchip/xc16/v1.31/bin/bin/../../lib\liblega-c-elf.a(printf_cdnopuxX.XXeo)
                  0x0019d8                  __printf_cdnopuxX
 .libc.__Printf_cdnopuxX
                  0x0019e8        0x164 c:/program files (x86)/microchip/xc16/v1.31/bin/bin/../../lib\liblega-c-elf.a(xprintf_cdnopuxX.XXeo)
                  0x0019e8                  ___Printf_cdnopuxX
 .libc.__Putfld_cdnopuxX
                  0x001b4c        0x210 c:/program files (x86)/microchip/xc16/v1.31/bin/bin/../../lib\liblega-c-elf.a(xputfld_cdnopuxX.XXeo)
                  0x001b4c                  ___Putfld_cdnopuxX
 .libc.free       0x001d5c         0x64 c:/program files (x86)/microchip/xc16/v1.31/bin/bin/../../lib\liblega-c-elf.a(free.XX_eo)
                  0x001d5c                  _free
 .libc.fwrite     0x001dc0         0xa8 c:/program files (x86)/microchip/xc16/v1.31/bin/bin/../../lib\liblega-c-elf.a(fwrite.XX_eo)
                  0x001dc0                  _fwrite
 .libc.memchr     0x001e68         0x14 c:/program files (x86)/microchip/xc16/v1.31/bin/bin/../../lib\liblega-c-elf.a(memchr.XX_eo)
                  0x001e68                  _memchr
 .libc.memcpy     0x001e7c          0xe c:/program files (x86)/microchip/xc16/v1.31/bin/bin/../../lib\liblega-c-elf.a(memcpy.XX_eo)
                  0x001e7c                  _memcpy
 .libc._Fwprep    0x001e8a         0x8e c:/program files (x86)/microchip/xc16/v1.31/bin/bin/../../lib\liblega-c-elf.a(xfwprep.XX_eo)
                  0x001e8a                  __Fwprep
 .libc._Ldtob     0x001f18        0x3f2 c:/program files (x86)/microchip/xc16/v1.31/bin/bin/../../lib\liblega-c-elf.a(xldtob.XX_eo)
                  0x001f18                  __Ldtob
 .libc._LDunscale
                  0x00230a         0x54 c:/program files (x86)/microchip/xc16/v1.31/bin/bin/../../lib\liblega-c-elf.a(xldunsca.XX_eo)
                  0x00230a                  __LDunscale
 .libc._Litob     0x00235e        0x25e c:/program files (x86)/microchip/xc16/v1.31/bin/bin/../../lib\liblega-c-elf.a(xlitob.XX_eo)
                  0x00235e                  __Litob
 .libc._Puttxt    0x0025bc        0x178 c:/program files (x86)/microchip/xc16/v1.31/bin/bin/../../lib\liblega-c-elf.a(xputtxt.XX_eo)
                  0x0025bc                  __Puttxt
 .libc.closeallreg
                  0x002734          0x4 c:/program files (x86)/microchip/xc16/v1.31/bin/bin/../../lib\liblega-c-elf.a(fclose.XX_elo)
 .libc._Closreg
                  0x002738         0x12 c:/program files (x86)/microchip/xc16/v1.31/bin/bin/../../lib\liblega-c-elf.a(fclose.XX_elo)
                  0x002738                  __Closreg
 .libc.fclose     0x00274a         0x90 c:/program files (x86)/microchip/xc16/v1.31/bin/bin/../../lib\liblega-c-elf.a(fclose.XX_elo)
                  0x00274a                  _fclose
 .libc.closeall
                  0x0027da         0x20 c:/program files (x86)/microchip/xc16/v1.31/bin/bin/../../lib\liblega-c-elf.a(fclose.XX_elo)
                  0x0027da                  fclose.XX_elo:_closeall
 .libc._DNKfflush
                  0x0027fa         0x74 c:/program files (x86)/microchip/xc16/v1.31/bin/bin/../../lib\liblega-c-elf.a(fflush.XX_elo)
                  0x0027fa                  __DNKfflush
 .libc.ldiv       0x00286e         0x2a c:/program files (x86)/microchip/xc16/v1.31/bin/bin/../../lib\liblega-c-elf.a(ldiv.XX_elo)
                  0x00286e                  _ldiv
 .libc._Atexit    0x002898         0x18 c:/program files (x86)/microchip/xc16/v1.31/bin/bin/../../lib\liblega-c-elf.a(xatexit.XX_elo)
                  0x002898                  __Atexit
 .libc._Dnorm     0x0028b0         0x98 c:/program files (x86)/microchip/xc16/v1.31/bin/bin/../../lib\liblega-c-elf.a(xdnorm.XX_elo)
                  0x0028b0                  __Dnorm
 .libc._LDscale
                  0x002948         0xf6 c:/program files (x86)/microchip/xc16/v1.31/bin/bin/../../lib\liblega-c-elf.a(xldscale.XX_elo)
                  0x002948                  __LDscale
 .libc._Genld     0x002a3e        0x264 c:/program files (x86)/microchip/xc16/v1.31/bin/bin/../../lib\liblega-c-elf.a(xgenld.XX_eo)
                  0x002a3e                  __Genld
 .libc.div        0x002ca2         0x16 c:/program files (x86)/microchip/xc16/v1.31/bin/bin/../../lib\liblega-c-elf.a(div.XX_elo)
                  0x002ca2                  _div
 .libc.doclose    0x002cb8          0x4 c:/program files (x86)/microchip/xc16/v1.31/bin/bin/../../lib\liblega-pic30-elf.a(close.Leo)
 .libc.doremove
                  0x002cbc          0x4 c:/program files (x86)/microchip/xc16/v1.31/bin/bin/../../lib\liblega-pic30-elf.a(remove.Leo)
 .libm.eqdf2      0x002cc0          0xa c:/program files (x86)/microchip/xc16/v1.31/bin/bin/../../lib\libm-elf.a(deqltle.eo)
                  0x002cc0                  ___eqdf2
                  0x002cc0                  ___ltdf2
                  0x002cc0                  ___ledf2
 .libm.gtdf2      0x002cca          0xa c:/program files (x86)/microchip/xc16/v1.31/bin/bin/../../lib\libm-elf.a(dgtge.eo)
                  0x002cca                  ___gtdf2
                  0x002cca                  ___gedf2
 .libm.divdf3     0x002cd4         0xb4 c:/program files (x86)/microchip/xc16/v1.31/bin/bin/../../lib\libm-elf.a(divdf3.eo)
                  0x002cd4                  ___divdf3
 .libm.dpack      0x002d88         0x58 c:/program files (x86)/microchip/xc16/v1.31/bin/bin/../../lib\libm-elf.a(dpack.eo)
                  0x002d88                  __dpack
 .libm.dunpack2
                  0x002de0         0x32 c:/program files (x86)/microchip/xc16/v1.31/bin/bin/../../lib\libm-elf.a(dunpack2.eo)
                  0x002de0                  __dunpack2
                  0x002e02                  __dreturnNaN
                  0x002e08                  __dunpack2exit
 .libm.extendsfdf2
                  0x002e12         0x3e c:/program files (x86)/microchip/xc16/v1.31/bin/bin/../../lib\libm-elf.a(extendsfdf.eo)
                  0x002e12                  ___extendsfdf2
 .libm.fixdfsi    0x002e50         0x58 c:/program files (x86)/microchip/xc16/v1.31/bin/bin/../../lib\libm-elf.a(fixdfsi.eo)
                  0x002e50                  _(float, int, long long, double, float, short, int)
 .libm.floatsidf
                  0x002ea8          0x6 c:/program files (x86)/microchip/xc16/v1.31/bin/bin/../../lib\libm-elf.a(floatsidf.eo)
                  0x002ea8                  ___floatsidf
 .libm.muldf3     0x002eae         0xea c:/program files (x86)/microchip/xc16/v1.31/bin/bin/../../lib\libm-elf.a(muldf3.eo)
                  0x002eae                  ___muldf3
 .libm.subdf3     0x002f98          0x4 c:/program files (x86)/microchip/xc16/v1.31/bin/bin/../../lib\libm-elf.a(subdf3.eo)
                  0x002f98                  ___subdf3
 .libm.umodsi3    0x002f9c          0x6 c:/program files (x86)/microchip/xc16/v1.31/bin/bin/../../lib\libm-elf.a(umodsi3.eo)
                  0x002f9c                  ___umodsi3
 .libm.mulsi3     0x002fa2          0xc c:/program files (x86)/microchip/xc16/v1.31/bin/bin/../../lib\libm-elf.a(mulsi3.eo)
                  0x002fa2                  ___mulp32peds3
                  0x002fa2                  ___mulsi3
                  0x002fa2                  ___mulp32eds3
 .libm.adddf3     0x002fae         0xfa c:/program files (x86)/microchip/xc16/v1.31/bin/bin/../../lib\libm-elf.a(adddf3.eo)
                  0x002fae                  ___adddf3
 .libm.dcompare
                  0x0030a8         0x52 c:/program files (x86)/microchip/xc16/v1.31/bin/bin/../../lib\libm-elf.a(dcompare.eo)
                  0x0030a8                  __dcompare
 .libm.dPropagateNaN
                  0x0030fa         0x1c c:/program files (x86)/microchip/xc16/v1.31/bin/bin/../../lib\libm-elf.a(dpropagateNaN.eo)
                  0x0030fa                  __dPropagateNaN
 .libm.dtype      0x003116         0x24 c:/program files (x86)/microchip/xc16/v1.31/bin/bin/../../lib\libm-elf.a(dtype.eo)
                  0x003116                  __dtype
 .libm.dunpack    0x00313a         0x4e c:/program files (x86)/microchip/xc16/v1.31/bin/bin/../../lib\libm-elf.a(dunpack.eo)
                  0x00313a                  __dunpack
 .libm.floatdidf
                  0x003188         0x20 c:/program files (x86)/microchip/xc16/v1.31/bin/bin/../../lib\libm-elf.a(floatdidf.eo)
                  0x003188                  ___floatdidf
 .libm.floatundidf
                  0x0031a8         0x56 c:/program files (x86)/microchip/xc16/v1.31/bin/bin/../../lib\libm-elf.a(floatundidf.eo)
                  0x0031a8                  ___floatundidf

usercode
 *(usercode)

__FBS
 *(__FBS.sec*)

__FSS
 *(__FSS.sec*)

__FGS             0xf80004          0x2
 *(__FGS.sec*)
 __FGS.sec        0xf80004          0x2 FGS
                  0xf80004                  __FGS.sec

__FOSCSEL         0xf80006          0x2
 *(__FOSCSEL.sec*)
 __FOSCSEL.sec    0xf80006          0x2 build/default/production/_ext/1077454706/mcu.o

__FOSC            0xf80008          0x2
 *(__FOSC.sec*)
 __FOSC.sec       0xf80008          0x2 build/default/production/_ext/1077454706/mcu.o

__FWDT            0xf8000a          0x2
 *(__FWDT.sec*)
 __FWDT.sec       0xf8000a          0x2 build/default/production/_ext/1077454706/mcu.o

__FPOR            0xf8000c          0x2
 *(__FPOR.sec*)
 __FPOR.sec       0xf8000c          0x2 build/default/production/_ext/1077454706/mcu.o

__FICD            0xf8000e          0x2
 *(__FICD.sec*)
 __FICD.sec       0xf8000e          0x2 build/default/production/_ext/1077454706/mcu.o

__FUID0
 *(__FUID0.sec*)

__FUID1
 *(__FUID1.sec*)

__FUID2
 *(__FUID2.sec*)

__FUID3
 *(__FUID3.sec*)

.comment          0x000000         0x5e
 *(.comment)
 .comment         0x000000         0x5e c:/program files (x86)/microchip/xc16/v1.31/bin/bin/../../lib\liblega-c-elf.a(xfiles.XX_eo)

.debug_info       0x000000      0x22601
 *(.debug_info)
 .debug_info      0x000000        0x501 build/default/production/_ext/1077471063/estWind.o
 .debug_info      0x000501        0x47e build/default/production/_ext/1077471063/estYawDrift.o
 .debug_info      0x00097f        0xbbb build/default/production/_ext/1077471063/gpsParseCommon.o
 .debug_info      0x00153a        0x8c6 build/default/production/_ext/1077471063/gpsParseSTD.o
 .debug_info      0x001e00        0x16a build/default/production/_ext/1077471063/gpsParseUBX.o
 .debug_info      0x001f6a        0xd10 build/default/production/_ext/1077471063/mathlibNAV.o
 .debug_info      0x002c7a       0x11be build/default/production/_ext/1077471063/rmat.o
 .debug_info      0x003e38        0x6d5 build/default/production/_ext/1077471063/libDCM.o
 .debug_info      0x00450d        0x850 build/default/production/_ext/1077471063/deadReckoning.o
 .debug_info      0x004d5d        0x16b build/default/production/_ext/1077471063/gpsParseMTEK.o
 .debug_info      0x004ec8        0x3e4 build/default/production/_ext/1077471063/estAltitude.o
 .debug_info      0x0052ac       0x1aa7 build/default/production/_ext/1077454706/background.o
 .debug_info      0x006d53        0x773 build/default/production/_ext/1077454706/libUDB.o
 .debug_info      0x0074c6       0x1cb2 build/default/production/_ext/1077454706/servoOut.o
 .debug_info      0x009178        0x159 build/default/production/_ext/1077454706/osd.o
 .debug_info      0x0092d1        0x15d build/default/production/_ext/1077454706/24LC256.o
 .debug_info      0x00942e        0xdbb build/default/production/_ext/1077454706/events.o
 .debug_info      0x00a1e9        0xe52 build/default/production/_ext/1077454706/mpu6000.o
 .debug_info      0x00b03b       0x15ad build/default/production/_ext/1077454706/spiUtils.o
 .debug_info      0x00c5e8       0x1ad4 build/default/production/_ext/1077454706/analog2digital_udb5.o
 .debug_info      0x00e0bc         0xb1 build/default/production/_ext/1077454706/traps_asm.o
 .debug_info      0x00e16d        0x169 build/default/production/_ext/1077454706/analog2digital_udb4.o
 .debug_info      0x00e2d6        0x96e build/default/production/_ext/1077454706/mcu.o
 .debug_info      0x00ec44        0x6b0 build/default/production/_ext/1077454706/eeprom_udb4.o
 .debug_info      0x00f2f4        0x48b build/default/production/_ext/1077454706/traps.o
 .debug_info      0x00f77f        0x8ca build/default/production/_ext/1077454706/barometer.o
 .debug_info      0x010049        0x15a build/default/production/_ext/1077454706/I2C1.o
 .debug_info      0x0101a3       0x1139 build/default/production/_ext/1077454706/I2C2.o
 .debug_info      0x0112dc        0x62a build/default/production/_ext/1077454706/magnetometer.o
 .debug_info      0x011906       0x2850 build/default/production/_ext/1077454706/radioIn.o
 .debug_info      0x014156       0x1861 build/default/production/_ext/1077454706/serialIO.o
 .debug_info      0x0159b7        0x919 build/default/production/_ext/1077454706/read.o
 .debug_info      0x0162d0        0x163 build/default/production/_ext/1077454706/uart.o
 .debug_info      0x016433        0x8fe build/default/production/_ext/1077454706/write.o
 .debug_info      0x016d31         0xb5 build/default/production/_ext/679848855/madd.o
 .debug_info      0x016de6         0xb5 build/default/production/_ext/679848855/mmul.o
 .debug_info      0x016e9b         0xb5 build/default/production/_ext/679848855/mscl.o
 .debug_info      0x016f50         0xb5 build/default/production/_ext/679848855/msub.o
 .debug_info      0x017005         0xb5 build/default/production/_ext/679848855/mtrp.o
 .debug_info      0x0170ba         0xb5 build/default/production/_ext/679848855/vadd.o
 .debug_info      0x01716f         0xb5 build/default/production/_ext/679848855/vcon.o
 .debug_info      0x017224         0xb6 build/default/production/_ext/679848855/vcopy.o
 .debug_info      0x0172da         0xb5 build/default/production/_ext/679848855/vcor.o
 .debug_info      0x01738f         0xb5 build/default/production/_ext/679848855/vdot.o
 .debug_info      0x017444         0xb5 build/default/production/_ext/679848855/vmax.o
 .debug_info      0x0174f9         0xb5 build/default/production/_ext/679848855/vmin.o
 .debug_info      0x0175ae         0xb5 build/default/production/_ext/679848855/vmul.o
 .debug_info      0x017663         0xb5 build/default/production/_ext/679848855/vneg.o
 .debug_info      0x017718         0xb5 build/default/production/_ext/679848855/vpow.o
 .debug_info      0x0177cd         0xb5 build/default/production/_ext/679848855/vscl.o
 .debug_info      0x017882         0xb5 build/default/production/_ext/679848855/vsub.o
 .debug_info      0x017937         0xb6 build/default/production/_ext/679848855/vzpad.o
 .debug_info      0x0179ed        0x161 build/default/production/_ext/1472/config_tests.o
 .debug_info      0x017b4e        0x7e8 build/default/production/_ext/1472/behavior.o
 .debug_info      0x018336        0x4f6 build/default/production/_ext/1472/cameraCntrl.o
 .debug_info      0x01882c        0x1b4 build/default/production/_ext/1472/main.o
 .debug_info      0x0189e0        0xdd5 build/default/production/_ext/1472/navigate.o
 .debug_info      0x0197b5        0xaf5 build/default/production/_ext/1472/pitchCntrl.o
 .debug_info      0x01a2aa        0x969 build/default/production/_ext/1472/rollCntrl.o
 .debug_info      0x01ac13        0x75d build/default/production/_ext/1472/servoMix.o
 .debug_info      0x01b370        0xa30 build/default/production/_ext/1472/states.o
 .debug_info      0x01bda0        0x849 build/default/production/_ext/1472/yawCntrl.o
 .debug_info      0x01c5e9        0xf43 build/default/production/_ext/1472/telemetry.o
 .debug_info      0x01d52c        0x582 build/default/production/_ext/1472/servoPrepare.o
 .debug_info      0x01daae        0x980 build/default/production/_ext/1472/flightplan-waypoints.o
 .debug_info      0x01e42e        0x164 build/default/production/_ext/1472/flightplan-logo.o
 .debug_info      0x01e592        0x15b build/default/production/_ext/1472/mp_osd.o
 .debug_info      0x01e6ed       0x17c4 build/default/production/_ext/1472/altitudeCntrl.o
 .debug_info      0x01feb1        0x15c build/default/production/_ext/1472/MAVLink.o
 .debug_info      0x02000d        0x586 build/default/production/_ext/1472/mode_switch.o
 .debug_info      0x020593        0x159 build/default/production/_ext/1472/data_services.o
 .debug_info      0x0206ec        0x158 build/default/production/_ext/1472/data_storage.o
 .debug_info      0x020844        0x164 build/default/production/_ext/1472/nv_memory_table.o
 .debug_info      0x0209a8        0x164 build/default/production/_ext/1472/parameter_table.o
 .debug_info      0x020b0c        0x162 build/default/production/_ext/1472/airspeedCntrl.o
 .debug_info      0x020c6e        0x16a build/default/production/_ext/1472/altitudeCntrlVariable.o
 .debug_info      0x020dd8        0x249 build/default/production/_ext/1472/euler_angles.o
 .debug_info      0x021021        0x153 build/default/production/_ext/1472/console.o
 .debug_info      0x021174        0x5ac build/default/production/_ext/1472/sonarCntrl.o
 .debug_info      0x021720        0xee1 build/default/production/_ext/1472/motorCntrl.o
 *(.gnu.linkonce.wi.*)

.debug_abbrev     0x000000       0x3cf6
 *(.debug_abbrev)
 .debug_abbrev    0x000000         0xe7 build/default/production/_ext/1077471063/estWind.o
 .debug_abbrev    0x0000e7         0xcf build/default/production/_ext/1077471063/estYawDrift.o
 .debug_abbrev    0x0001b6        0x142 build/default/production/_ext/1077471063/gpsParseCommon.o
 .debug_abbrev    0x0002f8        0x17b build/default/production/_ext/1077471063/gpsParseSTD.o
 .debug_abbrev    0x000473         0x1f build/default/production/_ext/1077471063/gpsParseUBX.o
 .debug_abbrev    0x000492        0x1a4 build/default/production/_ext/1077471063/mathlibNAV.o
 .debug_abbrev    0x000636        0x23d build/default/production/_ext/1077471063/rmat.o
 .debug_abbrev    0x000873        0x120 build/default/production/_ext/1077471063/libDCM.o
 .debug_abbrev    0x000993         0xeb build/default/production/_ext/1077471063/deadReckoning.o
 .debug_abbrev    0x000a7e         0x1f build/default/production/_ext/1077471063/gpsParseMTEK.o
 .debug_abbrev    0x000a9d         0x96 build/default/production/_ext/1077471063/estAltitude.o
 .debug_abbrev    0x000b33        0x14f build/default/production/_ext/1077454706/background.o
 .debug_abbrev    0x000c82        0x1ac build/default/production/_ext/1077454706/libUDB.o
 .debug_abbrev    0x000e2e        0x158 build/default/production/_ext/1077454706/servoOut.o
 .debug_abbrev    0x000f86         0x1f build/default/production/_ext/1077454706/osd.o
 .debug_abbrev    0x000fa5         0x1f build/default/production/_ext/1077454706/24LC256.o
 .debug_abbrev    0x000fc4        0x1b6 build/default/production/_ext/1077454706/events.o
 .debug_abbrev    0x00117a        0x128 build/default/production/_ext/1077454706/mpu6000.o
 .debug_abbrev    0x0012a2        0x1e1 build/default/production/_ext/1077454706/spiUtils.o
 .debug_abbrev    0x001483        0x199 build/default/production/_ext/1077454706/analog2digital_udb5.o
 .debug_abbrev    0x00161c         0x14 build/default/production/_ext/1077454706/traps_asm.o
 .debug_abbrev    0x001630         0x1f build/default/production/_ext/1077454706/analog2digital_udb4.o
 .debug_abbrev    0x00164f        0x131 build/default/production/_ext/1077454706/mcu.o
 .debug_abbrev    0x001780        0x112 build/default/production/_ext/1077454706/eeprom_udb4.o
 .debug_abbrev    0x001892         0xd2 build/default/production/_ext/1077454706/traps.o
 .debug_abbrev    0x001964        0x1f4 build/default/production/_ext/1077454706/barometer.o
 .debug_abbrev    0x001b58         0x1f build/default/production/_ext/1077454706/I2C1.o
 .debug_abbrev    0x001b77        0x1e9 build/default/production/_ext/1077454706/I2C2.o
 .debug_abbrev    0x001d60        0x177 build/default/production/_ext/1077454706/magnetometer.o
 .debug_abbrev    0x001ed7        0x1c5 build/default/production/_ext/1077454706/radioIn.o
 .debug_abbrev    0x00209c        0x153 build/default/production/_ext/1077454706/serialIO.o
 .debug_abbrev    0x0021ef        0x119 build/default/production/_ext/1077454706/read.o
 .debug_abbrev    0x002308         0x1f build/default/production/_ext/1077454706/uart.o
 .debug_abbrev    0x002327        0x110 build/default/production/_ext/1077454706/write.o
 .debug_abbrev    0x002437         0x14 build/default/production/_ext/679848855/madd.o
 .debug_abbrev    0x00244b         0x14 build/default/production/_ext/679848855/mmul.o
 .debug_abbrev    0x00245f         0x14 build/default/production/_ext/679848855/mscl.o
 .debug_abbrev    0x002473         0x14 build/default/production/_ext/679848855/msub.o
 .debug_abbrev    0x002487         0x14 build/default/production/_ext/679848855/mtrp.o
 .debug_abbrev    0x00249b         0x14 build/default/production/_ext/679848855/vadd.o
 .debug_abbrev    0x0024af         0x14 build/default/production/_ext/679848855/vcon.o
 .debug_abbrev    0x0024c3         0x14 build/default/production/_ext/679848855/vcopy.o
 .debug_abbrev    0x0024d7         0x14 build/default/production/_ext/679848855/vcor.o
 .debug_abbrev    0x0024eb         0x14 build/default/production/_ext/679848855/vdot.o
 .debug_abbrev    0x0024ff         0x14 build/default/production/_ext/679848855/vmax.o
 .debug_abbrev    0x002513         0x14 build/default/production/_ext/679848855/vmin.o
 .debug_abbrev    0x002527         0x14 build/default/production/_ext/679848855/vmul.o
 .debug_abbrev    0x00253b         0x14 build/default/production/_ext/679848855/vneg.o
 .debug_abbrev    0x00254f         0x14 build/default/production/_ext/679848855/vpow.o
 .debug_abbrev    0x002563         0x14 build/default/production/_ext/679848855/vscl.o
 .debug_abbrev    0x002577         0x14 build/default/production/_ext/679848855/vsub.o
 .debug_abbrev    0x00258b         0x14 build/default/production/_ext/679848855/vzpad.o
 .debug_abbrev    0x00259f         0x1f build/default/production/_ext/1472/config_tests.o
 .debug_abbrev    0x0025be        0x168 build/default/production/_ext/1472/behavior.o
 .debug_abbrev    0x002726        0x103 build/default/production/_ext/1472/cameraCntrl.o
 .debug_abbrev    0x002829         0x5f build/default/production/_ext/1472/main.o
 .debug_abbrev    0x002888        0x1ec build/default/production/_ext/1472/navigate.o
 .debug_abbrev    0x002a74        0x184 build/default/production/_ext/1472/pitchCntrl.o
 .debug_abbrev    0x002bf8        0x15a build/default/production/_ext/1472/rollCntrl.o
 .debug_abbrev    0x002d52        0x124 build/default/production/_ext/1472/servoMix.o
 .debug_abbrev    0x002e76        0x166 build/default/production/_ext/1472/states.o
 .debug_abbrev    0x002fdc        0x173 build/default/production/_ext/1472/yawCntrl.o
 .debug_abbrev    0x00314f        0x1e3 build/default/production/_ext/1472/telemetry.o
 .debug_abbrev    0x003332         0xe8 build/default/production/_ext/1472/servoPrepare.o
 .debug_abbrev    0x00341a        0x1a9 build/default/production/_ext/1472/flightplan-waypoints.o
 .debug_abbrev    0x0035c3         0x1f build/default/production/_ext/1472/flightplan-logo.o
 .debug_abbrev    0x0035e2         0x1f build/default/production/_ext/1472/mp_osd.o
 .debug_abbrev    0x003601        0x232 build/default/production/_ext/1472/altitudeCntrl.o
 .debug_abbrev    0x003833         0x1f build/default/production/_ext/1472/MAVLink.o
 .debug_abbrev    0x003852         0xd7 build/default/production/_ext/1472/mode_switch.o
 .debug_abbrev    0x003929         0x1f build/default/production/_ext/1472/data_services.o
 .debug_abbrev    0x003948         0x1f build/default/production/_ext/1472/data_storage.o
 .debug_abbrev    0x003967         0x1f build/default/production/_ext/1472/nv_memory_table.o
 .debug_abbrev    0x003986         0x1f build/default/production/_ext/1472/parameter_table.o
 .debug_abbrev    0x0039a5         0x1f build/default/production/_ext/1472/airspeedCntrl.o
 .debug_abbrev    0x0039c4         0x1f build/default/production/_ext/1472/altitudeCntrlVariable.o
 .debug_abbrev    0x0039e3         0x8f build/default/production/_ext/1472/euler_angles.o
 .debug_abbrev    0x003a72         0x1f build/default/production/_ext/1472/console.o
 .debug_abbrev    0x003a91        0x148 build/default/production/_ext/1472/sonarCntrl.o
 .debug_abbrev    0x003bd9        0x11d build/default/production/_ext/1472/motorCntrl.o

.debug_line       0x000000       0x4aff
 *(.debug_line)
 .debug_line      0x000000        0x196 build/default/production/_ext/1077471063/estWind.o
 .debug_line      0x000196        0x160 build/default/production/_ext/1077471063/estYawDrift.o
 .debug_line      0x0002f6        0x1b1 build/default/production/_ext/1077471063/gpsParseCommon.o
 .debug_line      0x0004a7        0x142 build/default/production/_ext/1077471063/gpsParseSTD.o
 .debug_line      0x0005e9         0x1a build/default/production/_ext/1077471063/gpsParseUBX.o
 .debug_line      0x000603        0x213 build/default/production/_ext/1077471063/mathlibNAV.o
 .debug_line      0x000816        0x2f1 build/default/production/_ext/1077471063/rmat.o
 .debug_line      0x000b07        0x13c build/default/production/_ext/1077471063/libDCM.o
 .debug_line      0x000c43        0x1c5 build/default/production/_ext/1077471063/deadReckoning.o
 .debug_line      0x000e08         0x1a build/default/production/_ext/1077471063/gpsParseMTEK.o
 .debug_line      0x000e22         0x64 build/default/production/_ext/1077471063/estAltitude.o
 .debug_line      0x000e86        0x1a8 build/default/production/_ext/1077454706/background.o
 .debug_line      0x00102e        0x14a build/default/production/_ext/1077454706/libUDB.o
 .debug_line      0x001178        0x187 build/default/production/_ext/1077454706/servoOut.o
 .debug_line      0x0012ff         0x1a build/default/production/_ext/1077454706/osd.o
 .debug_line      0x001319         0x1a build/default/production/_ext/1077454706/24LC256.o
 .debug_line      0x001333        0x176 build/default/production/_ext/1077454706/events.o
 .debug_line      0x0014a9        0x16e build/default/production/_ext/1077454706/mpu6000.o
 .debug_line      0x001617        0x195 build/default/production/_ext/1077454706/spiUtils.o
 .debug_line      0x0017ac        0x184 build/default/production/_ext/1077454706/analog2digital_udb5.o
 .debug_line      0x001930         0x5b build/default/production/_ext/1077454706/traps_asm.o
 .debug_line      0x00198b         0x1a build/default/production/_ext/1077454706/analog2digital_udb4.o
 .debug_line      0x0019a5        0x13f build/default/production/_ext/1077454706/mcu.o
 .debug_line      0x001ae4        0x17d build/default/production/_ext/1077454706/eeprom_udb4.o
 .debug_line      0x001c61        0x112 build/default/production/_ext/1077454706/traps.o
 .debug_line      0x001d73        0x1d7 build/default/production/_ext/1077454706/barometer.o
 .debug_line      0x001f4a         0x1a build/default/production/_ext/1077454706/I2C1.o
 .debug_line      0x001f64        0x1e6 build/default/production/_ext/1077454706/I2C2.o
 .debug_line      0x00214a        0x1c3 build/default/production/_ext/1077454706/magnetometer.o
 .debug_line      0x00230d        0x197 build/default/production/_ext/1077454706/radioIn.o
 .debug_line      0x0024a4        0x196 build/default/production/_ext/1077454706/serialIO.o
 .debug_line      0x00263a         0xc4 build/default/production/_ext/1077454706/read.o
 .debug_line      0x0026fe         0x1a build/default/production/_ext/1077454706/uart.o
 .debug_line      0x002718         0xbe build/default/production/_ext/1077454706/write.o
 .debug_line      0x0027d6         0x69 build/default/production/_ext/679848855/madd.o
 .debug_line      0x00283f         0x83 build/default/production/_ext/679848855/mmul.o
 .debug_line      0x0028c2         0x69 build/default/production/_ext/679848855/mscl.o
 .debug_line      0x00292b         0x6e build/default/production/_ext/679848855/msub.o
 .debug_line      0x002999         0x6b build/default/production/_ext/679848855/mtrp.o
 .debug_line      0x002a04         0x68 build/default/production/_ext/679848855/vadd.o
 .debug_line      0x002a6c         0xc0 build/default/production/_ext/679848855/vcon.o
 .debug_line      0x002b2c         0x52 build/default/production/_ext/679848855/vcopy.o
 .debug_line      0x002b7e         0x61 build/default/production/_ext/679848855/vcor.o
 .debug_line      0x002bdf         0x68 build/default/production/_ext/679848855/vdot.o
 .debug_line      0x002c47         0x56 build/default/production/_ext/679848855/vmax.o
 .debug_line      0x002c9d         0x56 build/default/production/_ext/679848855/vmin.o
 .debug_line      0x002cf3         0x69 build/default/production/_ext/679848855/vmul.o
 .debug_line      0x002d5c         0x6b build/default/production/_ext/679848855/vneg.o
 .debug_line      0x002dc7         0x67 build/default/production/_ext/679848855/vpow.o
 .debug_line      0x002e2e         0x69 build/default/production/_ext/679848855/vscl.o
 .debug_line      0x002e97         0x6d build/default/production/_ext/679848855/vsub.o
 .debug_line      0x002f04         0x58 build/default/production/_ext/679848855/vzpad.o
 .debug_line      0x002f5c         0x1a build/default/production/_ext/1472/config_tests.o
 .debug_line      0x002f76        0x186 build/default/production/_ext/1472/behavior.o
 .debug_line      0x0030fc        0x118 build/default/production/_ext/1472/cameraCntrl.o
 .debug_line      0x003214         0x45 build/default/production/_ext/1472/main.o
 .debug_line      0x003259        0x220 build/default/production/_ext/1472/navigate.o
 .debug_line      0x003479        0x1a6 build/default/production/_ext/1472/pitchCntrl.o
 .debug_line      0x00361f        0x199 build/default/production/_ext/1472/rollCntrl.o
 .debug_line      0x0037b8        0x121 build/default/production/_ext/1472/servoMix.o
 .debug_line      0x0038d9        0x219 build/default/production/_ext/1472/states.o
 .debug_line      0x003af2        0x17e build/default/production/_ext/1472/yawCntrl.o
 .debug_line      0x003c70        0x263 build/default/production/_ext/1472/telemetry.o
 .debug_line      0x003ed3        0x142 build/default/production/_ext/1472/servoPrepare.o
 .debug_line      0x004015        0x17d build/default/production/_ext/1472/flightplan-waypoints.o
 .debug_line      0x004192         0x1a build/default/production/_ext/1472/flightplan-logo.o
 .debug_line      0x0041ac         0x1a build/default/production/_ext/1472/mp_osd.o
 .debug_line      0x0041c6        0x2ce build/default/production/_ext/1472/altitudeCntrl.o
 .debug_line      0x004494         0x1a build/default/production/_ext/1472/MAVLink.o
 .debug_line      0x0044ae        0x10b build/default/production/_ext/1472/mode_switch.o
 .debug_line      0x0045b9         0x1a build/default/production/_ext/1472/data_services.o
 .debug_line      0x0045d3         0x1a build/default/production/_ext/1472/data_storage.o
 .debug_line      0x0045ed         0x1a build/default/production/_ext/1472/nv_memory_table.o
 .debug_line      0x004607         0x1a build/default/production/_ext/1472/parameter_table.o
 .debug_line      0x004621         0x1a build/default/production/_ext/1472/airspeedCntrl.o
 .debug_line      0x00463b         0x1a build/default/production/_ext/1472/altitudeCntrlVariable.o
 .debug_line      0x004655        0x120 build/default/production/_ext/1472/euler_angles.o
 .debug_line      0x004775         0x1a build/default/production/_ext/1472/console.o
 .debug_line      0x00478f        0x14b build/default/production/_ext/1472/sonarCntrl.o
 .debug_line      0x0048da        0x225 build/default/production/_ext/1472/motorCntrl.o

.debug_frame      0x000000       0x29fe
 *(.debug_frame)
 .debug_frame     0x000000         0x30 build/default/production/_ext/1077471063/estWind.o
 .debug_frame     0x000030         0x4c build/default/production/_ext/1077471063/estYawDrift.o
 .debug_frame     0x00007c         0xac build/default/production/_ext/1077471063/gpsParseCommon.o
 .debug_frame     0x000128        0x148 build/default/production/_ext/1077471063/gpsParseSTD.o
 .debug_frame     0x000270        0x2ca build/default/production/_ext/1077471063/mathlibNAV.o
 .debug_frame     0x00053a        0x280 build/default/production/_ext/1077471063/rmat.o
 .debug_frame     0x0007ba         0xfa build/default/production/_ext/1077471063/libDCM.o
 .debug_frame     0x0008b4         0x36 build/default/production/_ext/1077471063/deadReckoning.o
 .debug_frame     0x0008ea         0xe6 build/default/production/_ext/1077471063/estAltitude.o
 .debug_frame     0x0009d0        0x14c build/default/production/_ext/1077454706/background.o
 .debug_frame     0x000b1c         0xbc build/default/production/_ext/1077454706/libUDB.o
 .debug_frame     0x000bd8        0x10c build/default/production/_ext/1077454706/servoOut.o
 .debug_frame     0x000ce4        0x104 build/default/production/_ext/1077454706/events.o
 .debug_frame     0x000de8         0xca build/default/production/_ext/1077454706/mpu6000.o
 .debug_frame     0x000eb2        0x158 build/default/production/_ext/1077454706/spiUtils.o
 .debug_frame     0x00100a         0x66 build/default/production/_ext/1077454706/analog2digital_udb5.o
 .debug_frame     0x001070         0x84 build/default/production/_ext/1077454706/mcu.o
 .debug_frame     0x0010f4        0x16a build/default/production/_ext/1077454706/eeprom_udb4.o
 .debug_frame     0x00125e        0x170 build/default/production/_ext/1077454706/traps.o
 .debug_frame     0x0013ce         0xf0 build/default/production/_ext/1077454706/barometer.o
 .debug_frame     0x0014be        0x2f4 build/default/production/_ext/1077454706/I2C2.o
 .debug_frame     0x0017b2         0x72 build/default/production/_ext/1077454706/magnetometer.o
 .debug_frame     0x001824        0x230 build/default/production/_ext/1077454706/radioIn.o
 .debug_frame     0x001a54        0x1f4 build/default/production/_ext/1077454706/serialIO.o
 .debug_frame     0x001c48         0x30 build/default/production/_ext/1077454706/read.o
 .debug_frame     0x001c78         0x30 build/default/production/_ext/1077454706/write.o
 .debug_frame     0x001ca8         0xd8 build/default/production/_ext/1472/behavior.o
 .debug_frame     0x001d80         0xbc build/default/production/_ext/1472/cameraCntrl.o
 .debug_frame     0x001e3c         0x30 build/default/production/_ext/1472/main.o
 .debug_frame     0x001e6c        0x118 build/default/production/_ext/1472/navigate.o
 .debug_frame     0x001f84         0x82 build/default/production/_ext/1472/pitchCntrl.o
 .debug_frame     0x002006         0x82 build/default/production/_ext/1472/rollCntrl.o
 .debug_frame     0x002088         0x84 build/default/production/_ext/1472/servoMix.o
 .debug_frame     0x00210c        0x1d4 build/default/production/_ext/1472/states.o
 .debug_frame     0x0022e0         0x68 build/default/production/_ext/1472/yawCntrl.o
 .debug_frame     0x002348        0x1ca build/default/production/_ext/1472/telemetry.o
 .debug_frame     0x002512         0x68 build/default/production/_ext/1472/servoPrepare.o
 .debug_frame     0x00257a        0x170 build/default/production/_ext/1472/flightplan-waypoints.o
 .debug_frame     0x0026ea        0x1a2 build/default/production/_ext/1472/altitudeCntrl.o
 .debug_frame     0x00288c         0xa0 build/default/production/_ext/1472/mode_switch.o
 .debug_frame     0x00292c         0x30 build/default/production/_ext/1472/euler_angles.o
 .debug_frame     0x00295c         0x68 build/default/production/_ext/1472/sonarCntrl.o
 .debug_frame     0x0029c4         0x3a build/default/production/_ext/1472/motorCntrl.o

.debug_str        0x000000       0x28b3
 *(.debug_str)
 .debug_str       0x000000         0x2e build/default/production/_ext/1077471063/estWind.o
 .debug_str       0x00002e         0x5b build/default/production/_ext/1077471063/estYawDrift.o
 .debug_str       0x000089        0x14e build/default/production/_ext/1077471063/gpsParseCommon.o
 .debug_str       0x0001d7         0xe2 build/default/production/_ext/1077471063/gpsParseSTD.o
 .debug_str       0x0002b9         0xaa build/default/production/_ext/1077471063/mathlibNAV.o
 .debug_str       0x000363        0x1c8 build/default/production/_ext/1077471063/rmat.o
 .debug_str       0x00052b         0x49 build/default/production/_ext/1077471063/libDCM.o
 .debug_str       0x000574        0x161 build/default/production/_ext/1077471063/deadReckoning.o
 .debug_str       0x0006d5         0x97 build/default/production/_ext/1077471063/estAltitude.o
 .debug_str       0x00076c         0xf2 build/default/production/_ext/1077454706/background.o
 .debug_str       0x00085e         0x67 build/default/production/_ext/1077454706/libUDB.o
 .debug_str       0x0008c5         0xea build/default/production/_ext/1077454706/servoOut.o
 .debug_str       0x0009af         0x82 build/default/production/_ext/1077454706/events.o
 .debug_str       0x000a31         0xae build/default/production/_ext/1077454706/mpu6000.o
 .debug_str       0x000adf        0x114 build/default/production/_ext/1077454706/spiUtils.o
 .debug_str       0x000bf3         0xe6 build/default/production/_ext/1077454706/analog2digital_udb5.o
 .debug_str       0x000cd9         0x65 build/default/production/_ext/1077454706/mcu.o
 .debug_str       0x000d3e         0x39 build/default/production/_ext/1077454706/eeprom_udb4.o
 .debug_str       0x000d77         0x32 build/default/production/_ext/1077454706/traps.o
 .debug_str       0x000da9         0x2f build/default/production/_ext/1077454706/barometer.o
 .debug_str       0x000dd8         0x7a build/default/production/_ext/1077454706/I2C2.o
 .debug_str       0x000e52         0x58 build/default/production/_ext/1077454706/magnetometer.o
 .debug_str       0x000eaa        0x17a build/default/production/_ext/1077454706/radioIn.o
 .debug_str       0x001024         0xa5 build/default/production/_ext/1077454706/serialIO.o
 .debug_str       0x0010c9         0x59 build/default/production/_ext/1077454706/read.o
 .debug_str       0x001122         0x59 build/default/production/_ext/1077454706/write.o
 .debug_str       0x00117b         0xca build/default/production/_ext/1472/behavior.o
 .debug_str       0x001245         0xf9 build/default/production/_ext/1472/cameraCntrl.o
 .debug_str       0x00133e         0x1d build/default/production/_ext/1472/main.o
 .debug_str       0x00135b        0x1a0 build/default/production/_ext/1472/navigate.o
 .debug_str       0x0014fb        0x1b7 build/default/production/_ext/1472/pitchCntrl.o
 .debug_str       0x0016b2        0x15b build/default/production/_ext/1472/rollCntrl.o
 .debug_str       0x00180d         0xff build/default/production/_ext/1472/servoMix.o
 .debug_str       0x00190c         0x5a build/default/production/_ext/1472/states.o
 .debug_str       0x001966         0xa6 build/default/production/_ext/1472/yawCntrl.o
 .debug_str       0x001a0c        0x331 build/default/production/_ext/1472/telemetry.o
 .debug_str       0x001d3d         0xa4 build/default/production/_ext/1472/servoPrepare.o
 .debug_str       0x001de1         0xe0 build/default/production/_ext/1472/flightplan-waypoints.o
 .debug_str       0x001ec1        0x5a3 build/default/production/_ext/1472/altitudeCntrl.o
 .debug_str       0x002464         0x13 build/default/production/_ext/1472/mode_switch.o
 .debug_str       0x002477         0xb7 build/default/production/_ext/1472/sonarCntrl.o
 .debug_str       0x00252e        0x385 build/default/production/_ext/1472/motorCntrl.o

.debug_loc
 *(.debug_loc)

.debug_macinfo
 *(.debug_macinfo)

.debug_pubnames
                  0x000000       0x34f9
 *(.debug_pubnames)
 .debug_pubnames
                  0x000000         0x35 build/default/production/_ext/1077471063/estWind.o
 .debug_pubnames
                  0x000035         0x46 build/default/production/_ext/1077471063/estYawDrift.o
 .debug_pubnames
                  0x00007b        0x25f build/default/production/_ext/1077471063/gpsParseCommon.o
 .debug_pubnames
                  0x0002da        0x1dc build/default/production/_ext/1077471063/gpsParseSTD.o
 .debug_pubnames
                  0x0004b6        0x1f1 build/default/production/_ext/1077471063/mathlibNAV.o
 .debug_pubnames
                  0x0006a7        0x1d8 build/default/production/_ext/1077471063/rmat.o
 .debug_pubnames
                  0x00087f         0xef build/default/production/_ext/1077471063/libDCM.o
 .debug_pubnames
                  0x00096e        0x148 build/default/production/_ext/1077471063/deadReckoning.o
 .debug_pubnames
                  0x000ab6        0x17f build/default/production/_ext/1077471063/estAltitude.o
 .debug_pubnames
                  0x000c35         0xcc build/default/production/_ext/1077454706/background.o
 .debug_pubnames
                  0x000d01         0xa9 build/default/production/_ext/1077454706/libUDB.o
 .debug_pubnames
                  0x000daa         0xef build/default/production/_ext/1077454706/servoOut.o
 .debug_pubnames
                  0x000e99         0x9d build/default/production/_ext/1077454706/events.o
 .debug_pubnames
                  0x000f36        0x104 build/default/production/_ext/1077454706/mpu6000.o
 .debug_pubnames
                  0x00103a        0x18b build/default/production/_ext/1077454706/spiUtils.o
 .debug_pubnames
                  0x0011c5         0x91 build/default/production/_ext/1077454706/analog2digital_udb5.o
 .debug_pubnames
                  0x001256         0xda build/default/production/_ext/1077454706/mcu.o
 .debug_pubnames
                  0x001330         0xe3 build/default/production/_ext/1077454706/eeprom_udb4.o
 .debug_pubnames
                  0x001413         0x9f build/default/production/_ext/1077454706/traps.o
 .debug_pubnames
                  0x0014b2         0x85 build/default/production/_ext/1077454706/barometer.o
 .debug_pubnames
                  0x001537         0x8d build/default/production/_ext/1077454706/I2C2.o
 .debug_pubnames
                  0x0015c4         0xab build/default/production/_ext/1077454706/magnetometer.o
 .debug_pubnames
                  0x00166f        0x12d build/default/production/_ext/1077454706/radioIn.o
 .debug_pubnames
                  0x00179c        0x121 build/default/production/_ext/1077454706/serialIO.o
 .debug_pubnames
                  0x0018bd         0x1b build/default/production/_ext/1077454706/read.o
 .debug_pubnames
                  0x0018d8         0x1c build/default/production/_ext/1077454706/write.o
 .debug_pubnames
                  0x0018f4        0x14b build/default/production/_ext/1472/behavior.o
 .debug_pubnames
                  0x001a3f        0x196 build/default/production/_ext/1472/cameraCntrl.o
 .debug_pubnames
                  0x001bd5         0x40 build/default/production/_ext/1472/main.o
 .debug_pubnames
                  0x001c15        0x1c6 build/default/production/_ext/1472/navigate.o
 .debug_pubnames
                  0x001ddb        0x1c1 build/default/production/_ext/1472/pitchCntrl.o
 .debug_pubnames
                  0x001f9c        0x176 build/default/production/_ext/1472/rollCntrl.o
 .debug_pubnames
                  0x002112         0x8d build/default/production/_ext/1472/servoMix.o
 .debug_pubnames
                  0x00219f         0x97 build/default/production/_ext/1472/states.o
 .debug_pubnames
                  0x002236         0x80 build/default/production/_ext/1472/yawCntrl.o
 .debug_pubnames
                  0x0022b6        0x2a7 build/default/production/_ext/1472/telemetry.o
 .debug_pubnames
                  0x00255d        0x141 build/default/production/_ext/1472/servoPrepare.o
 .debug_pubnames
                  0x00269e        0x17a build/default/production/_ext/1472/flightplan-waypoints.o
 .debug_pubnames
                  0x002818        0x749 build/default/production/_ext/1472/altitudeCntrl.o
 .debug_pubnames
                  0x002f61         0xb4 build/default/production/_ext/1472/mode_switch.o
 .debug_pubnames
                  0x003015         0x2c build/default/production/_ext/1472/euler_angles.o
 .debug_pubnames
                  0x003041        0x10b build/default/production/_ext/1472/sonarCntrl.o
 .debug_pubnames
                  0x00314c        0x3ad build/default/production/_ext/1472/motorCntrl.o

.debug_ranges
 *(.debug_ranges)

.debug_aranges    0x000000        0x5e0
 *(.debug_aranges)
 .debug_aranges
                  0x000000         0x18 build/default/production/_ext/1077471063/estWind.o
 .debug_aranges
                  0x000018         0x18 build/default/production/_ext/1077471063/estYawDrift.o
 .debug_aranges
                  0x000030         0x18 build/default/production/_ext/1077471063/gpsParseCommon.o
 .debug_aranges
                  0x000048         0x18 build/default/production/_ext/1077471063/gpsParseSTD.o
 .debug_aranges
                  0x000060         0x18 build/default/production/_ext/1077471063/mathlibNAV.o
 .debug_aranges
                  0x000078         0x18 build/default/production/_ext/1077471063/rmat.o
 .debug_aranges
                  0x000090         0x18 build/default/production/_ext/1077471063/libDCM.o
 .debug_aranges
                  0x0000a8         0x18 build/default/production/_ext/1077471063/deadReckoning.o
 .debug_aranges
                  0x0000c0         0x18 build/default/production/_ext/1077471063/estAltitude.o
 .debug_aranges
                  0x0000d8         0x18 build/default/production/_ext/1077454706/background.o
 .debug_aranges
                  0x0000f0         0x18 build/default/production/_ext/1077454706/libUDB.o
 .debug_aranges
                  0x000108         0x18 build/default/production/_ext/1077454706/servoOut.o
 .debug_aranges
                  0x000120         0x18 build/default/production/_ext/1077454706/events.o
 .debug_aranges
                  0x000138         0x18 build/default/production/_ext/1077454706/mpu6000.o
 .debug_aranges
                  0x000150         0x18 build/default/production/_ext/1077454706/spiUtils.o
 .debug_aranges
                  0x000168         0x18 build/default/production/_ext/1077454706/analog2digital_udb5.o
 .debug_aranges
                  0x000180         0x18 build/default/production/_ext/1077454706/traps_asm.o
 .debug_aranges
                  0x000198         0x18 build/default/production/_ext/1077454706/mcu.o
 .debug_aranges
                  0x0001b0         0x18 build/default/production/_ext/1077454706/eeprom_udb4.o
 .debug_aranges
                  0x0001c8         0x18 build/default/production/_ext/1077454706/traps.o
 .debug_aranges
                  0x0001e0         0x18 build/default/production/_ext/1077454706/barometer.o
 .debug_aranges
                  0x0001f8         0x18 build/default/production/_ext/1077454706/I2C2.o
 .debug_aranges
                  0x000210         0x18 build/default/production/_ext/1077454706/magnetometer.o
 .debug_aranges
                  0x000228         0x18 build/default/production/_ext/1077454706/radioIn.o
 .debug_aranges
                  0x000240         0x18 build/default/production/_ext/1077454706/serialIO.o
 .debug_aranges
                  0x000258         0x20 build/default/production/_ext/1077454706/read.o
 .debug_aranges
                  0x000278         0x20 build/default/production/_ext/1077454706/write.o
 .debug_aranges
                  0x000298         0x18 build/default/production/_ext/679848855/madd.o
 .debug_aranges
                  0x0002b0         0x18 build/default/production/_ext/679848855/mmul.o
 .debug_aranges
                  0x0002c8         0x18 build/default/production/_ext/679848855/mscl.o
 .debug_aranges
                  0x0002e0         0x18 build/default/production/_ext/679848855/msub.o
 .debug_aranges
                  0x0002f8         0x18 build/default/production/_ext/679848855/mtrp.o
 .debug_aranges
                  0x000310         0x18 build/default/production/_ext/679848855/vadd.o
 .debug_aranges
                  0x000328         0x18 build/default/production/_ext/679848855/vcon.o
 .debug_aranges
                  0x000340         0x18 build/default/production/_ext/679848855/vcopy.o
 .debug_aranges
                  0x000358         0x18 build/default/production/_ext/679848855/vcor.o
 .debug_aranges
                  0x000370         0x18 build/default/production/_ext/679848855/vdot.o
 .debug_aranges
                  0x000388         0x18 build/default/production/_ext/679848855/vmax.o
 .debug_aranges
                  0x0003a0         0x18 build/default/production/_ext/679848855/vmin.o
 .debug_aranges
                  0x0003b8         0x18 build/default/production/_ext/679848855/vmul.o
 .debug_aranges
                  0x0003d0         0x18 build/default/production/_ext/679848855/vneg.o
 .debug_aranges
                  0x0003e8         0x18 build/default/production/_ext/679848855/vpow.o
 .debug_aranges
                  0x000400         0x18 build/default/production/_ext/679848855/vscl.o
 .debug_aranges
                  0x000418         0x18 build/default/production/_ext/679848855/vsub.o
 .debug_aranges
                  0x000430         0x18 build/default/production/_ext/679848855/vzpad.o
 .debug_aranges
                  0x000448         0x18 build/default/production/_ext/1472/behavior.o
 .debug_aranges
                  0x000460         0x18 build/default/production/_ext/1472/cameraCntrl.o
 .debug_aranges
                  0x000478         0x18 build/default/production/_ext/1472/main.o
 .debug_aranges
                  0x000490         0x18 build/default/production/_ext/1472/navigate.o
 .debug_aranges
                  0x0004a8         0x18 build/default/production/_ext/1472/pitchCntrl.o
 .debug_aranges
                  0x0004c0         0x18 build/default/production/_ext/1472/rollCntrl.o
 .debug_aranges
                  0x0004d8         0x18 build/default/production/_ext/1472/servoMix.o
 .debug_aranges
                  0x0004f0         0x18 build/default/production/_ext/1472/states.o
 .debug_aranges
                  0x000508         0x18 build/default/production/_ext/1472/yawCntrl.o
 .debug_aranges
                  0x000520         0x18 build/default/production/_ext/1472/telemetry.o
 .debug_aranges
                  0x000538         0x18 build/default/production/_ext/1472/servoPrepare.o
 .debug_aranges
                  0x000550         0x18 build/default/production/_ext/1472/flightplan-waypoints.o
 .debug_aranges
                  0x000568         0x18 build/default/production/_ext/1472/altitudeCntrl.o
 .debug_aranges
                  0x000580         0x18 build/default/production/_ext/1472/mode_switch.o
 .debug_aranges
                  0x000598         0x18 build/default/production/_ext/1472/euler_angles.o
 .debug_aranges
                  0x0005b0         0x18 build/default/production/_ext/1472/sonarCntrl.o
 .debug_aranges
                  0x0005c8         0x18 build/default/production/_ext/1472/motorCntrl.o
                    0x0000                  WREG0 = 0x0
                    0x0000                  _WREG0 = 0x0
                    0x0002                  WREG1 = 0x2
                    0x0002                  _WREG1 = 0x2
                    0x0004                  WREG2 = 0x4
                    0x0004                  _WREG2 = 0x4
                    0x0006                  WREG3 = 0x6
                    0x0006                  _WREG3 = 0x6
                    0x0008                  WREG4 = 0x8
                    0x0008                  _WREG4 = 0x8
                    0x000a                  WREG5 = 0xa
                    0x000a                  _WREG5 = 0xa
                    0x000c                  WREG6 = 0xc
                    0x000c                  _WREG6 = 0xc
                    0x000e                  WREG7 = 0xe
                    0x000e                  _WREG7 = 0xe
                    0x0010                  WREG8 = 0x10
                    0x0010                  _WREG8 = 0x10
                    0x0012                  WREG9 = 0x12
                    0x0012                  _WREG9 = 0x12
                    0x0014                  WREG10 = 0x14
                    0x0014                  _WREG10 = 0x14
                    0x0016                  WREG11 = 0x16
                    0x0016                  _WREG11 = 0x16
                    0x0018                  WREG12 = 0x18
                    0x0018                  _WREG12 = 0x18
                    0x001a                  WREG13 = 0x1a
                    0x001a                  _WREG13 = 0x1a
                    0x001c                  WREG14 = 0x1c
                    0x001c                  _WREG14 = 0x1c
                    0x001e                  WREG15 = 0x1e
                    0x001e                  _WREG15 = 0x1e
                    0x0020                  SPLIM = 0x20
                    0x0020                  _SPLIM = 0x20
                    0x0022                  ACCAL = 0x22
                    0x0022                  _ACCAL = 0x22
                    0x0024                  ACCAH = 0x24
                    0x0024                  _ACCAH = 0x24
                    0x0026                  ACCAU = 0x26
                    0x0026                  _ACCAU = 0x26
                    0x0028                  ACCBL = 0x28
                    0x0028                  _ACCBL = 0x28
                    0x002a                  ACCBH = 0x2a
                    0x002a                  _ACCBH = 0x2a
                    0x002c                  ACCBU = 0x2c
                    0x002c                  _ACCBU = 0x2c
                    0x002e                  PCL = 0x2e
                    0x002e                  _PCL = 0x2e
                    0x0030                  PCH = 0x30
                    0x0030                  _PCH = 0x30
                    0x0032                  TBLPAG = 0x32
                    0x0032                  _TBLPAG = 0x32
                    0x0034                  PSVPAG = 0x34
                    0x0034                  _PSVPAG = 0x34
                    0x0036                  RCOUNT = 0x36
                    0x0036                  _RCOUNT = 0x36
                    0x0038                  DCOUNT = 0x38
                    0x0038                  _DCOUNT = 0x38
                    0x003a                  DOSTARTL = 0x3a
                    0x003a                  _DOSTARTL = 0x3a
                    0x003c                  DOSTARTH = 0x3c
                    0x003c                  _DOSTARTH = 0x3c
                    0x003e                  DOENDL = 0x3e
                    0x003e                  _DOENDL = 0x3e
                    0x0040                  DOENDH = 0x40
                    0x0040                  _DOENDH = 0x40
                    0x0042                  SR = 0x42
                    0x0042                  _SR = 0x42
                    0x0042                  _SRbits = 0x42
                    0x0044                  CORCON = 0x44
                    0x0044                  _CORCON = 0x44
                    0x0044                  _CORCONbits = 0x44
                    0x0046                  MODCON = 0x46
                    0x0046                  _MODCON = 0x46
                    0x0046                  _MODCONbits = 0x46
                    0x0048                  XMODSRT = 0x48
                    0x0048                  _XMODSRT = 0x48
                    0x004a                  XMODEND = 0x4a
                    0x004a                  _XMODEND = 0x4a
                    0x004c                  YMODSRT = 0x4c
                    0x004c                  _YMODSRT = 0x4c
                    0x004e                  YMODEND = 0x4e
                    0x004e                  _YMODEND = 0x4e
                    0x0050                  XBREV = 0x50
                    0x0050                  _XBREV = 0x50
                    0x0050                  _XBREVbits = 0x50
                    0x0052                  DISICNT = 0x52
                    0x0052                  _DISICNT = 0x52
                    0x0060                  CNEN1 = 0x60
                    0x0060                  _CNEN1 = 0x60
                    0x0060                  _CNEN1bits = 0x60
                    0x0062                  CNEN2 = 0x62
                    0x0062                  _CNEN2 = 0x62
                    0x0062                  _CNEN2bits = 0x62
                    0x0068                  CNPU1 = 0x68
                    0x0068                  _CNPU1 = 0x68
                    0x0068                  _CNPU1bits = 0x68
                    0x006a                  CNPU2 = 0x6a
                    0x006a                  _CNPU2 = 0x6a
                    0x006a                  _CNPU2bits = 0x6a
                    0x0080                  INTCON1 = 0x80
                    0x0080                  _INTCON1 = 0x80
                    0x0080                  _INTCON1bits = 0x80
                    0x0082                  INTCON2 = 0x82
                    0x0082                  _INTCON2 = 0x82
                    0x0082                  _INTCON2bits = 0x82
                    0x0084                  IFS0 = 0x84
                    0x0084                  _IFS0 = 0x84
                    0x0084                  _IFS0bits = 0x84
                    0x0086                  IFS1 = 0x86
                    0x0086                  _IFS1 = 0x86
                    0x0086                  _IFS1bits = 0x86
                    0x0088                  IFS2 = 0x88
                    0x0088                  _IFS2 = 0x88
                    0x0088                  _IFS2bits = 0x88
                    0x008a                  IFS3 = 0x8a
                    0x008a                  _IFS3 = 0x8a
                    0x008a                  _IFS3bits = 0x8a
                    0x008c                  IFS4 = 0x8c
                    0x008c                  _IFS4 = 0x8c
                    0x008c                  _IFS4bits = 0x8c
                    0x0094                  IEC0 = 0x94
                    0x0094                  _IEC0 = 0x94
                    0x0094                  _IEC0bits = 0x94
                    0x0096                  IEC1 = 0x96
                    0x0096                  _IEC1 = 0x96
                    0x0096                  _IEC1bits = 0x96
                    0x0098                  IEC2 = 0x98
                    0x0098                  _IEC2 = 0x98
                    0x0098                  _IEC2bits = 0x98
                    0x009a                  IEC3 = 0x9a
                    0x009a                  _IEC3 = 0x9a
                    0x009a                  _IEC3bits = 0x9a
                    0x009c                  IEC4 = 0x9c
                    0x009c                  _IEC4 = 0x9c
                    0x009c                  _IEC4bits = 0x9c
                    0x00a4                  IPC0 = 0xa4
                    0x00a4                  _IPC0 = 0xa4
                    0x00a4                  _IPC0bits = 0xa4
                    0x00a6                  IPC1 = 0xa6
                    0x00a6                  _IPC1 = 0xa6
                    0x00a6                  _IPC1bits = 0xa6
                    0x00a8                  IPC2 = 0xa8
                    0x00a8                  _IPC2 = 0xa8
                    0x00a8                  _IPC2bits = 0xa8
                    0x00aa                  IPC3 = 0xaa
                    0x00aa                  _IPC3 = 0xaa
                    0x00aa                  _IPC3bits = 0xaa
                    0x00ac                  IPC4 = 0xac
                    0x00ac                  _IPC4 = 0xac
                    0x00ac                  _IPC4bits = 0xac
                    0x00ae                  IPC5 = 0xae
                    0x00ae                  _IPC5 = 0xae
                    0x00ae                  _IPC5bits = 0xae
                    0x00b0                  IPC6 = 0xb0
                    0x00b0                  _IPC6 = 0xb0
                    0x00b0                  _IPC6bits = 0xb0
                    0x00b2                  IPC7 = 0xb2
                    0x00b2                  _IPC7 = 0xb2
                    0x00b2                  _IPC7bits = 0xb2
                    0x00b4                  IPC8 = 0xb4
                    0x00b4                  _IPC8 = 0xb4
                    0x00b4                  _IPC8bits = 0xb4
                    0x00b6                  IPC9 = 0xb6
                    0x00b6                  _IPC9 = 0xb6
                    0x00b6                  _IPC9bits = 0xb6
                    0x00b8                  IPC10 = 0xb8
                    0x00b8                  _IPC10 = 0xb8
                    0x00b8                  _IPC10bits = 0xb8
                    0x00ba                  IPC11 = 0xba
                    0x00ba                  _IPC11 = 0xba
                    0x00ba                  _IPC11bits = 0xba
                    0x00bc                  IPC12 = 0xbc
                    0x00bc                  _IPC12 = 0xbc
                    0x00bc                  _IPC12bits = 0xbc
                    0x00be                  IPC13 = 0xbe
                    0x00be                  _IPC13 = 0xbe
                    0x00be                  _IPC13bits = 0xbe
                    0x00c0                  IPC14 = 0xc0
                    0x00c0                  _IPC14 = 0xc0
                    0x00c0                  _IPC14bits = 0xc0
                    0x00c2                  IPC15 = 0xc2
                    0x00c2                  _IPC15 = 0xc2
                    0x00c2                  _IPC15bits = 0xc2
                    0x00c4                  IPC16 = 0xc4
                    0x00c4                  _IPC16 = 0xc4
                    0x00c4                  _IPC16bits = 0xc4
                    0x00c6                  IPC17 = 0xc6
                    0x00c6                  _IPC17 = 0xc6
                    0x00c6                  _IPC17bits = 0xc6
                    0x00e0                  INTTREG = 0xe0
                    0x00e0                  _INTTREG = 0xe0
                    0x00e0                  _INTTREGbits = 0xe0
                    0x0100                  TMR1 = 0x100
                    0x0100                  _TMR1 = 0x100
                    0x0102                  PR1 = 0x102
                    0x0102                  _PR1 = 0x102
                    0x0104                  T1CON = 0x104
                    0x0104                  _T1CON = 0x104
                    0x0104                  _T1CONbits = 0x104
                    0x0106                  TMR2 = 0x106
                    0x0106                  _TMR2 = 0x106
                    0x0108                  TMR3HLD = 0x108
                    0x0108                  _TMR3HLD = 0x108
                    0x010a                  TMR3 = 0x10a
                    0x010a                  _TMR3 = 0x10a
                    0x010c                  PR2 = 0x10c
                    0x010c                  _PR2 = 0x10c
                    0x010e                  PR3 = 0x10e
                    0x010e                  _PR3 = 0x10e
                    0x0110                  T2CON = 0x110
                    0x0110                  _T2CON = 0x110
                    0x0110                  _T2CONbits = 0x110
                    0x0112                  T3CON = 0x112
                    0x0112                  _T3CON = 0x112
                    0x0112                  _T3CONbits = 0x112
                    0x0114                  TMR4 = 0x114
                    0x0114                  _TMR4 = 0x114
                    0x0116                  TMR5HLD = 0x116
                    0x0116                  _TMR5HLD = 0x116
                    0x0118                  TMR5 = 0x118
                    0x0118                  _TMR5 = 0x118
                    0x011a                  PR4 = 0x11a
                    0x011a                  _PR4 = 0x11a
                    0x011c                  PR5 = 0x11c
                    0x011c                  _PR5 = 0x11c
                    0x011e                  T4CON = 0x11e
                    0x011e                  _T4CON = 0x11e
                    0x011e                  _T4CONbits = 0x11e
                    0x0120                  T5CON = 0x120
                    0x0120                  _T5CON = 0x120
                    0x0120                  _T5CONbits = 0x120
                    0x0122                  TMR6 = 0x122
                    0x0122                  _TMR6 = 0x122
                    0x0124                  TMR7HLD = 0x124
                    0x0124                  _TMR7HLD = 0x124
                    0x0126                  TMR7 = 0x126
                    0x0126                  _TMR7 = 0x126
                    0x0128                  PR6 = 0x128
                    0x0128                  _PR6 = 0x128
                    0x012a                  PR7 = 0x12a
                    0x012a                  _PR7 = 0x12a
                    0x012c                  T6CON = 0x12c
                    0x012c                  _T6CON = 0x12c
                    0x012c                  _T6CONbits = 0x12c
                    0x012e                  T7CON = 0x12e
                    0x012e                  _T7CON = 0x12e
                    0x012e                  _T7CONbits = 0x12e
                    0x0130                  TMR8 = 0x130
                    0x0130                  _TMR8 = 0x130
                    0x0132                  TMR9HLD = 0x132
                    0x0132                  _TMR9HLD = 0x132
                    0x0134                  TMR9 = 0x134
                    0x0134                  _TMR9 = 0x134
                    0x0136                  PR8 = 0x136
                    0x0136                  _PR8 = 0x136
                    0x0138                  PR9 = 0x138
                    0x0138                  _PR9 = 0x138
                    0x013a                  T8CON = 0x13a
                    0x013a                  _T8CON = 0x13a
                    0x013a                  _T8CONbits = 0x13a
                    0x013c                  T9CON = 0x13c
                    0x013c                  _T9CON = 0x13c
                    0x013c                  _T9CONbits = 0x13c
                    0x0140                  IC1BUF = 0x140
                    0x0140                  _IC1BUF = 0x140
                    0x0142                  IC1CON = 0x142
                    0x0142                  _IC1CON = 0x142
                    0x0142                  _IC1CONbits = 0x142
                    0x0144                  IC2BUF = 0x144
                    0x0144                  _IC2BUF = 0x144
                    0x0146                  IC2CON = 0x146
                    0x0146                  _IC2CON = 0x146
                    0x0146                  _IC2CONbits = 0x146
                    0x0148                  IC3BUF = 0x148
                    0x0148                  _IC3BUF = 0x148
                    0x014a                  IC3CON = 0x14a
                    0x014a                  _IC3CON = 0x14a
                    0x014a                  _IC3CONbits = 0x14a
                    0x014c                  IC4BUF = 0x14c
                    0x014c                  _IC4BUF = 0x14c
                    0x014e                  IC4CON = 0x14e
                    0x014e                  _IC4CON = 0x14e
                    0x014e                  _IC4CONbits = 0x14e
                    0x0150                  IC5BUF = 0x150
                    0x0150                  _IC5BUF = 0x150
                    0x0152                  IC5CON = 0x152
                    0x0152                  _IC5CON = 0x152
                    0x0152                  _IC5CONbits = 0x152
                    0x0154                  IC6BUF = 0x154
                    0x0154                  _IC6BUF = 0x154
                    0x0156                  IC6CON = 0x156
                    0x0156                  _IC6CON = 0x156
                    0x0156                  _IC6CONbits = 0x156
                    0x0158                  IC7BUF = 0x158
                    0x0158                  _IC7BUF = 0x158
                    0x015a                  IC7CON = 0x15a
                    0x015a                  _IC7CON = 0x15a
                    0x015a                  _IC7CONbits = 0x15a
                    0x015c                  IC8BUF = 0x15c
                    0x015c                  _IC8BUF = 0x15c
                    0x015e                  IC8CON = 0x15e
                    0x015e                  _IC8CON = 0x15e
                    0x015e                  _IC8CONbits = 0x15e
                    0x0180                  OC1RS = 0x180
                    0x0180                  _OC1RS = 0x180
                    0x0182                  OC1R = 0x182
                    0x0182                  _OC1R = 0x182
                    0x0184                  OC1CON = 0x184
                    0x0184                  _OC1CON = 0x184
                    0x0184                  _OC1CONbits = 0x184
                    0x0186                  OC2RS = 0x186
                    0x0186                  _OC2RS = 0x186
                    0x0188                  OC2R = 0x188
                    0x0188                  _OC2R = 0x188
                    0x018a                  OC2CON = 0x18a
                    0x018a                  _OC2CON = 0x18a
                    0x018a                  _OC2CONbits = 0x18a
                    0x018c                  OC3RS = 0x18c
                    0x018c                  _OC3RS = 0x18c
                    0x018e                  OC3R = 0x18e
                    0x018e                  _OC3R = 0x18e
                    0x0190                  OC3CON = 0x190
                    0x0190                  _OC3CON = 0x190
                    0x0190                  _OC3CONbits = 0x190
                    0x0192                  OC4RS = 0x192
                    0x0192                  _OC4RS = 0x192
                    0x0194                  OC4R = 0x194
                    0x0194                  _OC4R = 0x194
                    0x0196                  OC4CON = 0x196
                    0x0196                  _OC4CON = 0x196
                    0x0196                  _OC4CONbits = 0x196
                    0x0198                  OC5RS = 0x198
                    0x0198                  _OC5RS = 0x198
                    0x019a                  OC5R = 0x19a
                    0x019a                  _OC5R = 0x19a
                    0x019c                  OC5CON = 0x19c
                    0x019c                  _OC5CON = 0x19c
                    0x019c                  _OC5CONbits = 0x19c
                    0x019e                  OC6RS = 0x19e
                    0x019e                  _OC6RS = 0x19e
                    0x01a0                  OC6R = 0x1a0
                    0x01a0                  _OC6R = 0x1a0
                    0x01a2                  OC6CON = 0x1a2
                    0x01a2                  _OC6CON = 0x1a2
                    0x01a2                  _OC6CONbits = 0x1a2
                    0x01a4                  OC7RS = 0x1a4
                    0x01a4                  _OC7RS = 0x1a4
                    0x01a6                  OC7R = 0x1a6
                    0x01a6                  _OC7R = 0x1a6
                    0x01a8                  OC7CON = 0x1a8
                    0x01a8                  _OC7CON = 0x1a8
                    0x01a8                  _OC7CONbits = 0x1a8
                    0x01aa                  OC8RS = 0x1aa
                    0x01aa                  _OC8RS = 0x1aa
                    0x01ac                  OC8R = 0x1ac
                    0x01ac                  _OC8R = 0x1ac
                    0x01ae                  OC8CON = 0x1ae
                    0x01ae                  _OC8CON = 0x1ae
                    0x01ae                  _OC8CONbits = 0x1ae
                    0x0200                  I2C1RCV = 0x200
                    0x0200                  _I2C1RCV = 0x200
                    0x0200                  I2CRCV = 0x200
                    0x0200                  _I2CRCV = 0x200
                    0x0202                  I2C1TRN = 0x202
                    0x0202                  _I2C1TRN = 0x202
                    0x0202                  I2CTRN = 0x202
                    0x0202                  _I2CTRN = 0x202
                    0x0204                  I2C1BRG = 0x204
                    0x0204                  _I2C1BRG = 0x204
                    0x0206                  I2C1CON = 0x206