Microchip Technology Inc, vçL

Tool Name:
  c:\program files (x86)\microchip\xc16\v1.21\bin\bin\..\bin/elf-ld.exe

Command:
  -p33FJ256GP710A \
  -o \
  MatrixPilot-udb5.cof \
  -Lc:/program files (x86)/microchip/xc16/v1.21/bin/bin/.. \
  -Lc:/program files (x86)/microchip/xc16/v1.21/bin/bin/../../lib \
  -Lc:/program files (x86)/microchip/xc16/v1.21/bin/bin/../../lib/PIC24E \
  -Lc:/program files (x86)/microchip/xc16/v1.21/bin/bin/../../support/PIC24E/gld \
  -Lc:/program files (x86)/microchip/xc16/v1.21/bin/bin/../../lib/PIC24F \
  -Lc:/program files (x86)/microchip/xc16/v1.21/bin/bin/../../support/PIC24F/gld \
  -Lc:/program files (x86)/microchip/xc16/v1.21/bin/bin/../../lib/PIC24H \
  -Lc:/program files (x86)/microchip/xc16/v1.21/bin/bin/../../support/PIC24H/gld \
  -Lc:/program files (x86)/microchip/xc16/v1.21/bin/bin/../../lib/dsPIC30F \
  -Lc:/program files (x86)/microchip/xc16/v1.21/bin/bin/../../support/dsPIC30F/gld \
  -Lc:/program files (x86)/microchip/xc16/v1.21/bin/bin/../../lib/dsPIC33E \
  -Lc:/program files (x86)/microchip/xc16/v1.21/bin/bin/../../support/dsPIC33E/gld \
  -Lc:/program files (x86)/microchip/xc16/v1.21/bin/bin/../../lib/dsPIC33F \
  -Lc:/program files (x86)/microchip/xc16/v1.21/bin/bin/../../support/dsPIC33F/gld \
  build\udb5\config_tests.o \
  build\udb5\background.o \
  build\udb5\behavior.o \
  build\udb5\cameraCntrl.o \
  build\udb5\main.o \
  build\udb5\navigate.o \
  build\udb5\pitchCntrl.o \
  build\udb5\rollCntrl.o \
  build\udb5\servoMix.o \
  build\udb5\states.o \
  build\udb5\yawCntrl.o \
  build\udb5\libUDB.o \
  build\udb5\telemetry.o \
  build\udb5\servoPrepare.o \
  build\udb5\estWind.o \
  build\udb5\estYawDrift.o \
  build\udb5\gpsParseCommon.o \
  build\udb5\gpsParseSTD.o \
  build\udb5\gpsParseUBX.o \
  build\udb5\mathlibNAV.o \
  build\udb5\rmat.o \
  build\udb5\libDCM.o \
  build\udb5\servoOut.o \
  build\udb5\flightplan-waypoints.o \
  build\udb5\flightplan-logo.o \
  build\udb5\deadReckoning.o \
  build\udb5\osd.o \
  build\udb5\mp_osd.o \
  build\udb5\gpsParseMTEK.o \
  build\udb5\altitudeCntrl.o \
  build\udb5\MAVLink.o \
  build\udb5\mode_switch.o \
  build\udb5\24LC256.o \
  build\udb5\events.o \
  build\udb5\data_services.o \
  build\udb5\data_storage.o \
  build\udb5\nv_memory_table.o \
  build\udb5\parameter_table.o \
  build\udb5\airspeedCntrl.o \
  build\udb5\altitudeCntrlVariable.o \
  build\udb5\madd.o \
  build\udb5\mmul.o \
  build\udb5\mscl.o \
  build\udb5\msub.o \
  build\udb5\mtrp.o \
  build\udb5\vadd.o \
  build\udb5\vcon.o \
  build\udb5\vcopy.o \
  build\udb5\vcor.o \
  build\udb5\vdot.o \
  build\udb5\vmax.o \
  build\udb5\vmin.o \
  build\udb5\vmul.o \
  build\udb5\vneg.o \
  build\udb5\vpow.o \
  build\udb5\vscl.o \
  build\udb5\vsub.o \
  build\udb5\vzpad.o \
  build\udb5\euler_angles.o \
  build\udb5\mpu6000.o \
  build\udb5\spiUtils.o \
  build\udb5\analog2digital_udb5.o \
  build\udb5\traps_asm.o \
  build\udb5\analog2digital_udb4.o \
  build\udb5\mcu.o \
  build\udb5\estAltitude.o \
  build\udb5\eeprom_udb4.o \
  build\udb5\traps.o \
  build\udb5\barometer.o \
  build\udb5\I2C1.o \
  build\udb5\I2C2.o \
  build\udb5\magnetometer.o \
  build\udb5\radioIn.o \
  build\udb5\serialIO.o \
  build\udb5\read.o \
  build\udb5\uart.o \
  build\udb5\write.o \
  build\udb5\console.o \
  build\udb5\sonarCntrl.o \
  -LC:\Program Files\Microchip\MPLAB C30\lib \
  -Tp33FJ256GP710A.gld.00 \
  --defsym=__MPLAB_BUILD=1 \
  --heap=1024 \
  -Map=MatrixPilot-udb5.map \
  --report-mem \
  -start-group \
  --library=fx-elf \
  --library=lega-pic30-elf \
  --library=m-elf \
  --library=lega-c-elf \
  -end-group \

Archive member included because of file (symbol)

c:/program files (x86)/microchip/xc16/v1.21/bin/bin/../../lib/dsPIC33F\libp33FJ256GP710A-elf.a(CloseSPI1.o)
                              build\udb5\spiUtils.o (_CloseSPI1)
c:/program files (x86)/microchip/xc16/v1.21/bin/bin/../../lib/dsPIC33F\libp33FJ256GP710A-elf.a(CloseSPI2.o)
                              build\udb5\spiUtils.o (_CloseSPI2)
c:/program files (x86)/microchip/xc16/v1.21/bin/bin/../../lib/dsPIC33F\libp33FJ256GP710A-elf.a(ConfigIntSPI1.o)
                              build\udb5\spiUtils.o (_ConfigIntSPI1)
c:/program files (x86)/microchip/xc16/v1.21/bin/bin/../../lib/dsPIC33F\libp33FJ256GP710A-elf.a(ConfigIntSPI2.o)
                              build\udb5\spiUtils.o (_ConfigIntSPI2)
c:/program files (x86)/microchip/xc16/v1.21/bin/bin/../../lib/dsPIC33F\libp33FJ256GP710A-elf.a(OpenSPI1.o)
                              build\udb5\spiUtils.o (_OpenSPI1)
c:/program files (x86)/microchip/xc16/v1.21/bin/bin/../../lib/dsPIC33F\libp33FJ256GP710A-elf.a(OpenSPI2.o)
                              build\udb5\spiUtils.o (_OpenSPI2)
c:/program files (x86)/microchip/xc16/v1.21/bin/bin/../../lib\liblega-pic30-elf.a(crt0_standard.o)
                              (__resetPRI)
c:/program files (x86)/microchip/xc16/v1.21/bin/bin/../../lib\liblega-pic30-elf.a(data_init_standard.o)
[...]
Memory Configuration

Name             Origin             Length             Attributes
data             0x000800           0x007800           a !xr
reset            0x000000           0x000004  
ivt              0x000004           0x0000fc  
_reserved        0x000100           0x000004  
aivt             0x000104           0x0000fc  
program          0x000200           0x02a9fe           xr
FBS              0xf80000           0x000002  
FSS              0xf80002           0x000002  
FGS              0xf80004           0x000002  
FOSCSEL          0xf80006           0x000002  
FOSC             0xf80008           0x000002  
FWDT             0xf8000a           0x000002  
FPOR             0xf8000c           0x000002  
FICD             0xf8000e           0x000002  
FUID0            0xf80010           0x000002  
FUID1            0xf80012           0x000002  
FUID2            0xf80014           0x000002  
FUID3            0xf80016           0x000002  
*default*        0x000000           0xffffffff  

Linker script and memory map

LOAD build\udb5\config_tests.o
LOAD build\udb5\background.o
LOAD build\udb5\behavior.o
LOAD build\udb5\cameraCntrl.o
LOAD build\udb5\main.o
LOAD build\udb5\navigate.o
LOAD build\udb5\pitchCntrl.o
LOAD build\udb5\rollCntrl.o
LOAD build\udb5\servoMix.o
LOAD build\udb5\states.o
LOAD build\udb5\yawCntrl.o
LOAD build\udb5\libUDB.o
LOAD build\udb5\telemetry.o
LOAD build\udb5\servoPrepare.o
LOAD build\udb5\estWind.o
LOAD build\udb5\estYawDrift.o
LOAD build\udb5\gpsParseCommon.o
LOAD build\udb5\gpsParseSTD.o
LOAD build\udb5\gpsParseUBX.o
LOAD build\udb5\mathlibNAV.o
LOAD build\udb5\rmat.o
LOAD build\udb5\libDCM.o
LOAD build\udb5\servoOut.o
LOAD build\udb5\flightplan-waypoints.o
LOAD build\udb5\flightplan-logo.o
LOAD build\udb5\deadReckoning.o
LOAD build\udb5\osd.o
LOAD build\udb5\mp_osd.o
LOAD build\udb5\gpsParseMTEK.o
LOAD build\udb5\altitudeCntrl.o
LOAD build\udb5\MAVLink.o
LOAD build\udb5\mode_switch.o
LOAD build\udb5\24LC256.o
LOAD build\udb5\events.o
LOAD build\udb5\data_services.o
LOAD build\udb5\data_storage.o
LOAD build\udb5\nv_memory_table.o
LOAD build\udb5\parameter_table.o
LOAD build\udb5\airspeedCntrl.o
LOAD build\udb5\altitudeCntrlVariable.o
LOAD build\udb5\madd.o
LOAD build\udb5\mmul.o
LOAD build\udb5\mscl.o
LOAD build\udb5\msub.o
LOAD build\udb5\mtrp.o
LOAD build\udb5\vadd.o
LOAD build\udb5\vcon.o
LOAD build\udb5\vcopy.o
LOAD build\udb5\vcor.o
LOAD build\udb5\vdot.o
LOAD build\udb5\vmax.o
LOAD build\udb5\vmin.o
LOAD build\udb5\vmul.o
LOAD build\udb5\vneg.o
LOAD build\udb5\vpow.o
LOAD build\udb5\vscl.o
LOAD build\udb5\vsub.o
LOAD build\udb5\vzpad.o
LOAD build\udb5\euler_angles.o
LOAD build\udb5\mpu6000.o
LOAD build\udb5\spiUtils.o
LOAD build\udb5\analog2digital_udb5.o
LOAD build\udb5\traps_asm.o
LOAD build\udb5\analog2digital_udb4.o
LOAD build\udb5\mcu.o
LOAD build\udb5\estAltitude.o
LOAD build\udb5\eeprom_udb4.o
LOAD build\udb5\traps.o
LOAD build\udb5\barometer.o
LOAD build\udb5\I2C1.o
LOAD build\udb5\I2C2.o
LOAD build\udb5\magnetometer.o
LOAD build\udb5\radioIn.o
LOAD build\udb5\serialIO.o
LOAD build\udb5\read.o
LOAD build\udb5\uart.o
LOAD build\udb5\write.o
LOAD build\udb5\console.o
LOAD build\udb5\sonarCntrl.o
LOAD c:/program files (x86)/microchip/xc16/v1.21/bin/bin/../../lib/dsPIC33F\libp33FJ256GP710A-elf.a
                    0xf80000                  __FBS = 0xf80000
                    0xf80002                  __FSS = 0xf80002
                    0xf80004                  __FGS = 0xf80004
                    0xf80006                  __FOSCSEL = 0xf80006
                    0xf80008                  __FOSC = 0xf80008
                    0xf8000a                  __FWDT = 0xf8000a
                    0xf8000c                  __FPOR = 0xf8000c
                    0xf8000e                  __FICD = 0xf8000e
                    0xf80010                  __FUID0 = 0xf80010
                    0xf80012                  __FUID1 = 0xf80012
                    0xf80014                  __FUID2 = 0xf80014
                    0xf80016                  __FUID3 = 0xf80016
                    0x0004                  __IVT_BASE = 0x4
                    0x0104                  __AIVT_BASE = 0x104
                    0x0800                  __DATA_BASE = 0x800
                    0x7800                  __DATA_LENGTH = 0x7800
                    0x4800                  __YDATA_BASE = 0x4800
                    0x7800                  __DMA_BASE = 0x7800
                    0x7fff                  __DMA_END = 0x7fff
                    0x0200                  __CODE_BASE = 0x200
                    0x2aa00                  __CODE_LENGTH = 0x2aa00

.reset            0x000000          0x4
                  0x000000          0x2 SHORT 0x200 ABSOLUTE (__reset)
                  0x000001          0x2 SHORT 0x4
                  0x000002          0x2 SHORT 0x0 ((ABSOLUTE (__reset) >> 0x10) & 0x7f)
                  0x000003          0x2 SHORT 0x0

.text             0x000200       0x2fea
 *(.init)
 .init            0x000200         0x36 c:/program files (x86)/microchip/xc16/v1.21/bin/bin/../../lib\liblega-pic30-elf.a(crt0_standard.o)
                  0x000200                  __resetPRI
                  0x000200                  __reset
                  0x000226                  __psv_init
 .init            0x000236         0x5e c:/program files (x86)/microchip/xc16/v1.21/bin/bin/../../lib\liblega-pic30-elf.a(data_init_standard.o)
                  0x000236                  __data_init_standard
                  0x000236                  __data_init
 *(.user_init)
 *(.handle)
 .handle          0x000294         0xb4 jump_table
 *(.isr*)
 .isr             0x000348          0x4 default_isr
                  0x000348                  __DefaultInterrupt
 *(.libc)
 .libc            0x00034c         0xac build\udb5\read.o
                  0x00034c                  _read
 .libc            0x0003f8         0x9c build\udb5\write.o
                  0x0003f8                  _write
 .libc            0x000494         0x2c c:/program files (x86)/microchip/xc16/v1.21/bin/bin/../../lib\liblega-c-elf.a(printf_cdnopuxX.XXeo)
                  0x000494                  printf_cdnopuxX.XXeo:_prout
                  0x0004b0                  __printf_cdnopuxX
 .libc            0x0004c0        0x166 c:/program files (x86)/microchip/xc16/v1.21/bin/bin/../../lib\liblega-c-elf.a(xprintf_cdnopuxX.XXeo)
                  0x0004c0                  ___Printf_cdnopuxX
 .libc            0x000626        0x22a c:/program files (x86)/microchip/xc16/v1.21/bin/bin/../../lib\liblega-c-elf.a(xputfld_cdnopuxX.XXeo)
                  0x000626                  ___Putfld_cdnopuxX
 *(.libm)
 *(.libdsp)
 .libdsp          0x000850         0x40 build\udb5\madd.o
                  0x000850                  _MatrixAdd
 .libdsp          0x000890         0x7a build\udb5\mmul.o
                  0x000890                  _MatrixMultiply
 .libdsp          0x00090a         0x3c build\udb5\mscl.o
                  0x00090a                  _MatrixScale
 .libdsp          0x000946         0x4e build\udb5\msub.o
                  0x000946                  _MatrixSubtract
 .libdsp          0x000994         0x48 build\udb5\mtrp.o
                  0x000994                  _MatrixTranspose
 .libdsp          0x0009dc         0x3e build\udb5\vadd.o
                  0x0009dc                  _VectorAdd
 .libdsp          0x000a1a         0xf8 build\udb5\vcon.o
                  0x000a1a                  _VectorConvolve
 .libdsp          0x000b12         0x10 build\udb5\vcopy.o
                  0x000b12                  _VectorCopy
 .libdsp          0x000b22         0x30 build\udb5\vcor.o
                  0x000b22                  _VectorCorrelate
 .libdsp          0x000b52         0x3a build\udb5\vdot.o
                  0x000b52                  _VectorDotProduct
 .libdsp          0x000b8c         0x1a build\udb5\vmax.o
                  0x000b8c                  _VectorMax
 .libdsp          0x000ba6         0x1a build\udb5\vmin.o
                  0x000ba6                  _VectorMin
 .libdsp          0x000bc0         0x3c build\udb5\vmul.o
                  0x000bc0                  _VectorMultiply
 .libdsp          0x000bfc         0x40 build\udb5\vneg.o
                  0x000bfc                  _VectorNegate
 .libdsp          0x000c3c         0x38 build\udb5\vpow.o
                  0x000c3c                  _VectorPower
 .libdsp          0x000c74         0x3c build\udb5\vscl.o
                  0x000c74                  _VectorScale
 .libdsp          0x000cb0         0x4c build\udb5\vsub.o
                  0x000cb0                  _VectorSubtract
 .libdsp          0x000cfc         0x1e build\udb5\vzpad.o
                  0x000cfc                  _VectorZeroPad
 *(.lib*)
 .libperi         0x000d1a          0x8 c:/program files (x86)/microchip/xc16/v1.21/bin/bin/../../lib/dsPIC33F\libp33FJ256GP710A-elf.a(CloseSPI1.o)
                  0x000d1a                  _CloseSPI1
 .libperi         0x000d22          0x8 c:/program files (x86)/microchip/xc16/v1.21/bin/bin/../../lib/dsPIC33F\libp33FJ256GP710A-elf.a(CloseSPI2.o)
                  0x000d22                  _CloseSPI2
 .libperi         0x000d2a         0x24 c:/program files (x86)/microchip/xc16/v1.21/bin/bin/../../lib/dsPIC33F\libp33FJ256GP710A-elf.a(ConfigIntSPI1.o)
                  0x000d2a                  _ConfigIntSPI1
 .libperi         0x000d4e         0x24 c:/program files (x86)/microchip/xc16/v1.21/bin/bin/../../lib/dsPIC33F\libp33FJ256GP710A-elf.a(ConfigIntSPI2.o)
                  0x000d4e                  _ConfigIntSPI2
 .libperi         0x000d72          0x8 c:/program files (x86)/microchip/xc16/v1.21/bin/bin/../../lib/dsPIC33F\libp33FJ256GP710A-elf.a(OpenSPI1.o)
                  0x000d72                  _OpenSPI1
 .libperi         0x000d7a          0x8 c:/program files (x86)/microchip/xc16/v1.21/bin/bin/../../lib/dsPIC33F\libp33FJ256GP710A-elf.a(OpenSPI2.o)
                  0x000d7a                  _OpenSPI2
 .libm.subsf3     0x000d82         0xbc c:/program files (x86)/microchip/xc16/v1.21/bin/bin/../../lib\libm-elf.a(addsf3.eo)
                  0x000d82                  ___subsf3
                  0x000d84                  ___addsf3
 .libm.divfs3     0x000e3e         0x84 c:/program files (x86)/microchip/xc16/v1.21/bin/bin/../../lib\libm-elf.a(divsf3.eo)
                  0x000e3e                  ___divsf3
 .libm.divsi3     0x000ec2         0x1e c:/program files (x86)/microchip/xc16/v1.21/bin/bin/../../lib\libm-elf.a(divsi3.eo)
                  0x000ec2                  ___divsi3
 .libm.fixsfsi    0x000ee0         0x42 c:/program files (x86)/microchip/xc16/v1.21/bin/bin/../../lib\libm-elf.a(fixsfsi.eo)
                  0x000ee0                  _(float, int, long long, short, float, short, int)
 .libm.floatsisf
                  0x000f22          0x6 c:/program files (x86)/microchip/xc16/v1.21/bin/bin/../../lib\libm-elf.a(floatsisf.eo)
                  0x000f22                  ___floatsisf
 .libm.fpack      0x000f28         0x4c c:/program files (x86)/microchip/xc16/v1.21/bin/bin/../../lib\libm-elf.a(fpack.eo)
                  0x000f28                  __fpack
 .libm.funpack    0x000f74         0x2a c:/program files (x86)/microchip/xc16/v1.21/bin/bin/../../lib\libm-elf.a(funpack.eo)
                  0x000f74                  __funpack
 .libm.funpack2
                  0x000f9e         0x10 c:/program files (x86)/microchip/xc16/v1.21/bin/bin/../../lib\libm-elf.a(funpack2.eo)
                  0x000f9e                  __funpack2
 .libm.fPropagateNaN
                  0x000fae         0x12 c:/program files (x86)/microchip/xc16/v1.21/bin/bin/../../lib\libm-elf.a(futil.eo)
                  0x000fae                  __fPropagateNaN
 .libm.fbobExit
                  0x000fc0          0x8 c:/program files (x86)/microchip/xc16/v1.21/bin/bin/../../lib\libm-elf.a(futil.eo)
                  0x000fc0                  __fbopExit
 .libm.fbopReturnNaN
                  0x000fc8          0x6 c:/program files (x86)/microchip/xc16/v1.21/bin/bin/../../lib\libm-elf.a(futil.eo)
                  0x000fc8                  __fbopReturnNaN
 .libm.mulsf3     0x000fce         0x68 c:/program files (x86)/microchip/xc16/v1.21/bin/bin/../../lib\libm-elf.a(mulsf3.eo)
                  0x000fce                  ___mulsf3
 .libm.powf       0x001036        0x1c6 c:/program files (x86)/microchip/xc16/v1.21/bin/bin/../../lib\libm-elf.a(powf.eo)
                  0x001036                  _powf
 .libm.udivsi3    0x0011fc         0x20 c:/program files (x86)/microchip/xc16/v1.21/bin/bin/../../lib\libm-elf.a(udivsi3.eo)
                  0x0011fc                  ___udivsi3
 .libm.__PplusBdi.__PplusBdi
                  0x00121c         0x28 c:/program files (x86)/microchip/xc16/v1.21/bin/bin/../../lib\libm-elf.a(divmoddi3.eo)
 .libm.__PminusBdi.__PminusBdi
                  0x001244         0x4a c:/program files (x86)/microchip/xc16/v1.21/bin/bin/../../lib\libm-elf.a(divmoddi3.eo)
 .libm.__udivmoddi3.__udivmoddi3
                  0x00128e         0xe4 c:/program files (x86)/microchip/xc16/v1.21/bin/bin/../../lib\libm-elf.a(divmoddi3.eo)
                  0x00128e                  ___udivmoddi3
 .libm.__udivdi3.__udivdi3
                  0x001372          0xe c:/program files (x86)/microchip/xc16/v1.21/bin/bin/../../lib\libm-elf.a(divmoddi3.eo)
                  0x001372                  ___udivdi3
 .libm.__umoddi3.__umoddi3
                  0x001380          0x8 c:/program files (x86)/microchip/xc16/v1.21/bin/bin/../../lib\libm-elf.a(divmoddi3.eo)
                  0x001380                  ___umoddi3
 .libm.__divdi3.__divdi3
                  0x001388         0x60 c:/program files (x86)/microchip/xc16/v1.21/bin/bin/../../lib\libm-elf.a(divmoddi3.eo)
                  0x001388                  ___divdi3
 .libm.__moddi3.__moddi3
                  0x0013e8         0x5c c:/program files (x86)/microchip/xc16/v1.21/bin/bin/../../lib\libm-elf.a(divmoddi3.eo)
                  0x0013e8                  ___moddi3
 .libm.frexpf     0x001444         0x1a c:/program files (x86)/microchip/xc16/v1.21/bin/bin/../../lib\libm-elf.a(_frexpf.eo)
                  0x001444                  __frexpf
 .libm.expf       0x00145e         0xc4 c:/program files (x86)/microchip/xc16/v1.21/bin/bin/../../lib\libm-elf.a(expf.eo)
                  0x00145e                  _expf
 .libm.fchop      0x001522         0x4e c:/program files (x86)/microchip/xc16/v1.21/bin/bin/../../lib\libm-elf.a(fchop.eo)
                  0x001522                  __fchop
 .libm.eqsf2      0x001570          0x4 c:/program files (x86)/microchip/xc16/v1.21/bin/bin/../../lib\libm-elf.a(feqltle.eo)
                  0x001570                  ___eqsf2
                  0x001570                  ___ltsf2
                  0x001570                  ___lesf2
 .libm.gtsf2      0x001574          0x4 c:/program files (x86)/microchip/xc16/v1.21/bin/bin/../../lib\libm-elf.a(fgtge.eo)
                  0x001574                  ___gesf2
                  0x001574                  ___gtsf2
 .libm.floatdisf
                  0x001578         0x20 c:/program files (x86)/microchip/xc16/v1.21/bin/bin/../../lib\libm-elf.a(floatdisf.eo)
                  0x001578                  ___floatdisf
 .libm.floatundisf
                  0x001598         0x5e c:/program files (x86)/microchip/xc16/v1.21/bin/bin/../../lib\libm-elf.a(floatundisf.eo)
                  0x001598                  ___floatundisf
 .libm.ldexpf     0x0015f6         0x44 c:/program files (x86)/microchip/xc16/v1.21/bin/bin/../../lib\libm-elf.a(ldexpf.eo)
                  0x0015f6                  _ldexpf
 .libm.logf       0x00163a         0xae c:/program files (x86)/microchip/xc16/v1.21/bin/bin/../../lib\libm-elf.a(logf.eo)
                  0x00163a                  _logf
 .libm.fcompare
                  0x0016e8         0x36 c:/program files (x86)/microchip/xc16/v1.21/bin/bin/../../lib\libm-elf.a(fcompare.eo)
                  0x0016e8                  __fcompare
 .libc.strlen.strlen
                  0x00171e          0xe c:/program files (x86)/microchip/xc16/v1.21/bin/bin/../../lib\liblega-c-elf.a(strlen.XXeo)
                  0x00171e                  _strlen
 .libc.prout.prout
                  0x00172c         0x22 c:/program files (x86)/microchip/xc16/v1.21/bin/bin/../../lib\liblega-c-elf.a(vsnprint.XXeo)
                  0x00172c                  vsnprint.XXeo:_prout
 .libc.vsnprintf.vsnprintf
                  0x00174e         0x20 c:/program files (x86)/microchip/xc16/v1.21/bin/bin/../../lib\liblega-c-elf.a(vsnprint.XXeo)
                  0x00174e                  _vsnprintf
 .libc._Printf._Printf
                  0x00176e        0x166 c:/program files (x86)/microchip/xc16/v1.21/bin/bin/../../lib\liblega-c-elf.a(xprintf.XXeo)
                  0x00176e                  __Printf
 .libc._Putfld._Putfld
                  0x0018d4        0x2e2 c:/program files (x86)/microchip/xc16/v1.21/bin/bin/../../lib\liblega-c-elf.a(xputfld.XXeo)
                  0x0018d4                  __Putfld
 .libc.strchr.strchr
                  0x001bb6         0x22 c:/program files (x86)/microchip/xc16/v1.21/bin/bin/../../lib\liblega-c-elf.a(strchr.XXelo)
                  0x001bb6                  _strchr
 .libc._Vacopy._Vacopy
                  0x001bd8          0x4 c:/program files (x86)/microchip/xc16/v1.21/bin/bin/../../lib\liblega-c-elf.a(xvacopy.XXelo)
                  0x001bd8                  __Vacopy
 .libc.fwrite.fwrite
                  0x001bdc         0xa2 c:/program files (x86)/microchip/xc16/v1.21/bin/bin/../../lib\liblega-c-elf.a(fwrite.XXeo)
                  0x001bdc                  _fwrite
 .libc.memchr.memchr
                  0x001c7e         0x16 c:/program files (x86)/microchip/xc16/v1.21/bin/bin/../../lib\liblega-c-elf.a(memchr.XXeo)
                  0x001c7e                  _memchr
 .libc.memcpy.memcpy
                  0x001c94          0xe c:/program files (x86)/microchip/xc16/v1.21/bin/bin/../../lib\liblega-c-elf.a(memcpy.XXeo)
                  0x001c94                  _memcpy
 .libc._Fwprep._Fwprep
                  0x001ca2         0x8e c:/program files (x86)/microchip/xc16/v1.21/bin/bin/../../lib\liblega-c-elf.a(xfwprep.XXeo)
                  0x001ca2                  __Fwprep
 .libc._Ldtob._Ldtob
                  0x001d30        0x3fc c:/program files (x86)/microchip/xc16/v1.21/bin/bin/../../lib\liblega-c-elf.a(xldtob.XXeo)
                  0x001d30                  __Ldtob
 .libc._LDunscale._LDunscale
                  0x00212c         0x54 c:/program files (x86)/microchip/xc16/v1.21/bin/bin/../../lib\liblega-c-elf.a(xldunsca.XXeo)
                  0x00212c                  __LDunscale
 .libc._Litob._Litob
                  0x002180        0x27a c:/program files (x86)/microchip/xc16/v1.21/bin/bin/../../lib\liblega-c-elf.a(xlitob.XXeo)
                  0x002180                  __Litob
 .libc._Puttxt._Puttxt
                  0x0023fa        0x178 c:/program files (x86)/microchip/xc16/v1.21/bin/bin/../../lib\liblega-c-elf.a(xputtxt.XXeo)
                  0x0023fa                  __Puttxt
 .libc.closeallreg.closeallreg
                  0x002572          0x4 c:/program files (x86)/microchip/xc16/v1.21/bin/bin/../../lib\liblega-c-elf.a(fclose.XXelo)
 .libc._Closreg._Closreg
                  0x002576         0x14 c:/program files (x86)/microchip/xc16/v1.21/bin/bin/../../lib\liblega-c-elf.a(fclose.XXelo)
                  0x002576                  __Closreg
 .libc.fclose.fclose
                  0x00258a         0x92 c:/program files (x86)/microchip/xc16/v1.21/bin/bin/../../lib\liblega-c-elf.a(fclose.XXelo)
                  0x00258a                  _fclose
 .libc.closeall.closeall
                  0x00261c         0x20 c:/program files (x86)/microchip/xc16/v1.21/bin/bin/../../lib\liblega-c-elf.a(fclose.XXelo)
                  0x00261c                  fclose.XXelo:_closeall
 .libc._DNKfflush._DNKfflush
                  0x00263c         0x7e c:/program files (x86)/microchip/xc16/v1.21/bin/bin/../../lib\liblega-c-elf.a(fflush.XXelo)
                  0x00263c                  __DNKfflush
 .libc.ldiv.ldiv
                  0x0026ba         0x2a c:/program files (x86)/microchip/xc16/v1.21/bin/bin/../../lib\liblega-c-elf.a(ldiv.XXelo)
                  0x0026ba                  _ldiv
 .libc._Atexit._Atexit
                  0x0026e4         0x18 c:/program files (x86)/microchip/xc16/v1.21/bin/bin/../../lib\liblega-c-elf.a(xatexit.XXelo)
                  0x0026e4                  __Atexit
 .libc._Dnorm._Dnorm
                  0x0026fc         0x9e c:/program files (x86)/microchip/xc16/v1.21/bin/bin/../../lib\liblega-c-elf.a(xdnorm.XXelo)
                  0x0026fc                  __Dnorm
 .libc._LDscale._LDscale
                  0x00279a         0xf8 c:/program files (x86)/microchip/xc16/v1.21/bin/bin/../../lib\liblega-c-elf.a(xldscale.XXelo)
                  0x00279a                  __LDscale
 .libc.free.free
                  0x002892         0x64 c:/program files (x86)/microchip/xc16/v1.21/bin/bin/../../lib\liblega-c-elf.a(free.XXeo)
                  0x002892                  _free
 .libc.findmem.findmem
                  0x0028f6         0x64 c:/program files (x86)/microchip/xc16/v1.21/bin/bin/../../lib\liblega-c-elf.a(malloc.XXeo)
 .libc.malloc.malloc
                  0x00295a         0x54 c:/program files (x86)/microchip/xc16/v1.21/bin/bin/../../lib\liblega-c-elf.a(malloc.XXeo)
                  0x00295a                  _malloc
 .libc._Genld._Genld
                  0x0029ae        0x266 c:/program files (x86)/microchip/xc16/v1.21/bin/bin/../../lib\liblega-c-elf.a(xgenld.XXeo)
                  0x0029ae                  __Genld
 .libc._Getmem._Getmem
                  0x002c14         0x14 c:/program files (x86)/microchip/xc16/v1.21/bin/bin/../../lib\liblega-c-elf.a(xgetmem.XXeo)
                  0x002c14                  __Getmem
 .libc.div.div    0x002c28         0x14 c:/program files (x86)/microchip/xc16/v1.21/bin/bin/../../lib\liblega-c-elf.a(div.XXelo)
                  0x002c28                  _div
 .libc.doclose.doclose
                  0x002c3c          0x4 c:/program files (x86)/microchip/xc16/v1.21/bin/bin/../../lib\liblega-pic30-elf.a(close.Leo)
 .libc.close      0x002c40         0x12 c:/program files (x86)/microchip/xc16/v1.21/bin/bin/../../lib\liblega-pic30-elf.a(close.Leo)
                  0x002c40                  _close
 .libc.doremove.doremove
                  0x002c52          0x4 c:/program files (x86)/microchip/xc16/v1.21/bin/bin/../../lib\liblega-pic30-elf.a(remove.Leo)
 .libc.remove     0x002c56         0x12 c:/program files (x86)/microchip/xc16/v1.21/bin/bin/../../lib\liblega-pic30-elf.a(remove.Leo)
                  0x002c56                  _remove
 .libc.sbrk       0x002c68         0x28 c:/program files (x86)/microchip/xc16/v1.21/bin/bin/../../lib\liblega-pic30-elf.a(sbrk.Leo)
                  0x002c68                  _sbrk
 .libc.brk        0x002c90         0x1c c:/program files (x86)/microchip/xc16/v1.21/bin/bin/../../lib\liblega-pic30-elf.a(brk.Lelo)
                  0x002c90                  _brk
 .libm.eqdf2      0x002cac          0xa c:/program files (x86)/microchip/xc16/v1.21/bin/bin/../../lib\libm-elf.a(deqltle.eo)
                  0x002cac                  ___eqdf2
                  0x002cac                  ___ltdf2
                  0x002cac                  ___ledf2
 .libm.gtdf2      0x002cb6          0xa c:/program files (x86)/microchip/xc16/v1.21/bin/bin/../../lib\libm-elf.a(dgtge.eo)
                  0x002cb6                  ___gtdf2
                  0x002cb6                  ___gedf2
 .libm.divdf3     0x002cc0         0xb4 c:/program files (x86)/microchip/xc16/v1.21/bin/bin/../../lib\libm-elf.a(divdf3.eo)
                  0x002cc0                  ___divdf3
 .libm.dpack      0x002d74         0x58 c:/program files (x86)/microchip/xc16/v1.21/bin/bin/../../lib\libm-elf.a(dpack.eo)
                  0x002d74                  __dpack
 .libm.dunpack2
                  0x002dcc         0x32 c:/program files (x86)/microchip/xc16/v1.21/bin/bin/../../lib\libm-elf.a(dunpack2.eo)
                  0x002dcc                  __dunpack2
                  0x002dee                  __dreturnNaN
                  0x002df4                  __dunpack2exit
 .libm.extendsfdf2
                  0x002dfe         0x3e c:/program files (x86)/microchip/xc16/v1.21/bin/bin/../../lib\libm-elf.a(extendsfdf.eo)
                  0x002dfe                  ___extendsfdf2
 .libm.fixdfsi    0x002e3c         0x58 c:/program files (x86)/microchip/xc16/v1.21/bin/bin/../../lib\libm-elf.a(fixdfsi.eo)
                  0x002e3c                  _(float, int, long long, double, float, short, int)
 .libm.floatsidf
                  0x002e94          0x6 c:/program files (x86)/microchip/xc16/v1.21/bin/bin/../../lib\libm-elf.a(floatsidf.eo)
                  0x002e94                  ___floatsidf
 .libm.muldf3     0x002e9a         0xea c:/program files (x86)/microchip/xc16/v1.21/bin/bin/../../lib\libm-elf.a(muldf3.eo)
                  0x002e9a                  ___muldf3
 .libm.subdf3     0x002f84          0x4 c:/program files (x86)/microchip/xc16/v1.21/bin/bin/../../lib\libm-elf.a(subdf3.eo)
                  0x002f84                  ___subdf3
 .libm.umodsi3    0x002f88          0x6 c:/program files (x86)/microchip/xc16/v1.21/bin/bin/../../lib\libm-elf.a(umodsi3.eo)
                  0x002f88                  ___umodsi3
 .libm.mulsi3     0x002f8e          0xc c:/program files (x86)/microchip/xc16/v1.21/bin/bin/../../lib\libm-elf.a(mulsi3.eo)
                  0x002f8e                  ___mulp32peds3
                  0x002f8e                  ___mulsi3
                  0x002f8e                  ___mulp32eds3
 .libm.adddf3     0x002f9a         0xfa c:/program files (x86)/microchip/xc16/v1.21/bin/bin/../../lib\libm-elf.a(adddf3.eo)
                  0x002f9a                  ___adddf3
 .libm.dcompare
                  0x003094         0x52 c:/program files (x86)/microchip/xc16/v1.21/bin/bin/../../lib\libm-elf.a(dcompare.eo)
                  0x003094                  __dcompare
 .libm.dPropagateNaN
                  0x0030e6         0x1c c:/program files (x86)/microchip/xc16/v1.21/bin/bin/../../lib\libm-elf.a(dpropagateNaN.eo)
                  0x0030e6                  __dPropagateNaN
 .libm.dtype      0x003102         0x24 c:/program files (x86)/microchip/xc16/v1.21/bin/bin/../../lib\libm-elf.a(dtype.eo)
                  0x003102                  __dtype
 .libm.dunpack    0x003126         0x4e c:/program files (x86)/microchip/xc16/v1.21/bin/bin/../../lib\libm-elf.a(dunpack.eo)
                  0x003126                  __dunpack
 .libm.floatdidf
                  0x003174         0x20 c:/program files (x86)/microchip/xc16/v1.21/bin/bin/../../lib\libm-elf.a(floatdidf.eo)
                  0x003174                  ___floatdidf
 .libm.floatundidf
                  0x003194         0x56 c:/program files (x86)/microchip/xc16/v1.21/bin/bin/../../lib\libm-elf.a(floatundidf.eo)
                  0x003194                  ___floatundidf

usercode
 *(usercode)

__FBS
 *(__FBS.sec*)

__FSS
 *(__FSS.sec*)

__FGS             0xf80004          0x2
 *(__FGS.sec*)
 __FGS.sec        0xf80004          0x2 FGS
                  0xf80004                  __FGS.sec

__FOSCSEL         0xf80006          0x2
 *(__FOSCSEL.sec*)
 __FOSCSEL.sec    0xf80006          0x2 build\udb5\mcu.o

__FOSC            0xf80008          0x2
 *(__FOSC.sec*)
 __FOSC.sec       0xf80008          0x2 build\udb5\mcu.o

__FWDT            0xf8000a          0x2
 *(__FWDT.sec*)
 __FWDT.sec       0xf8000a          0x2 build\udb5\mcu.o

__FPOR            0xf8000c          0x2
 *(__FPOR.sec*)
 __FPOR.sec       0xf8000c          0x2 build\udb5\mcu.o

__FICD            0xf8000e          0x2
 *(__FICD.sec*)
 __FICD.sec       0xf8000e          0x2 build\udb5\mcu.o

__FUID0
 *(__FUID0.sec*)

__FUID1
 *(__FUID1.sec*)

__FUID2
 *(__FUID2.sec*)

__FUID3
 *(__FUID3.sec*)

.comment          0x000000         0x5e
 *(.comment)
 .comment         0x000000         0x5e c:/program files (x86)/microchip/xc16/v1.21/bin/bin/../../lib\liblega-c-elf.a(xfiles.XXeo)

.debug_info       0x000000      0x20246
 *(.debug_info)
 .debug_info      0x000000        0x145 build\udb5\config_tests.o
 .debug_info      0x000145       0x1a8b build\udb5\background.o
 .debug_info      0x001bd0        0x6bb build\udb5\behavior.o
 .debug_info      0x00228b        0x4da build\udb5\cameraCntrl.o
 .debug_info      0x002765        0x155 build\udb5\main.o
 .debug_info      0x0028ba        0xd77 build\udb5\navigate.o
 .debug_info      0x003631        0xac9 build\udb5\pitchCntrl.o
 .debug_info      0x0040fa        0x9e3 build\udb5\rollCntrl.o
 .debug_info      0x004add        0x7dc build\udb5\servoMix.o
 .debug_info      0x0052b9        0xa6b build\udb5\states.o
 .debug_info      0x005d24        0xa69 build\udb5\yawCntrl.o
 .debug_info      0x00678d        0x757 build\udb5\libUDB.o
 .debug_info      0x006ee4       0x121e build\udb5\telemetry.o
 .debug_info      0x008102        0x547 build\udb5\servoPrepare.o
 .debug_info      0x008649        0x4e5 build\udb5\estWind.o
 .debug_info      0x008b2e        0x462 build\udb5\estYawDrift.o
 .debug_info      0x008f90        0xb9f build\udb5\gpsParseCommon.o
 .debug_info      0x009b2f        0x8aa build\udb5\gpsParseSTD.o
 .debug_info      0x00a3d9        0x14e build\udb5\gpsParseUBX.o
 .debug_info      0x00a527        0xb2b build\udb5\mathlibNAV.o
 .debug_info      0x00b052        0xae4 build\udb5\rmat.o
 .debug_info      0x00bb36        0x6b9 build\udb5\libDCM.o
 .debug_info      0x00c1ef       0x102f build\udb5\servoOut.o
 .debug_info      0x00d21e       0x103c build\udb5\flightplan-waypoints.o
 .debug_info      0x00e25a        0x148 build\udb5\flightplan-logo.o
 .debug_info      0x00e3a2        0x897 build\udb5\deadReckoning.o
 .debug_info      0x00ec39        0x13d build\udb5\osd.o
 .debug_info      0x00ed76        0x13f build\udb5\mp_osd.o
 .debug_info      0x00eeb5        0x14f build\udb5\gpsParseMTEK.o
 .debug_info      0x00f004       0x177a build\udb5\altitudeCntrl.o
 .debug_info      0x01077e        0x140 build\udb5\MAVLink.o
 .debug_info      0x0108be        0x5a2 build\udb5\mode_switch.o
 .debug_info      0x010e60        0x141 build\udb5\24LC256.o
 .debug_info      0x010fa1        0xd9f build\udb5\events.o
 .debug_info      0x011d40        0x13d build\udb5\data_services.o
 .debug_info      0x011e7d        0x13c build\udb5\data_storage.o
 .debug_info      0x011fb9        0x148 build\udb5\nv_memory_table.o
 .debug_info      0x012101        0x148 build\udb5\parameter_table.o
 .debug_info      0x012249        0x146 build\udb5\airspeedCntrl.o
 .debug_info      0x01238f        0x14e build\udb5\altitudeCntrlVariable.o
 .debug_info      0x0124dd         0x99 build\udb5\madd.o
 .debug_info      0x012576         0x99 build\udb5\mmul.o
 .debug_info      0x01260f         0x99 build\udb5\mscl.o
 .debug_info      0x0126a8         0x99 build\udb5\msub.o
 .debug_info      0x012741         0x99 build\udb5\mtrp.o
 .debug_info      0x0127da         0x99 build\udb5\vadd.o
 .debug_info      0x012873         0x99 build\udb5\vcon.o
 .debug_info      0x01290c         0x9a build\udb5\vcopy.o
 .debug_info      0x0129a6         0x99 build\udb5\vcor.o
 .debug_info      0x012a3f         0x99 build\udb5\vdot.o
 .debug_info      0x012ad8         0x99 build\udb5\vmax.o
 .debug_info      0x012b71         0x99 build\udb5\vmin.o
 .debug_info      0x012c0a         0x99 build\udb5\vmul.o
 .debug_info      0x012ca3         0x99 build\udb5\vneg.o
 .debug_info      0x012d3c         0x99 build\udb5\vpow.o
 .debug_info      0x012dd5         0x99 build\udb5\vscl.o
 .debug_info      0x012e6e         0x99 build\udb5\vsub.o
 .debug_info      0x012f07         0x9a build\udb5\vzpad.o
 .debug_info      0x012fa1        0x22d build\udb5\euler_angles.o
 .debug_info      0x0131ce        0xe36 build\udb5\mpu6000.o
 .debug_info      0x014004       0x1591 build\udb5\spiUtils.o
 .debug_info      0x015595       0x1ab8 build\udb5\analog2digital_udb5.o
 .debug_info      0x01704d         0x95 build\udb5\traps_asm.o
 .debug_info      0x0170e2        0x14d build\udb5\analog2digital_udb4.o
 .debug_info      0x01722f        0x952 build\udb5\mcu.o
 .debug_info      0x017b81        0x3c8 build\udb5\estAltitude.o
 .debug_info      0x017f49        0x694 build\udb5\eeprom_udb4.o
 .debug_info      0x0185dd        0x46f build\udb5\traps.o
 .debug_info      0x018a4c        0x8ae build\udb5\barometer.o
 .debug_info      0x0192fa        0x13e build\udb5\I2C1.o
 .debug_info      0x019438       0x111d build\udb5\I2C2.o
 .debug_info      0x01a555        0x253 build\udb5\magnetometer.o
 .debug_info      0x01a7a8       0x2834 build\udb5\radioIn.o
 .debug_info      0x01cfdc       0x1845 build\udb5\serialIO.o
 .debug_info      0x01e821        0x8fd build\udb5\read.o
 .debug_info      0x01f11e        0x147 build\udb5\uart.o
 .debug_info      0x01f265        0x8e2 build\udb5\write.o
 .debug_info      0x01fb47        0x137 build\udb5\console.o
 .debug_info      0x01fc7e        0x5c8 build\udb5\sonarCntrl.o
 *(.gnu.linkonce.wi.*)

.debug_abbrev     0x000000       0x3a30
 *(.debug_abbrev)
 .debug_abbrev    0x000000         0x1f build\udb5\config_tests.o
 .debug_abbrev    0x00001f        0x14f build\udb5\background.o
 .debug_abbrev    0x00016e        0x12c build\udb5\behavior.o
 .debug_abbrev    0x00029a        0x103 build\udb5\cameraCntrl.o
 .debug_abbrev    0x00039d         0x36 build\udb5\main.o
 .debug_abbrev    0x0003d3        0x1d7 build\udb5\navigate.o
 .debug_abbrev    0x0005aa        0x169 build\udb5\pitchCntrl.o
 .debug_abbrev    0x000713        0x154 build\udb5\rollCntrl.o
 .debug_abbrev    0x000867        0x139 build\udb5\servoMix.o
 .debug_abbrev    0x0009a0        0x177 build\udb5\states.o
 .debug_abbrev    0x000b17        0x158 build\udb5\yawCntrl.o
 .debug_abbrev    0x000c6f        0x1ac build\udb5\libUDB.o
 .debug_abbrev    0x000e1b        0x1fa build\udb5\telemetry.o
 .debug_abbrev    0x001015         0xe8 build\udb5\servoPrepare.o
 .debug_abbrev    0x0010fd         0xe7 build\udb5\estWind.o
 .debug_abbrev    0x0011e4         0xcf build\udb5\estYawDrift.o
 .debug_abbrev    0x0012b3        0x142 build\udb5\gpsParseCommon.o
 .debug_abbrev    0x0013f5        0x17b build\udb5\gpsParseSTD.o
 .debug_abbrev    0x001570         0x1f build\udb5\gpsParseUBX.o
 .debug_abbrev    0x00158f        0x182 build\udb5\mathlibNAV.o
 .debug_abbrev    0x001711        0x1f3 build\udb5\rmat.o
 .debug_abbrev    0x001904        0x120 build\udb5\libDCM.o
 .debug_abbrev    0x001a24        0x12e build\udb5\servoOut.o
 .debug_abbrev    0x001b52        0x254 build\udb5\flightplan-waypoints.o
 .debug_abbrev    0x001da6         0x1f build\udb5\flightplan-logo.o
 .debug_abbrev    0x001dc5         0xeb build\udb5\deadReckoning.o
 .debug_abbrev    0x001eb0         0x1f build\udb5\osd.o
 .debug_abbrev    0x001ecf         0x1f build\udb5\mp_osd.o
 .debug_abbrev    0x001eee         0x1f build\udb5\gpsParseMTEK.o
 .debug_abbrev    0x001f0d        0x1f7 build\udb5\altitudeCntrl.o
 .debug_abbrev    0x002104         0x1f build\udb5\MAVLink.o
 .debug_abbrev    0x002123         0xd7 build\udb5\mode_switch.o
 .debug_abbrev    0x0021fa         0x1f build\udb5\24LC256.o
 .debug_abbrev    0x002219        0x1b6 build\udb5\events.o
 .debug_abbrev    0x0023cf         0x1f build\udb5\data_services.o
 .debug_abbrev    0x0023ee         0x1f build\udb5\data_storage.o
 .debug_abbrev    0x00240d         0x1f build\udb5\nv_memory_table.o
 .debug_abbrev    0x00242c         0x1f build\udb5\parameter_table.o
 .debug_abbrev    0x00244b         0x1f build\udb5\airspeedCntrl.o
 .debug_abbrev    0x00246a         0x1f build\udb5\altitudeCntrlVariable.o
 .debug_abbrev    0x002489         0x14 build\udb5\madd.o
 .debug_abbrev    0x00249d         0x14 build\udb5\mmul.o
 .debug_abbrev    0x0024b1         0x14 build\udb5\mscl.o
 .debug_abbrev    0x0024c5         0x14 build\udb5\msub.o
 .debug_abbrev    0x0024d9         0x14 build\udb5\mtrp.o
 .debug_abbrev    0x0024ed         0x14 build\udb5\vadd.o
 .debug_abbrev    0x002501         0x14 build\udb5\vcon.o
 .debug_abbrev    0x002515         0x14 build\udb5\vcopy.o
 .debug_abbrev    0x002529         0x14 build\udb5\vcor.o
 .debug_abbrev    0x00253d         0x14 build\udb5\vdot.o
 .debug_abbrev    0x002551         0x14 build\udb5\vmax.o
 .debug_abbrev    0x002565         0x14 build\udb5\vmin.o
 .debug_abbrev    0x002579         0x14 build\udb5\vmul.o
 .debug_abbrev    0x00258d         0x14 build\udb5\vneg.o
 .debug_abbrev    0x0025a1         0x14 build\udb5\vpow.o
 .debug_abbrev    0x0025b5         0x14 build\udb5\vscl.o
 .debug_abbrev    0x0025c9         0x14 build\udb5\vsub.o
 .debug_abbrev    0x0025dd         0x14 build\udb5\vzpad.o
 .debug_abbrev    0x0025f1         0x8f build\udb5\euler_angles.o
 .debug_abbrev    0x002680        0x128 build\udb5\mpu6000.o
 .debug_abbrev    0x0027a8        0x1e1 build\udb5\spiUtils.o
 .debug_abbrev    0x002989        0x199 build\udb5\analog2digital_udb5.o
 .debug_abbrev    0x002b22         0x14 build\udb5\traps_asm.o
 .debug_abbrev    0x002b36         0x1f build\udb5\analog2digital_udb4.o
 .debug_abbrev    0x002b55        0x131 build\udb5\mcu.o
 .debug_abbrev    0x002c86         0x96 build\udb5\estAltitude.o
 .debug_abbrev    0x002d1c        0x112 build\udb5\eeprom_udb4.o
 .debug_abbrev    0x002e2e         0xd2 build\udb5\traps.o
 .debug_abbrev    0x002f00        0x1f4 build\udb5\barometer.o
 .debug_abbrev    0x0030f4         0x1f build\udb5\I2C1.o
 .debug_abbrev    0x003113        0x1e9 build\udb5\I2C2.o
 .debug_abbrev    0x0032fc         0x6d build\udb5\magnetometer.o
 .debug_abbrev    0x003369        0x1c5 build\udb5\radioIn.o
 .debug_abbrev    0x00352e        0x153 build\udb5\serialIO.o
 .debug_abbrev    0x003681        0x119 build\udb5\read.o
 .debug_abbrev    0x00379a         0x1f build\udb5\uart.o
 .debug_abbrev    0x0037b9        0x110 build\udb5\write.o
 .debug_abbrev    0x0038c9         0x1f build\udb5\console.o
 .debug_abbrev    0x0038e8        0x148 build\udb5\sonarCntrl.o

.debug_line       0x000000       0xa9d9
 *(.debug_line)
 .debug_line      0x000000         0x24 build\udb5\config_tests.o
 .debug_line      0x000024        0x43d build\udb5\background.o
 .debug_line      0x000461        0x365 build\udb5\behavior.o
 .debug_line      0x0007c6        0x1ff build\udb5\cameraCntrl.o
 .debug_line      0x0009c5         0x93 build\udb5\main.o
 .debug_line      0x000a58        0x698 build\udb5\navigate.o
 .debug_line      0x0010f0        0x33b build\udb5\pitchCntrl.o
 .debug_line      0x00142b        0x38a build\udb5\rollCntrl.o
 .debug_line      0x0017b5        0x302 build\udb5\servoMix.o
 .debug_line      0x001ab7        0x722 build\udb5\states.o
 .debug_line      0x0021d9        0x299 build\udb5\yawCntrl.o
 .debug_line      0x002472        0x27c build\udb5\libUDB.o
 .debug_line      0x0026ee        0x6c3 build\udb5\telemetry.o
 .debug_line      0x002db1        0x243 build\udb5\servoPrepare.o
 .debug_line      0x002ff4        0x328 build\udb5\estWind.o
 .debug_line      0x00331c        0x1e2 build\udb5\estYawDrift.o
 .debug_line      0x0034fe        0x42d build\udb5\gpsParseCommon.o
 .debug_line      0x00392b        0x400 build\udb5\gpsParseSTD.o
 .debug_line      0x003d2b         0x24 build\udb5\gpsParseUBX.o
 .debug_line      0x003d4f        0x90a build\udb5\mathlibNAV.o
 .debug_line      0x004659        0x727 build\udb5\rmat.o
 .debug_line      0x004d80        0x2f0 build\udb5\libDCM.o
 .debug_line      0x005070        0x30f build\udb5\servoOut.o
 .debug_line      0x00537f        0x69d build\udb5\flightplan-waypoints.o
 .debug_line      0x005a1c         0x24 build\udb5\flightplan-logo.o
 .debug_line      0x005a40        0x3b9 build\udb5\deadReckoning.o
 .debug_line      0x005df9         0x24 build\udb5\osd.o
 .debug_line      0x005e1d         0x24 build\udb5\mp_osd.o
 .debug_line      0x005e41         0x24 build\udb5\gpsParseMTEK.o
 .debug_line      0x005e65        0x996 build\udb5\altitudeCntrl.o
 .debug_line      0x0067fb         0x24 build\udb5\MAVLink.o
 .debug_line      0x00681f        0x245 build\udb5\mode_switch.o
 .debug_line      0x006a64         0x24 build\udb5\24LC256.o
 .debug_line      0x006a88        0x369 build\udb5\events.o
 .debug_line      0x006df1         0x24 build\udb5\data_services.o
 .debug_line      0x006e15         0x24 build\udb5\data_storage.o
 .debug_line      0x006e39         0x24 build\udb5\nv_memory_table.o
 .debug_line      0x006e5d         0x24 build\udb5\parameter_table.o
 .debug_line      0x006e81         0x24 build\udb5\airspeedCntrl.o
 .debug_line      0x006ea5         0x24 build\udb5\altitudeCntrlVariable.o
 .debug_line      0x006ec9         0x66 build\udb5\madd.o
 .debug_line      0x006f2f         0x80 build\udb5\mmul.o
 .debug_line      0x006faf         0x66 build\udb5\mscl.o
 .debug_line      0x007015         0x6b build\udb5\msub.o
 .debug_line      0x007080         0x68 build\udb5\mtrp.o
 .debug_line      0x0070e8         0x65 build\udb5\vadd.o
 .debug_line      0x00714d         0xbd build\udb5\vcon.o
 .debug_line      0x00720a         0x4f build\udb5\vcopy.o
 .debug_line      0x007259         0x5e build\udb5\vcor.o
 .debug_line      0x0072b7         0x65 build\udb5\vdot.o
 .debug_line      0x00731c         0x53 build\udb5\vmax.o
 .debug_line      0x00736f         0x53 build\udb5\vmin.o
 .debug_line      0x0073c2         0x66 build\udb5\vmul.o
 .debug_line      0x007428         0x68 build\udb5\vneg.o
 .debug_line      0x007490         0x64 build\udb5\vpow.o
 .debug_line      0x0074f4         0x66 build\udb5\vscl.o
 .debug_line      0x00755a         0x6a build\udb5\vsub.o
 .debug_line      0x0075c4         0x55 build\udb5\vzpad.o
 .debug_line      0x007619        0x174 build\udb5\euler_angles.o
 .debug_line      0x00778d        0x2de build\udb5\mpu6000.o
 .debug_line      0x007a6b        0x53b build\udb5\spiUtils.o
 .debug_line      0x007fa6        0x36e build\udb5\analog2digital_udb5.o
 .debug_line      0x008314         0x58 build\udb5\traps_asm.o
 .debug_line      0x00836c         0x24 build\udb5\analog2digital_udb4.o
 .debug_line      0x008390        0x227 build\udb5\mcu.o
 .debug_line      0x0085b7        0x13d build\udb5\estAltitude.o
 .debug_line      0x0086f4        0x538 build\udb5\eeprom_udb4.o
 .debug_line      0x008c2c        0x1fb build\udb5\traps.o
 .debug_line      0x008e27        0x4ff build\udb5\barometer.o
 .debug_line      0x009326         0x24 build\udb5\I2C1.o
 .debug_line      0x00934a        0x857 build\udb5\I2C2.o
 .debug_line      0x009ba1         0xb3 build\udb5\magnetometer.o
 .debug_line      0x009c54        0x35b build\udb5\radioIn.o
 .debug_line      0x009faf        0x53a build\udb5\serialIO.o
 .debug_line      0x00a4e9        0x173 build\udb5\read.o
 .debug_line      0x00a65c         0x24 build\udb5\uart.o
 .debug_line      0x00a680        0x164 build\udb5\write.o
 .debug_line      0x00a7e4         0x24 build\udb5\console.o
 .debug_line      0x00a808        0x1d1 build\udb5\sonarCntrl.o

.debug_frame      0x000000       0x1b40
 *(.debug_frame)
 .debug_frame     0x000000         0x84 build\udb5\background.o
 .debug_frame     0x000084         0x84 build\udb5\behavior.o
 .debug_frame     0x000108         0x74 build\udb5\cameraCntrl.o
 .debug_frame     0x00017c         0x24 build\udb5\main.o
 .debug_frame     0x0001a0         0xa4 build\udb5\navigate.o
 .debug_frame     0x000244         0x44 build\udb5\pitchCntrl.o
 .debug_frame     0x000288         0x44 build\udb5\rollCntrl.o
 .debug_frame     0x0002cc         0x64 build\udb5\servoMix.o
 .debug_frame     0x000330        0x114 build\udb5\states.o
 .debug_frame     0x000444         0x44 build\udb5\yawCntrl.o
 .debug_frame     0x000488         0x74 build\udb5\libUDB.o
 .debug_frame     0x0004fc        0x5ac build\udb5\telemetry.o
 .debug_frame     0x000aa8         0x44 build\udb5\servoPrepare.o
 .debug_frame     0x000aec         0x24 build\udb5\estWind.o
 .debug_frame     0x000b10         0x34 build\udb5\estYawDrift.o
 .debug_frame     0x000b44         0x64 build\udb5\gpsParseCommon.o
 .debug_frame     0x000ba8         0xc4 build\udb5\gpsParseSTD.o
 .debug_frame     0x000c6c        0x154 build\udb5\mathlibNAV.o
 .debug_frame     0x000dc0         0xf4 build\udb5\rmat.o
 .debug_frame     0x000eb4         0x94 build\udb5\libDCM.o
 .debug_frame     0x000f48         0x54 build\udb5\servoOut.o
 .debug_frame     0x000f9c        0x1e8 build\udb5\flightplan-waypoints.o
 .debug_frame     0x001184         0x24 build\udb5\deadReckoning.o
 .debug_frame     0x0011a8         0xb4 build\udb5\altitudeCntrl.o
 .debug_frame     0x00125c         0x64 build\udb5\mode_switch.o
 .debug_frame     0x0012c0         0x74 build\udb5\events.o
 .debug_frame     0x001334         0x24 build\udb5\euler_angles.o
 .debug_frame     0x001358         0xb4 build\udb5\mpu6000.o
 .debug_frame     0x00140c         0xa4 build\udb5\spiUtils.o
 .debug_frame     0x0014b0         0x34 build\udb5\analog2digital_udb5.o
 .debug_frame     0x0014e4         0x54 build\udb5\mcu.o
 .debug_frame     0x001538         0x84 build\udb5\estAltitude.o
 .debug_frame     0x0015bc         0xd4 build\udb5\eeprom_udb4.o
 .debug_frame     0x001690         0x74 build\udb5\traps.o
 .debug_frame     0x001704         0x84 build\udb5\barometer.o
 .debug_frame     0x001788        0x1a4 build\udb5\I2C2.o
 .debug_frame     0x00192c         0xb4 build\udb5\radioIn.o
 .debug_frame     0x0019e0         0xd4 build\udb5\serialIO.o
 .debug_frame     0x001ab4         0x24 build\udb5\read.o
 .debug_frame     0x001ad8         0x24 build\udb5\write.o
 .debug_frame     0x001afc         0x44 build\udb5\sonarCntrl.o

.debug_str        0x000000       0x24e1
 *(.debug_str)
 .debug_str       0x000000         0xf2 build\udb5\background.o
 .debug_str       0x0000f2         0x84 build\udb5\behavior.o
 .debug_str       0x000176         0xf9 build\udb5\cameraCntrl.o
 .debug_str       0x00026f        0x16e build\udb5\navigate.o
 .debug_str       0x0003dd        0x1e3 build\udb5\pitchCntrl.o
 .debug_str       0x0005c0        0x1fb build\udb5\rollCntrl.o
 .debug_str       0x0007bb        0x122 build\udb5\servoMix.o
 .debug_str       0x0008dd         0x6f build\udb5\states.o
 .debug_str       0x00094c        0x185 build\udb5\yawCntrl.o
 .debug_str       0x000ad1         0x67 build\udb5\libUDB.o
 .debug_str       0x000b38        0x303 build\udb5\telemetry.o
 .debug_str       0x000e3b         0x8d build\udb5\servoPrepare.o
 .debug_str       0x000ec8         0x2e build\udb5\estWind.o
 .debug_str       0x000ef6         0x5b build\udb5\estYawDrift.o
 .debug_str       0x000f51        0x14e build\udb5\gpsParseCommon.o
 .debug_str       0x00109f         0xe2 build\udb5\gpsParseSTD.o
 .debug_str       0x001181         0x85 build\udb5\mathlibNAV.o
 .debug_str       0x001206        0x101 build\udb5\rmat.o
 .debug_str       0x001307         0x49 build\udb5\libDCM.o
 .debug_str       0x001350         0x69 build\udb5\servoOut.o
 .debug_str       0x0013b9        0x1c6 build\udb5\flightplan-waypoints.o
 .debug_str       0x00157f        0x138 build\udb5\deadReckoning.o
 .debug_str       0x0016b7        0x555 build\udb5\altitudeCntrl.o
 .debug_str       0x001c0c         0x13 build\udb5\mode_switch.o
 .debug_str       0x001c1f         0x82 build\udb5\events.o
 .debug_str       0x001ca1         0xae build\udb5\mpu6000.o
 .debug_str       0x001d4f        0x114 build\udb5\spiUtils.o
 .debug_str       0x001e63         0xe6 build\udb5\analog2digital_udb5.o
 .debug_str       0x001f49         0x65 build\udb5\mcu.o
 .debug_str       0x001fae         0x97 build\udb5\estAltitude.o
 .debug_str       0x002045         0x39 build\udb5\eeprom_udb4.o
 .debug_str       0x00207e         0x32 build\udb5\traps.o
 .debug_str       0x0020b0         0x2f build\udb5\barometer.o
 .debug_str       0x0020df         0x7a build\udb5\I2C2.o
 .debug_str       0x002159        0x17a build\udb5\radioIn.o
 .debug_str       0x0022d3         0xa5 build\udb5\serialIO.o
 .debug_str       0x002378         0x59 build\udb5\read.o
 .debug_str       0x0023d1         0x59 build\udb5\write.o
 .debug_str       0x00242a         0xb7 build\udb5\sonarCntrl.o

.debug_loc
 *(.debug_loc)

.debug_macinfo
 *(.debug_macinfo)

.debug_pubnames
                  0x000000       0x3137
 *(.debug_pubnames)
 .debug_pubnames
                  0x000000         0xcc build\udb5\background.o
 .debug_pubnames
                  0x0000cc        0x136 build\udb5\behavior.o
 .debug_pubnames
                  0x000202        0x196 build\udb5\cameraCntrl.o
 .debug_pubnames
                  0x000398         0x1b build\udb5\main.o
 .debug_pubnames
                  0x0003b3        0x1a6 build\udb5\navigate.o
 .debug_pubnames
                  0x000559        0x1dd build\udb5\pitchCntrl.o
 .debug_pubnames
                  0x000736        0x145 build\udb5\rollCntrl.o
 .debug_pubnames
                  0x00087b         0xa1 build\udb5\servoMix.o
 .debug_pubnames
                  0x00091c         0xb0 build\udb5\states.o
 .debug_pubnames
                  0x0009cc        0x17b build\udb5\yawCntrl.o
 .debug_pubnames
                  0x000b47         0xa9 build\udb5\libUDB.o
 .debug_pubnames
                  0x000bf0        0x2a7 build\udb5\telemetry.o
 .debug_pubnames
                  0x000e97        0x126 build\udb5\servoPrepare.o
 .debug_pubnames
                  0x000fbd         0x35 build\udb5\estWind.o
 .debug_pubnames
                  0x000ff2         0x46 build\udb5\estYawDrift.o
 .debug_pubnames
                  0x001038        0x25f build\udb5\gpsParseCommon.o
 .debug_pubnames
                  0x001297        0x1dc build\udb5\gpsParseSTD.o
 .debug_pubnames
                  0x001473        0x19b build\udb5\mathlibNAV.o
 .debug_pubnames
                  0x00160e         0xf7 build\udb5\rmat.o
 .debug_pubnames
                  0x001705         0xef build\udb5\libDCM.o
 .debug_pubnames
                  0x0017f4         0x7f build\udb5\servoOut.o
 .debug_pubnames
                  0x001873        0x2f4 build\udb5\flightplan-waypoints.o
 .debug_pubnames
                  0x001b67        0x148 build\udb5\deadReckoning.o
 .debug_pubnames
                  0x001caf        0x6e9 build\udb5\altitudeCntrl.o
 .debug_pubnames
                  0x002398         0xb4 build\udb5\mode_switch.o
 .debug_pubnames
                  0x00244c         0x9d build\udb5\events.o
 .debug_pubnames
                  0x0024e9         0x2c build\udb5\euler_angles.o
 .debug_pubnames
                  0x002515        0x104 build\udb5\mpu6000.o
 .debug_pubnames
                  0x002619        0x18b build\udb5\spiUtils.o
 .debug_pubnames
                  0x0027a4         0x91 build\udb5\analog2digital_udb5.o
 .debug_pubnames
                  0x002835         0xda build\udb5\mcu.o
 .debug_pubnames
                  0x00290f        0x17f build\udb5\estAltitude.o
 .debug_pubnames
                  0x002a8e         0xe3 build\udb5\eeprom_udb4.o
 .debug_pubnames
                  0x002b71         0x9f build\udb5\traps.o
 .debug_pubnames
                  0x002c10         0x85 build\udb5\barometer.o
 .debug_pubnames
                  0x002c95         0x8d build\udb5\I2C2.o
 .debug_pubnames
                  0x002d22         0x85 build\udb5\magnetometer.o
 .debug_pubnames
                  0x002da7        0x12d build\udb5\radioIn.o
 .debug_pubnames
                  0x002ed4        0x121 build\udb5\serialIO.o
 .debug_pubnames
                  0x002ff5         0x1b build\udb5\read.o
 .debug_pubnames
                  0x003010         0x1c build\udb5\write.o
 .debug_pubnames
                  0x00302c        0x10b build\udb5\sonarCntrl.o

.debug_ranges
 *(.debug_ranges)

.debug_aranges    0x000000        0x5b0
 *(.debug_aranges)
 .debug_aranges
                  0x000000         0x18 build\udb5\background.o
 .debug_aranges
                  0x000018         0x18 build\udb5\behavior.o
 .debug_aranges
                  0x000030         0x18 build\udb5\cameraCntrl.o
 .debug_aranges
                  0x000048         0x18 build\udb5\main.o
 .debug_aranges
                  0x000060         0x18 build\udb5\navigate.o
 .debug_aranges
                  0x000078         0x18 build\udb5\pitchCntrl.o
 .debug_aranges
                  0x000090         0x18 build\udb5\rollCntrl.o
 .debug_aranges
                  0x0000a8         0x18 build\udb5\servoMix.o
 .debug_aranges
                  0x0000c0         0x18 build\udb5\states.o
 .debug_aranges
                  0x0000d8         0x18 build\udb5\yawCntrl.o
 .debug_aranges
                  0x0000f0         0x18 build\udb5\libUDB.o
 .debug_aranges
                  0x000108         0x18 build\udb5\telemetry.o
 .debug_aranges
                  0x000120         0x18 build\udb5\servoPrepare.o
 .debug_aranges
                  0x000138         0x18 build\udb5\estWind.o
 .debug_aranges
                  0x000150         0x18 build\udb5\estYawDrift.o
 .debug_aranges
                  0x000168         0x18 build\udb5\gpsParseCommon.o
 .debug_aranges
                  0x000180         0x18 build\udb5\gpsParseSTD.o
 .debug_aranges
                  0x000198         0x18 build\udb5\mathlibNAV.o
 .debug_aranges
                  0x0001b0         0x18 build\udb5\rmat.o
 .debug_aranges
                  0x0001c8         0x18 build\udb5\libDCM.o
 .debug_aranges
                  0x0001e0         0x18 build\udb5\servoOut.o
 .debug_aranges
                  0x0001f8         0x18 build\udb5\flightplan-waypoints.o
 .debug_aranges
                  0x000210         0x18 build\udb5\deadReckoning.o
 .debug_aranges
                  0x000228         0x18 build\udb5\altitudeCntrl.o
 .debug_aranges
                  0x000240         0x18 build\udb5\mode_switch.o
 .debug_aranges
                  0x000258         0x18 build\udb5\events.o
 .debug_aranges
                  0x000270         0x18 build\udb5\madd.o
 .debug_aranges
                  0x000288         0x18 build\udb5\mmul.o
 .debug_aranges
                  0x0002a0         0x18 build\udb5\mscl.o
 .debug_aranges
                  0x0002b8         0x18 build\udb5\msub.o
 .debug_aranges
                  0x0002d0         0x18 build\udb5\mtrp.o
 .debug_aranges
                  0x0002e8         0x18 build\udb5\vadd.o
 .debug_aranges
                  0x000300         0x18 build\udb5\vcon.o
 .debug_aranges
                  0x000318         0x18 build\udb5\vcopy.o
 .debug_aranges
                  0x000330         0x18 build\udb5\vcor.o
 .debug_aranges
                  0x000348         0x18 build\udb5\vdot.o
 .debug_aranges
                  0x000360         0x18 build\udb5\vmax.o
 .debug_aranges
                  0x000378         0x18 build\udb5\vmin.o
 .debug_aranges
                  0x000390         0x18 build\udb5\vmul.o
 .debug_aranges
                  0x0003a8         0x18 build\udb5\vneg.o
 .debug_aranges
                  0x0003c0         0x18 build\udb5\vpow.o
 .debug_aranges
                  0x0003d8         0x18 build\udb5\vscl.o
 .debug_aranges
                  0x0003f0         0x18 build\udb5\vsub.o
 .debug_aranges
                  0x000408         0x18 build\udb5\vzpad.o
 .debug_aranges
                  0x000420         0x18 build\udb5\euler_angles.o
 .debug_aranges
                  0x000438         0x18 build\udb5\mpu6000.o
 .debug_aranges
                  0x000450         0x18 build\udb5\spiUtils.o
 .debug_aranges
                  0x000468         0x18 build\udb5\analog2digital_udb5.o
 .debug_aranges
                  0x000480         0x18 build\udb5\traps_asm.o
 .debug_aranges
                  0x000498         0x18 build\udb5\mcu.o
 .debug_aranges
                  0x0004b0         0x18 build\udb5\estAltitude.o
 .debug_aranges
                  0x0004c8         0x18 build\udb5\eeprom_udb4.o
 .debug_aranges
                  0x0004e0         0x18 build\udb5\traps.o
 .debug_aranges
                  0x0004f8         0x18 build\udb5\barometer.o
 .debug_aranges
                  0x000510         0x18 build\udb5\I2C2.o
 .debug_aranges
                  0x000528         0x18 build\udb5\radioIn.o
 .debug_aranges
                  0x000540         0x18 build\udb5\serialIO.o
 .debug_aranges
                  0x000558         0x20 build\udb5\read.o
 .debug_aranges
                  0x000578         0x20 build\udb5\write.o
 .debug_aranges
                  0x000598         0x18 build\udb5\sonarCntrl.o

.ivt              0x000004         0xfc
                  0x000004          0x4 LONG 0x348 DEFINED (__ReservedTrap0)?ABSOLUTE (__ReservedTrap0):ABSOLUTE (__DefaultInterrupt)
                  0x000006          0x4 LONG 0x9f08 DEFINED (__OscillatorFail)?ABSOLUTE (__OscillatorFail):ABSOLUTE (__DefaultInterrupt)
                  0x000008          0x4 LONG 0x9f36 DEFINED (__AddressError)?ABSOLUTE (__AddressError):ABSOLUTE (__DefaultInterrupt)
                  0x00000a          0x4 LONG 0x9f5e DEFINED (__StackError)?ABSOLUTE (__StackError):ABSOLUTE (__DefaultInterrupt)
                  0x00000c          0x4 LONG 0x9f86 DEFINED (__MathError)?ABSOLUTE (__MathError):ABSOLUTE (__DefaultInterrupt)
                  0x00000e          0x4 LONG 0x9fae DEFINED (__DMACError)?ABSOLUTE (__DMACError):ABSOLUTE (__DefaultInterrupt)
                  0x000010          0x4 LONG 0x348 DEFINED (__ReservedTrap6)?ABSOLUTE (__ReservedTrap6):ABSOLUTE (__DefaultInterrupt)
                  0x000012          0x4 LONG 0x348 DEFINED (__ReservedTrap7)?ABSOLUTE (__ReservedTrap7):ABSOLUTE (__DefaultInterrupt)
                  0x000014          0x4 LONG 0x348 DEFINED (__INT0Interrupt)?ABSOLUTE (__INT0Interrupt):ABSOLUTE (__DefaultInterrupt)
                  0x000016          0x4 LONG 0x6e46 DEFINED (__IC1Interrupt)?ABSOLUTE (__IC1Interrupt):ABSOLUTE (__DefaultInterrupt)
                  0x000018          0x4 LONG 0x348 DEFINED (__OC1Interrupt)?ABSOLUTE (__OC1Interrupt):ABSOLUTE (__DefaultInterrupt)
                  0x00001a          0x4 LONG 0x906c DEFINED (__T1Interrupt)?ABSOLUTE (__T1Interrupt):ABSOLUTE (__DefaultInterrupt)
                  0x00001c          0x4 LONG 0x974c DEFINED (__DMA0Interrupt)?ABSOLUTE (__DMA0Interrupt):ABSOLUTE (__DefaultInterrupt)
                  0x00001e          0x4 LONG 0x6e98 DEFINED (__IC2Interrupt)?ABSOLUTE (__IC2Interrupt):ABSOLUTE (__DefaultInterrupt)
                  0x000020          0x4 LONG 0x348 DEFINED (__OC2Interrupt)?ABSOLUTE (__OC2Interrupt):ABSOLUTE (__DefaultInterrupt)
                  0x000022          0x4 LONG 0x348 DEFINED (__T2Interrupt)?ABSOLUTE (__T2Interrupt):ABSOLUTE (__DefaultInterrupt)
                  0x000024          0x4 LONG 0x348 DEFINED (__T3Interrupt)?ABSOLUTE (__T3Interrupt):ABSOLUTE (__DefaultInterrupt)
                  0x000026          0x4 LONG 0x348 DEFINED (__SPI1ErrInterrupt)?ABSOLUTE (__SPI1ErrInterrupt):ABSOLUTE (__DefaultInterrupt)
                  0x000028          0x4 LONG 0x7b34 DEFINED (__SPI1Interrupt)?ABSOLUTE (__SPI1Interrupt):ABSOLUTE (__DefaultInterrupt)
                  0x00002a          0x4 LONG 0x83c8 DEFINED (__U1RXInterrupt)?ABSOLUTE (__U1RXInterrupt):ABSOLUTE (__DefaultInterrupt)
                  0x00002c          0x4 LONG 0x838c DEFINED (__U1TXInterrupt)?ABSOLUTE (__U1TXInterrupt):ABSOLUTE (__DefaultInterrupt)
                  0x00002e          0x4 LONG 0x348 DEFINED (__ADC1Interrupt)?ABSOLUTE (__ADC1Interrupt):ABSOLUTE (__DefaultInterrupt)
                  0x000030          0x4 LONG 0x348 DEFINED (__DMA1Interrupt)?ABSOLUTE (__DMA1Interrupt):ABSOLUTE (__DefaultInterrupt)
                  0x000032          0x4 LONG 0x348 DEFINED (__Interrupt15)?ABSOLUTE (__Interrupt15):ABSOLUTE (__DefaultInterrupt)
                  0x000034          0x4 LONG 0x348 DEFINED (__SI2C1Interrupt)?ABSOLUTE (__SI2C1Interrupt):ABSOLUTE (__DefaultInterrupt)
                  0x000036          0x4 LONG 0x348 DEFINED (__MI2C1Interrupt)?ABSOLUTE (__MI2C1Interrupt):ABSOLUTE (__DefaultInterrupt)
                  0x000038          0x4 LONG 0x348 DEFINED (__Interrupt18)?ABSOLUTE (__Interrupt18):ABSOLUTE (__DefaultInterrupt)
                  0x00003a          0x4 LONG 0x348 DEFINED (__CNInterrupt)?ABSOLUTE (__CNInterrupt):ABSOLUTE (__DefaultInterrupt)
                  0x00003c          0x4 LONG 0x348 DEFINED (__INT1Interrupt)?ABSOLUTE (__INT1Interrupt):ABSOLUTE (__DefaultInterrupt)
                  0x00003e          0x4 LONG 0x348 DEFINED (__ADC2Interrupt)?ABSOLUTE (__ADC2Interrupt):ABSOLUTE (__DefaultInterrupt)
                  0x000040          0x4 LONG 0x7032 DEFINED (__IC7Interrupt)?ABSOLUTE (__IC7Interrupt):ABSOLUTE (__DefaultInterrupt)
                  0x000042          0x4 LONG 0x7084 DEFINED (__IC8Interrupt)?ABSOLUTE (__IC8Interrupt):ABSOLUTE (__DefaultInterrupt)
                  0x000044          0x4 LONG 0x348 DEFINED (__DMA2Interrupt)?ABSOLUTE (__DMA2Interrupt):ABSOLUTE (__DefaultInterrupt)
                  0x000046          0x4 LONG 0x348 DEFINED (__OC3Interrupt)?ABSOLUTE (__OC3Interrupt):ABSOLUTE (__DefaultInterrupt)
                  0x000048          0x4 LONG 0x348 DEFINED (__OC4Interrupt)?ABSOLUTE (__OC4Interrupt):ABSOLUTE (__DefaultInterrupt)
                  0x00004a          0x4 LONG 0x93e8 DEFINED (__T4Interrupt)?ABSOLUTE (__T4Interrupt):ABSOLUTE (__DefaultInterrupt)
                  0x00004c          0x4 LONG 0x911c DEFINED (__T5Interrupt)?ABSOLUTE (__T5Interrupt):ABSOLUTE (__DefaultInterrupt)
                  0x00004e          0x4 LONG 0x348 DEFINED (__INT2Interrupt)?ABSOLUTE (__INT2Interrupt):ABSOLUTE (__DefaultInterrupt)
                  0x000050          0x4 LONG 0x8510 DEFINED (__U2RXInterrupt)?ABSOLUTE (__U2RXInterrupt):ABSOLUTE (__DefaultInterrupt)
                  0x000052          0x4 LONG 0x84d4 DEFINED (__U2TXInterrupt)?ABSOLUTE (__U2TXInterrupt):ABSOLUTE (__DefaultInterrupt)
                  0x000054          0x4 LONG 0x348 DEFINED (__SPI2ErrInterrupt)?ABSOLUTE (__SPI2ErrInterrupt):ABSOLUTE (__DefaultInterrupt)
                  0x000056          0x4 LONG 0x7caa DEFINED (__SPI2Interrupt)?ABSOLUTE (__SPI2Interrupt):ABSOLUTE (__DefaultInterrupt)
                  0x000058          0x4 LONG 0x348 DEFINED (__C1RxRdyInterrupt)?ABSOLUTE (__C1RxRdyInterrupt):ABSOLUTE (__DefaultInterrupt)
                  0x00005a          0x4 LONG 0x8dc2 DEFINED (__C1Interrupt)?ABSOLUTE (__C1Interrupt):ABSOLUTE (__DefaultInterrupt)
                  0x00005c          0x4 LONG 0x348 DEFINED (__DMA3Interrupt)?ABSOLUTE (__DMA3Interrupt):ABSOLUTE (__DefaultInterrupt)
                  0x00005e          0x4 LONG 0x6eea DEFINED (__IC3Interrupt)?ABSOLUTE (__IC3Interrupt):ABSOLUTE (__DefaultInterrupt)
                  0x000060          0x4 LONG 0x6f3c DEFINED (__IC4Interrupt)?ABSOLUTE (__IC4Interrupt):ABSOLUTE (__DefaultInterrupt)
                  0x000062          0x4 LONG 0x6f8e DEFINED (__IC5Interrupt)?ABSOLUTE (__IC5Interrupt):ABSOLUTE (__DefaultInterrupt)
                  0x000064          0x4 LONG 0x6fe0 DEFINED (__IC6Interrupt)?ABSOLUTE (__IC6Interrupt):ABSOLUTE (__DefaultInterrupt)
                  0x000066          0x4 LONG 0x348 DEFINED (__OC5Interrupt)?ABSOLUTE (__OC5Interrupt):ABSOLUTE (__DefaultInterrupt)
                  0x000068          0x4 LONG 0x348 DEFINED (__OC6Interrupt)?ABSOLUTE (__OC6Interrupt):ABSOLUTE (__DefaultInterrupt)
                  0x00006a          0x4 LONG 0x348 DEFINED (__OC7Interrupt)?ABSOLUTE (__OC7Interrupt):ABSOLUTE (__DefaultInterrupt)
                  0x00006c          0x4 LONG 0x348 DEFINED (__OC8Interrupt)?ABSOLUTE (__OC8Interrupt):ABSOLUTE (__DefaultInterrupt)
                  0x00006e          0x4 LONG 0x348 DEFINED (__Interrupt45)?ABSOLUTE (__Interrupt45):ABSOLUTE (__DefaultInterrupt)
                  0x000070          0x4 LONG 0x348 DEFINED (__DMA4Interrupt)?ABSOLUTE (__DMA4Interrupt):ABSOLUTE (__DefaultInterrupt)
                  0x000072          0x4 LONG 0x913a DEFINED (__T6Interrupt)?ABSOLUTE (__T6Interrupt):ABSOLUTE (__DefaultInterrupt)
                  0x000074          0x4 LONG 0x90de DEFINED (__T7Interrupt)?ABSOLUTE (__T7Interrupt):ABSOLUTE (__DefaultInterrupt)
                  0x000076          0x4 LONG 0x348 DEFINED (__SI2C2Interrupt)?ABSOLUTE (__SI2C2Interrupt):ABSOLUTE (__DefaultInterrupt)
                  0x000078          0x4 LONG 0x718a DEFINED (__MI2C2Interrupt)?ABSOLUTE (__MI2C2Interrupt):ABSOLUTE (__DefaultInterrupt)
                  0x00007a          0x4 LONG 0x348 DEFINED (__T8Interrupt)?ABSOLUTE (__T8Interrupt):ABSOLUTE (__DefaultInterrupt)
                  0x00007c          0x4 LONG 0x348 DEFINED (__T9Interrupt)?ABSOLUTE (__T9Interrupt):ABSOLUTE (__DefaultInterrupt)
                  0x00007e          0x4 LONG 0x9c9a DEFINED (__INT3Interrupt)?ABSOLUTE (__INT3Interrupt):ABSOLUTE (__DefaultInterrupt)
                  0x000080          0x4 LONG 0x348 DEFINED (__INT4Interrupt)?ABSOLUTE (__INT4Interrupt):ABSOLUTE (__DefaultInterrupt)
                  0x000082          0x4 LONG 0x348 DEFINED (__C2RxRdyInterrupt)?ABSOLUTE (__C2RxRdyInterrupt):ABSOLUTE (__DefaultInterrupt)
                  0x000084          0x4 LONG 0x8d56 DEFINED (__C2Interrupt)?ABSOLUTE (__C2Interrupt):ABSOLUTE (__DefaultInterrupt)
                  0x000086          0x4 LONG 0x348 DEFINED (__Interrupt57)?ABSOLUTE (__Interrupt57):ABSOLUTE (__DefaultInterrupt)
                  0x000088          0x4 LONG 0x348 DEFINED (__Interrupt58)?ABSOLUTE (__Interrupt58):ABSOLUTE (__DefaultInterrupt)
                  0x00008a          0x4 LONG 0x348 DEFINED (__DCIErrInterrupt)?ABSOLUTE (__DCIErrInterrupt):ABSOLUTE (__DefaultInterrupt)
                  0x00008c          0x4 LONG 0x348 DEFINED (__DCIInterrupt)?ABSOLUTE (__DCIInterrupt):ABSOLUTE (__DefaultInterrupt)
                  0x00008e          0x4 LONG 0x348 DEFINED (__DMA5Interrupt)?ABSOLUTE (__DMA5Interrupt):ABSOLUTE (__DefaultInterrupt)
                  0x000090          0x4 LONG 0x348 DEFINED (__Interrupt62)?ABSOLUTE (__Interrupt62):ABSOLUTE (__DefaultInterrupt)
                  0x000092          0x4 LONG 0x348 DEFINED (__Interrupt63)?ABSOLUTE (__Interrupt63):ABSOLUTE (__DefaultInterrupt)
                  0x000094          0x4 LONG 0x348 DEFINED (__Interrupt64)?ABSOLUTE (__Interrupt64):ABSOLUTE (__DefaultInterrupt)
                  0x000096          0x4 LONG 0x348 DEFINED (__U1ErrInterrupt)?ABSOLUTE (__U1ErrInterrupt):ABSOLUTE (__DefaultInterrupt)
                  0x000098          0x4 LONG 0x348 DEFINED (__U2ErrInterrupt)?ABSOLUTE (__U2ErrInterrupt):ABSOLUTE (__DefaultInterrupt)
                  0x00009a          0x4 LONG 0x348 DEFINED (__Interrupt67)?ABSOLUTE (__Interrupt67):ABSOLUTE (__DefaultInterrupt)
                  0x00009c          0x4 LONG 0x348 DEFINED (__DMA6Interrupt)?ABSOLUTE (__DMA6Interrupt):ABSOLUTE (__DefaultInterrupt)
                  0x00009e          0x4 LONG 0x348 DEFINED (__DMA7Interrupt)?ABSOLUTE (__DMA7Interrupt):ABSOLUTE (__DefaultInterrupt)
                  0x0000a0          0x4 LONG 0x348 DEFINED (__C1TxReqInterrupt)?ABSOLUTE (__C1TxReqInterrupt):ABSOLUTE (__DefaultInterrupt)
                  0x0000a2          0x4 LONG 0x348 DEFINED (__C2TxReqInterrupt)?ABSOLUTE (__C2TxReqInterrupt):ABSOLUTE (__DefaultInterrupt)
                  0x0000a4          0x4 LONG 0x348 DEFINED (__Interrupt72)?ABSOLUTE (__Interrupt72):ABSOLUTE (__DefaultInterrupt)
                  0x0000a6          0x4 LONG 0x348 DEFINED (__Interrupt73)?ABSOLUTE (__Interrupt73):ABSOLUTE (__DefaultInterrupt)
                  0x0000a8          0x4 LONG 0x348 DEFINED (__Interrupt74)?ABSOLUTE (__Interrupt74):ABSOLUTE (__DefaultInterrupt)
                  0x0000aa          0x4 LONG 0x348 DEFINED (__Interrupt75)?ABSOLUTE (__Interrupt75):ABSOLUTE (__DefaultInterrupt)
                  0x0000ac          0x4 LONG 0x348 DEFINED (__Interrupt76)?ABSOLUTE (__Interrupt76):ABSOLUTE (__DefaultInterrupt)
                  0x0000ae          0x4 LONG 0x348 DEFINED (__Interrupt77)?ABSOLUTE (__Interrupt77):ABSOLUTE (__DefaultInterrupt)
                  0x0000b0          0x4 LONG 0x348 DEFINED (__Interrupt78)?ABSOLUTE (__Interrupt78):ABSOLUTE (__DefaultInterrupt)
                  0x0000b2          0x4 LONG 0x348 DEFINED (__Interrupt79)?ABSOLUTE (__Interrupt79):ABSOLUTE (__DefaultInterrupt)
                  0x0000b4          0x4 LONG 0x348 DEFINED (__Interrupt80)?ABSOLUTE (__Interrupt80):ABSOLUTE (__DefaultInterrupt)
                  0x0000b6          0x4 LONG 0x348 DEFINED (__Interrupt81)?ABSOLUTE (__Interrupt81):ABSOLUTE (__DefaultInterrupt)
                  0x0000b8          0x4 LONG 0x348 DEFINED (__Interrupt82)?ABSOLUTE (__Interrupt82):ABSOLUTE (__DefaultInterrupt)
                  0x0000ba          0x4 LONG 0x348 DEFINED (__Interrupt83)?ABSOLUTE (__Interrupt83):ABSOLUTE (__DefaultInterrupt)
                  0x0000bc          0x4 LONG 0x348 DEFINED (__Interrupt84)?ABSOLUTE (__Interrupt84):ABSOLUTE (__DefaultInterrupt)
                  0x0000be          0x4 LONG 0x348 DEFINED (__Interrupt85)?ABSOLUTE (__Interrupt85):ABSOLUTE (__DefaultInterrupt)
                  0x0000c0          0x4 LONG 0x348 DEFINED (__Interrupt86)?ABSOLUTE (__Interrupt86):ABSOLUTE (__DefaultInterrupt)
                  0x0000c2          0x4 LONG 0x348 DEFINED (__Interrupt87)?ABSOLUTE (__Interrupt87):ABSOLUTE (__DefaultInterrupt)
                  0x0000c4          0x4 LONG 0x348 DEFINED (__Interrupt88)?ABSOLUTE (__Interrupt88):ABSOLUTE (__DefaultInterrupt)
                  0x0000c6          0x4 LONG 0x348 DEFINED (__Interrupt89)?ABSOLUTE (__Interrupt89):ABSOLUTE (__DefaultInterrupt)
                  0x0000c8          0x4 LONG 0x348 DEFINED (__Interrupt90)?ABSOLUTE (__Interrupt90):ABSOLUTE (__DefaultInterrupt)
                  0x0000ca          0x4 LONG 0x348 DEFINED (__Interrupt91)?ABSOLUTE (__Interrupt91):ABSOLUTE (__DefaultInterrupt)
                  0x0000cc          0x4 LONG 0x348 DEFINED (__Interrupt92)?ABSOLUTE (__Interrupt92):ABSOLUTE (__DefaultInterrupt)
                  0x0000ce          0x4 LONG 0x348 DEFINED (__Interrupt93)?ABSOLUTE (__Interrupt93):ABSOLUTE (__DefaultInterrupt)
                  0x0000d0          0x4 LONG 0x348 DEFINED (__Interrupt94)?ABSOLUTE (__Interrupt94):ABSOLUTE (__DefaultInterrupt)
                  0x0000d2          0x4 LONG 0x348 DEFINED (__Interrupt95)?ABSOLUTE (__Interrupt95):ABSOLUTE (__DefaultInterrupt)
                  0x0000d4          0x4 LONG 0x348 DEFINED (__Interrupt96)?ABSOLUTE (__Interrupt96):ABSOLUTE (__DefaultInterrupt)
                  0x0000d6          0x4 LONG 0x348 DEFINED (__Interrupt97)?ABSOLUTE (__Interrupt97):ABSOLUTE (__DefaultInterrupt)
                  0x0000d8          0x4 LONG 0x348 DEFINED (__Interrupt98)?ABSOLUTE (__Interrupt98):ABSOLUTE (__DefaultInterrupt)
                  0x0000da          0x4 LONG 0x348 DEFINED (__Interrupt99)?ABSOLUTE (__Interrupt99):ABSOLUTE (__DefaultInterrupt)
                  0x0000dc          0x4 LONG 0x348 DEFINED (__Interrupt100)?ABSOLUTE (__Interrupt100):ABSOLUTE (__DefaultInterrupt)
                  0x0000de          0x4 LONG 0x348 DEFINED (__Interrupt101)?ABSOLUTE (__Interrupt101):ABSOLUTE (__DefaultInterrupt)
                  0x0000e0          0x4 LONG 0x348 DEFINED (__Interrupt102)?ABSOLUTE (__Interrupt102):ABSOLUTE (__DefaultInterrupt)
                  0x0000e2          0x4 LONG 0x348 DEFINED (__Interrupt103)?ABSOLUTE (__Interrupt103):ABSOLUTE (__DefaultInterrupt)
                  0x0000e4          0x4 LONG 0x348 DEFINED (__Interrupt104)?ABSOLUTE (__Interrupt104):ABSOLUTE (__DefaultInterrupt)
                  0x0000e6          0x4 LONG 0x348 DEFINED (__Interrupt105)?ABSOLUTE (__Interrupt105):ABSOLUTE (__DefaultInterrupt)
                  0x0000e8          0x4 LONG 0x348 DEFINED (__Interrupt106)?ABSOLUTE (__Interrupt106):ABSOLUTE (__DefaultInterrupt)
                  0x0000ea          0x4 LONG 0x348 DEFINED (__Interrupt107)?ABSOLUTE (__Interrupt107):ABSOLUTE (__DefaultInterrupt)
                  0x0000ec          0x4 LONG 0x348 DEFINED (__Interrupt108)?ABSOLUTE (__Interrupt108):ABSOLUTE (__DefaultInterrupt)
                  0x0000ee          0x4 LONG 0x348 DEFINED (__Interrupt109)?ABSOLUTE (__Interrupt109):ABSOLUTE (__DefaultInterrupt)
                  0x0000f0          0x4 LONG 0x348 DEFINED (__Interrupt110)?ABSOLUTE (__Interrupt110):ABSOLUTE (__DefaultInterrupt)
                  0x0000f2          0x4 LONG 0x348 DEFINED (__Interrupt111)?ABSOLUTE (__Interrupt111):ABSOLUTE (__DefaultInterrupt)
                  0x0000f4          0x4 LONG 0x348 DEFINED (__Interrupt112)?ABSOLUTE (__Interrupt112):ABSOLUTE (__DefaultInterrupt)
                  0x0000f6          0x4 LONG 0x348 DEFINED (__Interrupt113)?ABSOLUTE (__Interrupt113):ABSOLUTE (__DefaultInterrupt)
                  0x0000f8          0x4 LONG 0x348 DEFINED (__Interrupt114)?ABSOLUTE (__Interrupt114):ABSOLUTE (__DefaultInterrupt)
                  0x0000fa          0x4 LONG 0x348 DEFINED (__Interrupt115)?ABSOLUTE (__Interrupt115):ABSOLUTE (__DefaultInterrupt)
                  0x0000fc          0x4 LONG 0x348 DEFINED (__Interrupt116)?ABSOLUTE (__Interrupt116):ABSOLUTE (__DefaultInterrupt)
                  0x0000fe          0x4 LONG 0x348 DEFINED (__Interrupt117)?ABSOLUTE (__Interrupt117):ABSOLUTE (__DefaultInterrupt)

.aivt             0x000104         0xfc
                  0x000104          0x4 LONG 0x348 DEFINED (__AltReservedTrap0)?ABSOLUTE (__AltReservedTrap0):DEFINED (__ReservedTrap0)?ABSOLUTE (__ReservedTrap0):ABSOLUTE (__DefaultInterrupt)
                  0x000106          0x4 LONG 0x9f08 DEFINED (__AltOscillatorFail)?ABSOLUTE (__AltOscillatorFail):DEFINED (__OscillatorFail)?ABSOLUTE (__OscillatorFail):ABSOLUTE (__DefaultInterrupt)
                  0x000108          0x4 LONG 0x9f36 DEFINED (__AltAddressError)?ABSOLUTE (__AltAddressError):DEFINED (__AddressError)?ABSOLUTE (__AddressError):ABSOLUTE (__DefaultInterrupt)
                  0x00010a          0x4 LONG 0x9f5e DEFINED (__AltStackError)?ABSOLUTE (__AltStackError):DEFINED (__StackError)?ABSOLUTE (__StackError):ABSOLUTE (__DefaultInterrupt)
                  0x00010c          0x4 LONG 0x9f86 DEFINED (__AltMathError)?ABSOLUTE (__AltMathError):DEFINED (__MathError)?ABSOLUTE (__MathError):ABSOLUTE (__DefaultInterrupt)
                  0x00010e          0x4 LONG 0x9fae DEFINED (__AltDMACError)?ABSOLUTE (__AltDMACError):DEFINED (__DMACError)?ABSOLUTE (__DMACError):ABSOLUTE (__DefaultInterrupt)
                  0x000110          0x4 LONG 0x348 DEFINED (__AltReservedTrap6)?ABSOLUTE (__AltReservedTrap6):DEFINED (__ReservedTrap6)?ABSOLUTE (__ReservedTrap6):ABSOLUTE (__DefaultInterrupt)
                  0x000112          0x4 LONG 0x348 DEFINED (__AltReservedTrap7)?ABSOLUTE (__AltReservedTrap7):DEFINED (__ReservedTrap7)?ABSOLUTE (__ReservedTrap7):ABSOLUTE (__DefaultInterrupt)
                  0x000114          0x4 LONG 0x348 DEFINED (__AltINT0Interrupt)?ABSOLUTE (__AltINT0Interrupt):DEFINED (__INT0Interrupt)?ABSOLUTE (__INT0Interrupt):ABSOLUTE (__DefaultInterrupt)
                  0x000116          0x4 LONG 0x6e46 DEFINED (__AltIC1Interrupt)?ABSOLUTE (__AltIC1Interrupt):DEFINED (__IC1Interrupt)?ABSOLUTE (__IC1Interrupt):ABSOLUTE (__DefaultInterrupt)
                  0x000118          0x4 LONG 0x348 DEFINED (__AltOC1Interrupt)?ABSOLUTE (__AltOC1Interrupt):DEFINED (__OC1Interrupt)?ABSOLUTE (__OC1Interrupt):ABSOLUTE (__DefaultInterrupt)
                  0x00011a          0x4 LONG 0x906c DEFINED (__AltT1Interrupt)?ABSOLUTE (__AltT1Interrupt):DEFINED (__T1Interrupt)?ABSOLUTE (__T1Interrupt):ABSOLUTE (__DefaultInterrupt)
                  0x00011c          0x4 LONG 0x974c DEFINED (__AltDMA0Interrupt)?ABSOLUTE (__AltDMA0Interrupt):DEFINED (__DMA0Interrupt)?ABSOLUTE (__DMA0Interrupt):ABSOLUTE (__DefaultInterrupt)
                  0x00011e          0x4 LONG 0x6e98 DEFINED (__AltIC2Interrupt)?ABSOLUTE (__AltIC2Interrupt):DEFINED (__IC2Interrupt)?ABSOLUTE (__IC2Interrupt):ABSOLUTE (__DefaultInterrupt)
                  0x000120          0x4 LONG 0x348 DEFINED (__AltOC2Interrupt)?ABSOLUTE (__AltOC2Interrupt):DEFINED (__OC2Interrupt)?ABSOLUTE (__OC2Interrupt):ABSOLUTE (__DefaultInterrupt)
                  0x000122          0x4 LONG 0x348 DEFINED (__AltT2Interrupt)?ABSOLUTE (__AltT2Interrupt):DEFINED (__T2Interrupt)?ABSOLUTE (__T2Interrupt):ABSOLUTE (__DefaultInterrupt)
                  0x000124          0x4 LONG 0x348 DEFINED (__AltT3Interrupt)?ABSOLUTE (__AltT3Interrupt):DEFINED (__T3Interrupt)?ABSOLUTE (__T3Interrupt):ABSOLUTE (__DefaultInterrupt)
                  0x000126          0x4 LONG 0x348 DEFINED (__AltSPI1ErrInterrupt)?ABSOLUTE (__AltSPI1ErrInterrupt):DEFINED (__SPI1ErrInterrupt)?ABSOLUTE (__SPI1ErrInterrupt):ABSOLUTE (__DefaultInterrupt)
                  0x000128          0x4 LONG 0x7b34 DEFINED (__AltSPI1Interrupt)?ABSOLUTE (__AltSPI1Interrupt):DEFINED (__SPI1Interrupt)?ABSOLUTE (__SPI1Interrupt):ABSOLUTE (__DefaultInterrupt)
                  0x00012a          0x4 LONG 0x83c8 DEFINED (__AltU1RXInterrupt)?ABSOLUTE (__AltU1RXInterrupt):DEFINED (__U1RXInterrupt)?ABSOLUTE (__U1RXInterrupt):ABSOLUTE (__DefaultInterrupt)
                  0x00012c          0x4 LONG 0x838c DEFINED (__AltU1TXInterrupt)?ABSOLUTE (__AltU1TXInterrupt):DEFINED (__U1TXInterrupt)?ABSOLUTE (__U1TXInterrupt):ABSOLUTE (__DefaultInterrupt)
                  0x00012e          0x4 LONG 0x348 DEFINED (__AltADC1Interrupt)?ABSOLUTE (__AltADC1Interrupt):DEFINED (__ADC1Interrupt)?ABSOLUTE (__ADC1Interrupt):ABSOLUTE (__DefaultInterrupt)
                  0x000130          0x4 LONG 0x348 DEFINED (__AltDMA1Interrupt)?ABSOLUTE (__AltDMA1Interrupt):DEFINED (__DMA1Interrupt)?ABSOLUTE (__DMA1Interrupt):ABSOLUTE (__DefaultInterrupt)
                  0x000132          0x4 LONG 0x348 DEFINED (__AltInterrupt15)?ABSOLUTE (__AltInterrupt15):DEFINED (__Interrupt15)?ABSOLUTE (__Interrupt15):ABSOLUTE (__DefaultInterrupt)
                  0x000134          0x4 LONG 0x348 DEFINED (__AltSI2C1Interrupt)?ABSOLUTE (__AltSI2C1Interrupt):DEFINED (__SI2C1Interrupt)?ABSOLUTE (__SI2C1Interrupt):ABSOLUTE (__DefaultInterrupt)
                  0x000136          0x4 LONG 0x348 DEFINED (__AltMI2C1Interrupt)?ABSOLUTE (__AltMI2C1Interrupt):DEFINED (__MI2C1Interrupt)?ABSOLUTE (__MI2C1Interrupt):ABSOLUTE (__DefaultInterrupt)
                  0x000138          0x4 LONG 0x348 DEFINED (__AltInterrupt18)?ABSOLUTE (__AltInterrupt18):DEFINED (__Interrupt18)?ABSOLUTE (__Interrupt18):ABSOLUTE (__DefaultInterrupt)
                  0x00013a          0x4 LONG 0x348 DEFINED (__AltCNInterrupt)?ABSOLUTE (__AltCNInterrupt):DEFINED (__CNInterrupt)?ABSOLUTE (__CNInterrupt):ABSOLUTE (__DefaultInterrupt)
                  0x00013c          0x4 LONG 0x348 DEFINED (__AltINT1Interrupt)?ABSOLUTE (__AltINT1Interrupt):DEFINED (__INT1Interrupt)?ABSOLUTE (__INT1Interrupt):ABSOLUTE (__DefaultInterrupt)
                  0x00013e          0x4 LONG 0x348 DEFINED (__AltADC2Interrupt)?ABSOLUTE (__AltADC2Interrupt):DEFINED (__ADC2Interrupt)?ABSOLUTE (__ADC2Interrupt):ABSOLUTE (__DefaultInterrupt)
                  0x000140          0x4 LONG 0x7032 DEFINED (__AltIC7Interrupt)?ABSOLUTE (__AltIC7Interrupt):DEFINED (__IC7Interrupt)?ABSOLUTE (__IC7Interrupt):ABSOLUTE (__DefaultInterrupt)
                  0x000142          0x4 LONG 0x7084 DEFINED (__AltIC8Interrupt)?ABSOLUTE (__AltIC8Interrupt):DEFINED (__IC8Interrupt)?ABSOLUTE (__IC8Interrupt):ABSOLUTE (__DefaultInterrupt)
                  0x000144          0x4 LONG 0x348 DEFINED (__AltDMA2Interrupt)?ABSOLUTE (__AltDMA2Interrupt):DEFINED (__DMA2Interrupt)?ABSOLUTE (__DMA2Interrupt):ABSOLUTE (__DefaultInterrupt)
                  0x000146          0x4 LONG 0x348 DEFINED (__AltOC3Interrupt)?ABSOLUTE (__AltOC3Interrupt):DEFINED (__OC3Interrupt)?ABSOLUTE (__OC3Interrupt):ABSOLUTE (__DefaultInterrupt)
                  0x000148          0x4 LONG 0x348 DEFINED (__AltOC4Interrupt)?ABSOLUTE (__AltOC4Interrupt):DEFINED (__OC4Interrupt)?ABSOLUTE (__OC4Interrupt):ABSOLUTE (__DefaultInterrupt)
                  0x00014a          0x4 LONG 0x93e8 DEFINED (__AltT4Interrupt)?ABSOLUTE (__AltT4Interrupt):DEFINED (__T4Interrupt)?ABSOLUTE (__T4Interrupt):ABSOLUTE (__DefaultInterrupt)
                  0x00014c          0x4 LONG 0x911c DEFINED (__AltT5Interrupt)?ABSOLUTE (__AltT5Interrupt):DEFINED (__T5Interrupt)?ABSOLUTE (__T5Interrupt):ABSOLUTE (__DefaultInterrupt)
                  0x00014e          0x4 LONG 0x348 DEFINED (__AltINT2Interrupt)?ABSOLUTE (__AltINT2Interrupt):DEFINED (__INT2Interrupt)?ABSOLUTE (__INT2Interrupt):ABSOLUTE (__DefaultInterrupt)
                  0x000150          0x4 LONG 0x8510 DEFINED (__AltU2RXInterrupt)?ABSOLUTE (__AltU2RXInterrupt):DEFINED (__U2RXInterrupt)?ABSOLUTE (__U2RXInterrupt):ABSOLUTE (__DefaultInterrupt)
                  0x000152          0x4 LONG 0x84d4 DEFINED (__AltU2TXInterrupt)?ABSOLUTE (__AltU2TXInterrupt):DEFINED (__U2TXInterrupt)?ABSOLUTE (__U2TXInterrupt):ABSOLUTE (__DefaultInterrupt)
                  0x000154          0x4 LONG 0x348 DEFINED (__AltSPI2ErrInterrupt)?ABSOLUTE (__AltSPI2ErrInterrupt):DEFINED (__SPI2ErrInterrupt)?ABSOLUTE (__SPI2ErrInterrupt):ABSOLUTE (__DefaultInterrupt)
                  0x000156          0x4 LONG 0x7caa DEFINED (__AltSPI2Interrupt)?ABSOLUTE (__AltSPI2Interrupt):DEFINED (__SPI2Interrupt)?ABSOLUTE (__SPI2Interrupt):ABSOLUTE (__DefaultInterrupt)
                  0x000158          0x4 LONG 0x348 DEFINED (__AltC1RxRdyInterrupt)?ABSOLUTE (__AltC1RxRdyInterrupt):DEFINED (__C1RxRdyInterrupt)?ABSOLUTE (__C1RxRdyInterrupt):ABSOLUTE (__DefaultInterrupt)
                  0x00015a          0x4 LONG 0x8dc2 DEFINED (__AltC1Interrupt)?ABSOLUTE (__AltC1Interrupt):DEFINED (__C1Interrupt)?ABSOLUTE (__C1Interrupt):ABSOLUTE (__DefaultInterrupt)
                  0x00015c          0x4 LONG 0x348 DEFINED (__AltDMA3Interrupt)?ABSOLUTE (__AltDMA3Interrupt):DEFINED (__DMA3Interrupt)?ABSOLUTE (__DMA3Interrupt):ABSOLUTE (__DefaultInterrupt)
                  0x00015e          0x4 LONG 0x6eea DEFINED (__AltIC3Interrupt)?ABSOLUTE (__AltIC3Interrupt):DEFINED (__IC3Interrupt)?ABSOLUTE (__IC3Interrupt):ABSOLUTE (__DefaultInterrupt)
                  0x000160          0x4 LONG 0x6f3c DEFINED (__AltIC4Interrupt)?ABSOLUTE (__AltIC4Interrupt):DEFINED (__IC4Interrupt)?ABSOLUTE (__IC4Interrupt):ABSOLUTE (__DefaultInterrupt)
                  0x000162          0x4 LONG 0x6f8e DEFINED (__AltIC5Interrupt)?ABSOLUTE (__AltIC5Interrupt):DEFINED (__IC5Interrupt)?ABSOLUTE (__IC5Interrupt):ABSOLUTE (__DefaultInterrupt)
                  0x000164          0x4 LONG 0x6fe0 DEFINED (__AltIC6Interrupt)?ABSOLUTE (__AltIC6Interrupt):DEFINED (__IC6Interrupt)?ABSOLUTE (__IC6Interrupt):ABSOLUTE (__DefaultInterrupt)
                  0x000166          0x4 LONG 0x348 DEFINED (__AltOC5Interrupt)?ABSOLUTE (__AltOC5Interrupt):DEFINED (__OC5Interrupt)?ABSOLUTE (__OC5Interrupt):ABSOLUTE (__DefaultInterrupt)
                  0x000168          0x4 LONG 0x348 DEFINED (__AltOC6Interrupt)?ABSOLUTE (__AltOC6Interrupt):DEFINED (__OC6Interrupt)?ABSOLUTE (__OC6Interrupt):ABSOLUTE (__DefaultInterrupt)
                  0x00016a          0x4 LONG 0x348 DEFINED (__AltOC7Interrupt)?ABSOLUTE (__AltOC7Interrupt):DEFINED (__OC7Interrupt)?ABSOLUTE (__OC7Interrupt):ABSOLUTE (__DefaultInterrupt)
                  0x00016c          0x4 LONG 0x348 DEFINED (__AltOC8Interrupt)?ABSOLUTE (__AltOC8Interrupt):DEFINED (__OC8Interrupt)?ABSOLUTE (__OC8Interrupt):ABSOLUTE (__DefaultInterrupt)
                  0x00016e          0x4 LONG 0x348 DEFINED (__AltInterrupt45)?ABSOLUTE (__AltInterrupt45):DEFINED (__Interrupt45)?ABSOLUTE (__Interrupt45):ABSOLUTE (__DefaultInterrupt)
                  0x000170          0x4 LONG 0x348 DEFINED (__AltDMA4Interrupt)?ABSOLUTE (__AltDMA4Interrupt):DEFINED (__DMA4Interrupt)?ABSOLUTE (__DMA4Interrupt):ABSOLUTE (__DefaultInterrupt)
                  0x000172          0x4 LONG 0x913a DEFINED (__AltT6Interrupt)?ABSOLUTE (__AltT6Interrupt):DEFINED (__T6Interrupt)?ABSOLUTE (__T6Interrupt):ABSOLUTE (__DefaultInterrupt)
                  0x000174          0x4 LONG 0x90de DEFINED (__AltT7Interrupt)?ABSOLUTE (__AltT7Interrupt):DEFINED (__T7Interrupt)?ABSOLUTE (__T7Interrupt):ABSOLUTE (__DefaultInterrupt)
                  0x000176          0x4 LONG 0x348 DEFINED (__AltSI2C2Interrupt)?ABSOLUTE (__AltSI2C2Interrupt):DEFINED (__SI2C2Interrupt)?ABSOLUTE (__SI2C2Interrupt):ABSOLUTE (__DefaultInterrupt)
                  0x000178          0x4 LONG 0x718a DEFINED (__AltMI2C2Interrupt)?ABSOLUTE (__AltMI2C2Interrupt):DEFINED (__MI2C2Interrupt)?ABSOLUTE (__MI2C2Interrupt):ABSOLUTE (__DefaultInterrupt)
                  0x00017a          0x4 LONG 0x348 DEFINED (__AltT8Interrupt)?ABSOLUTE (__AltT8Interrupt):DEFINED (__T8Interrupt)?ABSOLUTE (__T8Interrupt):ABSOLUTE (__DefaultInterrupt)
                  0x00017c          0x4 LONG 0x348 DEFINED (__AltT9Interrupt)?ABSOLUTE (__AltT9Interrupt):DEFINED (__T9Interrupt)?ABSOLUTE (__T9Interrupt):ABSOLUTE (__DefaultInterrupt)
                  0x00017e          0x4 LONG 0x9c9a DEFINED (__AltINT3Interrupt)?ABSOLUTE (__AltINT3Interrupt):DEFINED (__INT3Interrupt)?ABSOLUTE (__INT3Interrupt):ABSOLUTE (__DefaultInterrupt)
                  0x000180          0x4 LONG 0x348 DEFINED (__AltINT4Interrupt)?ABSOLUTE (__AltINT4Interrupt):DEFINED (__INT4Interrupt)?ABSOLUTE (__INT4Interrupt):ABSOLUTE (__DefaultInterrupt)
                  0x000182          0x4 LONG 0x348 DEFINED (__AltC2RxRdyInterrupt)?ABSOLUTE (__AltC2RxRdyInterrupt):DEFINED (__C2RxRdyInterrupt)?ABSOLUTE (__C2RxRdyInterrupt):ABSOLUTE (__DefaultInterrupt)
                  0x000184          0x4 LONG 0x8d56 DEFINED (__AltC2Interrupt)?ABSOLUTE (__AltC2Interrupt):DEFINED (__C2Interrupt)?ABSOLUTE (__C2Interrupt):ABSOLUTE (__DefaultInterrupt)
                  0x000186          0x4 LONG 0x348 DEFINED (__AltInterrupt57)?ABSOLUTE (__AltInterrupt57):DEFINED (__Interrupt57)?ABSOLUTE (__Interrupt57):ABSOLUTE (__DefaultInterrupt)
                  0x000188          0x4 LONG 0x348 DEFINED (__AltInterrupt58)?ABSOLUTE (__AltInterrupt58):DEFINED (__Interrupt58)?ABSOLUTE (__Interrupt58):ABSOLUTE (__DefaultInterrupt)
                  0x00018a          0x4 LONG 0x348 DEFINED (__AltDCIErrInterrupt)?ABSOLUTE (__AltDCIErrInterrupt):DEFINED (__DCIErrInterrupt)?ABSOLUTE (__DCIErrInterrupt):ABSOLUTE (__DefaultInterrupt)
                  0x00018c          0x4 LONG 0x348 DEFINED (__AltDCIInterrupt)?ABSOLUTE (__AltDCIInterrupt):DEFINED (__DCIInterrupt)?ABSOLUTE (__DCIInterrupt):ABSOLUTE (__DefaultInterrupt)
                  0x00018e          0x4 LONG 0x348 DEFINED (__AltDMA5Interrupt)?ABSOLUTE (__AltDMA5Interrupt):DEFINED (__DMA5Interrupt)?ABSOLUTE (__DMA5Interrupt):ABSOLUTE (__DefaultInterrupt)
                  0x000190          0x4 LONG 0x348 DEFINED (__AltInterrupt62)?ABSOLUTE (__AltInterrupt62):DEFINED (__Interrupt62)?ABSOLUTE (__Interrupt62):ABSOLUTE (__DefaultInterrupt)
                  0x000192          0x4 LONG 0x348 DEFINED (__AltInterrupt63)?ABSOLUTE (__AltInterrupt63):DEFINED (__Interrupt63)?ABSOLUTE (__Interrupt63):ABSOLUTE (__DefaultInterrupt)
                  0x000194          0x4 LONG 0x348 DEFINED (__AltInterrupt64)?ABSOLUTE (__AltInterrupt64):DEFINED (__Interrupt64)?ABSOLUTE (__Interrupt64):ABSOLUTE (__DefaultInterrupt)
                  0x000196          0x4 LONG 0x348 DEFINED (__AltU1ErrInterrupt)?ABSOLUTE (__AltU1ErrInterrupt):DEFINED (__U1ErrInterrupt)?ABSOLUTE (__U1ErrInterrupt):ABSOLUTE (__DefaultInterrupt)
                  0x000198          0x4 LONG 0x348 DEFINED (__AltU2ErrInterrupt)?ABSOLUTE (__AltU2ErrInterrupt):DEFINED (__U2ErrInterrupt)?ABSOLUTE (__U2ErrInterrupt):ABSOLUTE (__DefaultInterrupt)
                  0x00019a          0x4 LONG 0x348 DEFINED (__AltInterrupt67)?ABSOLUTE (__AltInterrupt67):DEFINED (__Interrupt67)?ABSOLUTE (__Interrupt67):ABSOLUTE (__DefaultInterrupt)
                  0x00019c          0x4 LONG 0x348 DEFINED (__AltDMA6Interrupt)?ABSOLUTE (__AltDMA6Interrupt):DEFINED (__DMA6Interrupt)?ABSOLUTE (__DMA6Interrupt):ABSOLUTE (__DefaultInterrupt)
                  0x00019e          0x4 LONG 0x348 DEFINED (__AltDMA7Interrupt)?ABSOLUTE (__AltDMA7Interrupt):DEFINED (__DMA7Interrupt)?ABSOLUTE (__DMA7Interrupt):ABSOLUTE (__DefaultInterrupt)
                  0x0001a0          0x4 LONG 0x348 DEFINED (__AltC1TxReqInterrupt)?ABSOLUTE (__AltC1TxReqInterrupt):DEFINED (__C1TxReqInterrupt)?ABSOLUTE (__C1TxReqInterrupt):ABSOLUTE (__DefaultInterrupt)
                  0x0001a2          0x4 LONG 0x348 DEFINED (__AltC2TxReqInterrupt)?ABSOLUTE (__AltC2TxReqInterrupt):DEFINED (__C2TxReqInterrupt)?ABSOLUTE (__C2TxReqInterrupt):ABSOLUTE (__DefaultInterrupt)
                  0x0001a4          0x4 LONG 0x348 DEFINED (__AltInterrupt72)?ABSOLUTE (__AltInterrupt72):DEFINED (__Interrupt72)?ABSOLUTE (__Interrupt72):ABSOLUTE (__DefaultInterrupt)
                  0x0001a6          0x4 LONG 0x348 DEFINED (__AltInterrupt73)?ABSOLUTE (__AltInterrupt73):DEFINED (__Interrupt73)?ABSOLUTE (__Interrupt73):ABSOLUTE (__DefaultInterrupt)
                  0x0001a8          0x4 LONG 0x348 DEFINED (__AltInterrupt74)?ABSOLUTE (__AltInterrupt74):DEFINED (__Interrupt74)?ABSOLUTE (__Interrupt74):ABSOLUTE (__DefaultInterrupt)
                  0x0001aa          0x4 LONG 0x348 DEFINED (__AltInterrupt75)?ABSOLUTE (__AltInterrupt75):DEFINED (__Interrupt75)?ABSOLUTE (__Interrupt75):ABSOLUTE (__DefaultInterrupt)
                  0x0001ac          0x4 LONG 0x348 DEFINED (__AltInterrupt76)?ABSOLUTE (__AltInterrupt76):DEFINED (__Interrupt76)?ABSOLUTE (__Interrupt76):ABSOLUTE (__DefaultInterrupt)
                  0x0001ae          0x4 LONG 0x348 DEFINED (__AltInterrupt77)?ABSOLUTE (__AltInterrupt77):DEFINED (__Interrupt77)?ABSOLUTE (__Interrupt77):ABSOLUTE (__DefaultInterrupt)
                  0x0001b0          0x4 LONG 0x348 DEFINED (__AltInterrupt78)?ABSOLUTE (__AltInterrupt78):DEFINED (__Interrupt78)?ABSOLUTE (__Interrupt78):ABSOLUTE (__DefaultInterrupt)
                  0x0001b2          0x4 LONG 0x348 DEFINED (__AltInterrupt79)?ABSOLUTE (__AltInterrupt79):DEFINED (__Interrupt79)?ABSOLUTE (__Interrupt79):ABSOLUTE (__DefaultInterrupt)
                  0x0001b4          0x4 LONG 0x348 DEFINED (__AltInterrupt80)?ABSOLUTE (__AltInterrupt80):DEFINED (__Interrupt80)?ABSOLUTE (__Interrupt80):ABSOLUTE (__DefaultInterrupt)
                  0x0001b6          0x4 LONG 0x348 DEFINED (__AltInterrupt81)?ABSOLUTE (__AltInterrupt81):DEFINED (__Interrupt81)?ABSOLUTE (__Interrupt81):ABSOLUTE (__DefaultInterrupt)
                  0x0001b8          0x4 LONG 0x348 DEFINED (__AltInterrupt82)?ABSOLUTE (__AltInterrupt82):DEFINED (__Interrupt82)?ABSOLUTE (__Interrupt82):ABSOLUTE (__DefaultInterrupt)
                  0x0001ba          0x4 LONG 0x348 DEFINED (__AltInterrupt83)?ABSOLUTE (__AltInterrupt83):DEFINED (__Interrupt83)?ABSOLUTE (__Interrupt83):ABSOLUTE (__DefaultInterrupt)
                  0x0001bc          0x4 LONG 0x348 DEFINED (__AltInterrupt84)?ABSOLUTE (__AltInterrupt84):DEFINED (__Interrupt84)?ABSOLUTE (__Interrupt84):ABSOLUTE (__DefaultInterrupt)
                  0x0001be          0x4 LONG 0x348 DEFINED (__AltInterrupt85)?ABSOLUTE (__AltInterrupt85):DEFINED (__Interrupt85)?ABSOLUTE (__Interrupt85):ABSOLUTE (__DefaultInterrupt)
                  0x0001c0          0x4 LONG 0x348 DEFINED (__AltInterrupt86)?ABSOLUTE (__AltInterrupt86):DEFINED (__Interrupt86)?ABSOLUTE (__Interrupt86):ABSOLUTE (__DefaultInterrupt)
                  0x0001c2          0x4 LONG 0x348 DEFINED (__AltInterrupt87)?ABSOLUTE (__AltInterrupt87):DEFINED (__Interrupt87)?ABSOLUTE (__Interrupt87):ABSOLUTE (__DefaultInterrupt)
                  0x0001c4          0x4 LONG 0x348 DEFINED (__AltInterrupt88)?ABSOLUTE (__AltInterrupt88):DEFINED (__Interrupt88)?ABSOLUTE (__Interrupt88):ABSOLUTE (__DefaultInterrupt)
                  0x0001c6          0x4 LONG 0x348 DEFINED (__AltInterrupt89)?ABSOLUTE (__AltInterrupt89):DEFINED (__Interrupt89)?ABSOLUTE (__Interrupt89):ABSOLUTE (__DefaultInterrupt)
                  0x0001c8          0x4 LONG 0x348 DEFINED (__AltInterrupt90)?ABSOLUTE (__AltInterrupt90):DEFINED (__Interrupt90)?ABSOLUTE (__Interrupt90):ABSOLUTE (__DefaultInterrupt)
                  0x0001ca          0x4 LONG 0x348 DEFINED (__AltInterrupt91)?ABSOLUTE (__AltInterrupt91):DEFINED (__Interrupt91)?ABSOLUTE (__Interrupt91):ABSOLUTE (__DefaultInterrupt)
                  0x0001cc          0x4 LONG 0x348 DEFINED (__AltInterrupt92)?ABSOLUTE (__AltInterrupt92):DEFINED (__Interrupt92)?ABSOLUTE (__Interrupt92):ABSOLUTE (__DefaultInterrupt)
                  0x0001ce          0x4 LONG 0x348 DEFINED (__AltInterrupt93)?ABSOLUTE (__AltInterrupt93):DEFINED (__Interrupt93)?ABSOLUTE (__Interrupt93):ABSOLUTE (__DefaultInterrupt)
                  0x0001d0          0x4 LONG 0x348 DEFINED (__AltInterrupt94)?ABSOLUTE (__AltInterrupt94):DEFINED (__Interrupt94)?ABSOLUTE (__Interrupt94):ABSOLUTE (__DefaultInterrupt)
                  0x0001d2          0x4 LONG 0x348 DEFINED (__AltInterrupt95)?ABSOLUTE (__AltInterrupt95):DEFINED (__Interrupt95)?ABSOLUTE (__Interrupt95):ABSOLUTE (__DefaultInterrupt)
                  0x0001d4          0x4 LONG 0x348 DEFINED (__AltInterrupt96)?ABSOLUTE (__AltInterrupt96):DEFINED (__Interrupt96)?ABSOLUTE (__Interrupt96):ABSOLUTE (__DefaultInterrupt)
                  0x0001d6          0x4 LONG 0x348 DEFINED (__AltInterrupt97)?ABSOLUTE (__AltInterrupt97):DEFINED (__Interrupt97)?ABSOLUTE (__Interrupt97):ABSOLUTE (__DefaultInterrupt)
                  0x0001d8          0x4 LONG 0x348 DEFINED (__AltInterrupt98)?ABSOLUTE (__AltInterrupt98):DEFINED (__Interrupt98)?ABSOLUTE (__Interrupt98):ABSOLUTE (__DefaultInterrupt)
                  0x0001da          0x4 LONG 0x348 DEFINED (__AltInterrupt99)?ABSOLUTE (__AltInterrupt99):DEFINED (__Interrupt99)?ABSOLUTE (__Interrupt99):ABSOLUTE (__DefaultInterrupt)
                  0x0001dc          0x4 LONG 0x348 DEFINED (__AltInterrupt100)?ABSOLUTE (__AltInterrupt100):DEFINED (__Interrupt100)?ABSOLUTE (__Interrupt100):ABSOLUTE (__DefaultInterrupt)
                  0x0001de          0x4 LONG 0x348 DEFINED (__AltInterrupt101)?ABSOLUTE (__AltInterrupt101):DEFINED (__Interrupt101)?ABSOLUTE (__Interrupt101):ABSOLUTE (__DefaultInterrupt)
                  0x0001e0          0x4 LONG 0x348 DEFINED (__AltInterrupt102)?ABSOLUTE (__AltInterrupt102):DEFINED (__Interrupt102)?ABSOLUTE (__Interrupt102):ABSOLUTE (__DefaultInterrupt)
                  0x0001e2          0x4 LONG 0x348 DEFINED (__AltInterrupt103)?ABSOLUTE (__AltInterrupt103):DEFINED (__Interrupt103)?ABSOLUTE (__Interrupt103):ABSOLUTE (__DefaultInterrupt)
                  0x0001e4          0x4 LONG 0x348 DEFINED (__AltInterrupt104)?ABSOLUTE (__AltInterrupt104):DEFINED (__Interrupt104)?ABSOLUTE (__Interrupt104):ABSOLUTE (__DefaultInterrupt)