Microchip Technology Inc, vçc

Tool Name:
  c:\program files (x86)\microchip\xc16\v1.21\bin\bin\..\bin/elf-ld.exe

Command:
  -p33FJ256GP710A \
  -o \
  MatrixPilot-udb5.cof \
  -Lc:/program files (x86)/microchip/xc16/v1.21/bin/bin/.. \
  -Lc:/program files (x86)/microchip/xc16/v1.21/bin/bin/../../lib \
  -Lc:/program files (x86)/microchip/xc16/v1.21/bin/bin/../../lib/PIC24E \
  -Lc:/program files (x86)/microchip/xc16/v1.21/bin/bin/../../support/PIC24E/gld \
  -Lc:/program files (x86)/microchip/xc16/v1.21/bin/bin/../../lib/PIC24F \
  -Lc:/program files (x86)/microchip/xc16/v1.21/bin/bin/../../support/PIC24F/gld \
  -Lc:/program files (x86)/microchip/xc16/v1.21/bin/bin/../../lib/PIC24H \
  -Lc:/program files (x86)/microchip/xc16/v1.21/bin/bin/../../support/PIC24H/gld \
  -Lc:/program files (x86)/microchip/xc16/v1.21/bin/bin/../../lib/dsPIC30F \
  -Lc:/program files (x86)/microchip/xc16/v1.21/bin/bin/../../support/dsPIC30F/gld \
  -Lc:/program files (x86)/microchip/xc16/v1.21/bin/bin/../../lib/dsPIC33E \
  -Lc:/program files (x86)/microchip/xc16/v1.21/bin/bin/../../support/dsPIC33E/gld \
  -Lc:/program files (x86)/microchip/xc16/v1.21/bin/bin/../../lib/dsPIC33F \
  -Lc:/program files (x86)/microchip/xc16/v1.21/bin/bin/../../support/dsPIC33F/gld \
  build\udb5\config_tests.o \
  build\udb5\background.o \
  build\udb5\behavior.o \
  build\udb5\cameraCntrl.o \
  build\udb5\main.o \
  build\udb5\navigate.o \
  build\udb5\pitchCntrl.o \
  build\udb5\rollCntrl.o \
  build\udb5\servoMix.o \
  build\udb5\states.o \
  build\udb5\yawCntrl.o \
  build\udb5\libUDB.o \
  build\udb5\telemetry.o \
  build\udb5\servoPrepare.o \
  build\udb5\estWind.o \
  build\udb5\estYawDrift.o \
  build\udb5\gpsParseCommon.o \
  build\udb5\gpsParseSTD.o \
  build\udb5\gpsParseUBX.o \
  build\udb5\mathlibNAV.o \
  build\udb5\rmat.o \
  build\udb5\libDCM.o \
  build\udb5\servoOut.o \
  build\udb5\flightplan-waypoints.o \
  build\udb5\flightplan-logo.o \
  build\udb5\deadReckoning.o \
  build\udb5\osd.o \
  build\udb5\mp_osd.o \
  build\udb5\gpsParseMTEK.o \
  build\udb5\altitudeCntrl.o \
  build\udb5\MAVLink.o \
  build\udb5\mode_switch.o \
  build\udb5\24LC256.o \
  build\udb5\events.o \
  build\udb5\data_services.o \
  build\udb5\data_storage.o \
  build\udb5\nv_memory_table.o \
  build\udb5\parameter_table.o \
  build\udb5\airspeedCntrl.o \
  build\udb5\altitudeCntrlVariable.o \
  build\udb5\madd.o \
  build\udb5\mmul.o \
  build\udb5\mscl.o \
  build\udb5\msub.o \
  build\udb5\mtrp.o \
  build\udb5\vadd.o \
  build\udb5\vcon.o \
  build\udb5\vcopy.o \
  build\udb5\vcor.o \
  build\udb5\vdot.o \
  build\udb5\vmax.o \
  build\udb5\vmin.o \
  build\udb5\vmul.o \
  build\udb5\vneg.o \
  build\udb5\vpow.o \
  build\udb5\vscl.o \
  build\udb5\vsub.o \
  build\udb5\vzpad.o \
  build\udb5\euler_angles.o \
  build\udb5\mpu6000.o \
  build\udb5\spiUtils.o \
  build\udb5\analog2digital_udb5.o \
  build\udb5\traps_asm.o \
  build\udb5\analog2digital_udb4.o \
  build\udb5\mcu.o \
  build\udb5\estAltitude.o \
  build\udb5\eeprom_udb4.o \
  build\udb5\traps.o \
  build\udb5\barometer.o \
  build\udb5\I2C1.o \
  build\udb5\I2C2.o \
  build\udb5\magnetometer.o \
  build\udb5\radioIn.o \
  build\udb5\serialIO.o \
  build\udb5\read.o \
  build\udb5\uart.o \
  build\udb5\write.o \
  build\udb5\console.o \
  build\udb5\sonarCntrl.o \
  build\udb5\motorCntrl.o \
  -LC:\Program Files\Microchip\MPLAB C30\lib \
  -Tp33FJ256GP710A.gld.00 \
  --defsym=__MPLAB_BUILD=1 \
  --heap=1024 \
  -Map=MatrixPilot-udb5.map \
  --report-mem \
  -start-group \
  --library=fx-elf \
  --library=lega-pic30-elf \
  --library=m-elf \
  --library=lega-c-elf \
  -end-group \

Archive member included because of file (symbol)

c:/program files (x86)/microchip/xc16/v1.21/bin/bin/../../lib/dsPIC33F\libp33FJ256GP710A-elf.a(CloseSPI1.o)
                              build\udb5\spiUtils.o (_CloseSPI1)
c:/program files (x86)/microchip/xc16/v1.21/bin/bin/../../lib/dsPIC33F\libp33FJ256GP710A-elf.a(CloseSPI2.o)
                              build\udb5\spiUtils.o (_CloseSPI2)
c:/program files (x86)/microchip/xc16/v1.21/bin/bin/../../lib/dsPIC33F\libp33FJ256GP710A-elf.a(ConfigIntSPI1.o)
                              build\udb5\spiUtils.o (_ConfigIntSPI1)
c:/program files (x86)/microchip/xc16/v1.21/bin/bin/../../lib/dsPIC33F\libp33FJ256GP710A-elf.a(ConfigIntSPI2.o)
                              build\udb5\spiUtils.o (_ConfigIntSPI2)
c:/program files (x86)/microchip/xc16/v1.21/bin/bin/../../lib/dsPIC33F\libp33FJ256GP710A-elf.a(OpenSPI1.o)
                              build\udb5\spiUtils.o (_OpenSPI1)
c:/program files (x86)/microchip/xc16/v1.21/bin/bin/../../lib/dsPIC33F\libp33FJ256GP710A-elf.a(OpenSPI2.o)
                              build\udb5\spiUtils.o (_OpenSPI2)
c:/program files (x86)/microchip/xc16/v1.21/bin/bin/../../lib\liblega-pic30-elf.a(crt0_standard.o)
                              (__resetPRI)
[...]
Memory Configuration

Name             Origin             Length             Attributes
data             0x000800           0x007800           a !xr
reset            0x000000           0x000004  
ivt              0x000004           0x0000fc  
_reserved        0x000100           0x000004  
aivt             0x000104           0x0000fc  
program          0x000200           0x02a9fe           xr
FBS              0xf80000           0x000002  
FSS              0xf80002           0x000002  
FGS              0xf80004           0x000002  
FOSCSEL          0xf80006           0x000002  
FOSC             0xf80008           0x000002  
FWDT             0xf8000a           0x000002  
FPOR             0xf8000c           0x000002  
FICD             0xf8000e           0x000002  
FUID0            0xf80010           0x000002  
FUID1            0xf80012           0x000002  
FUID2            0xf80014           0x000002  
FUID3            0xf80016           0x000002  
*default*        0x000000           0xffffffff  

Linker script and memory map

LOAD build\udb5\config_tests.o
LOAD build\udb5\background.o
LOAD build\udb5\behavior.o
LOAD build\udb5\cameraCntrl.o
LOAD build\udb5\main.o
LOAD build\udb5\navigate.o
LOAD build\udb5\pitchCntrl.o
LOAD build\udb5\rollCntrl.o
LOAD build\udb5\servoMix.o
LOAD build\udb5\states.o
LOAD build\udb5\yawCntrl.o
LOAD build\udb5\libUDB.o
LOAD build\udb5\telemetry.o
LOAD build\udb5\servoPrepare.o
LOAD build\udb5\estWind.o
LOAD build\udb5\estYawDrift.o
LOAD build\udb5\gpsParseCommon.o
LOAD build\udb5\gpsParseSTD.o
LOAD build\udb5\gpsParseUBX.o
LOAD build\udb5\mathlibNAV.o
LOAD build\udb5\rmat.o
LOAD build\udb5\libDCM.o
LOAD build\udb5\servoOut.o
LOAD build\udb5\flightplan-waypoints.o
LOAD build\udb5\flightplan-logo.o
LOAD build\udb5\deadReckoning.o
LOAD build\udb5\osd.o
LOAD build\udb5\mp_osd.o
LOAD build\udb5\gpsParseMTEK.o
LOAD build\udb5\altitudeCntrl.o
LOAD build\udb5\MAVLink.o
LOAD build\udb5\mode_switch.o
LOAD build\udb5\24LC256.o
LOAD build\udb5\events.o
LOAD build\udb5\data_services.o
LOAD build\udb5\data_storage.o
LOAD build\udb5\nv_memory_table.o
LOAD build\udb5\parameter_table.o
LOAD build\udb5\airspeedCntrl.o
LOAD build\udb5\altitudeCntrlVariable.o
LOAD build\udb5\madd.o
LOAD build\udb5\mmul.o
LOAD build\udb5\mscl.o
LOAD build\udb5\msub.o
LOAD build\udb5\mtrp.o
LOAD build\udb5\vadd.o
LOAD build\udb5\vcon.o
LOAD build\udb5\vcopy.o
LOAD build\udb5\vcor.o
LOAD build\udb5\vdot.o
LOAD build\udb5\vmax.o
LOAD build\udb5\vmin.o
LOAD build\udb5\vmul.o
LOAD build\udb5\vneg.o
LOAD build\udb5\vpow.o
LOAD build\udb5\vscl.o
LOAD build\udb5\vsub.o
LOAD build\udb5\vzpad.o
LOAD build\udb5\euler_angles.o
LOAD build\udb5\mpu6000.o
LOAD build\udb5\spiUtils.o
LOAD build\udb5\analog2digital_udb5.o
LOAD build\udb5\traps_asm.o
LOAD build\udb5\analog2digital_udb4.o
LOAD build\udb5\mcu.o
LOAD build\udb5\estAltitude.o
LOAD build\udb5\eeprom_udb4.o
LOAD build\udb5\traps.o
LOAD build\udb5\barometer.o
LOAD build\udb5\I2C1.o
LOAD build\udb5\I2C2.o
LOAD build\udb5\magnetometer.o
LOAD build\udb5\radioIn.o
LOAD build\udb5\serialIO.o
LOAD build\udb5\read.o
LOAD build\udb5\uart.o
LOAD build\udb5\write.o
LOAD build\udb5\console.o
LOAD build\udb5\sonarCntrl.o
LOAD build\udb5\motorCntrl.o
LOAD c:/program files (x86)/microchip/xc16/v1.21/bin/bin/../../lib/dsPIC33F\libp33FJ256GP710A-elf.a
                    0xf80000                  __FBS = 0xf80000
                    0xf80002                  __FSS = 0xf80002
                    0xf80004                  __FGS = 0xf80004
                    0xf80006                  __FOSCSEL = 0xf80006
                    0xf80008                  __FOSC = 0xf80008
                    0xf8000a                  __FWDT = 0xf8000a
                    0xf8000c                  __FPOR = 0xf8000c
                    0xf8000e                  __FICD = 0xf8000e
                    0xf80010                  __FUID0 = 0xf80010
                    0xf80012                  __FUID1 = 0xf80012
                    0xf80014                  __FUID2 = 0xf80014
                    0xf80016                  __FUID3 = 0xf80016
                    0x0004                  __IVT_BASE = 0x4
                    0x0104                  __AIVT_BASE = 0x104
                    0x0800                  __DATA_BASE = 0x800
                    0x7800                  __DATA_LENGTH = 0x7800
                    0x4800                  __YDATA_BASE = 0x4800
                    0x7800                  __DMA_BASE = 0x7800
                    0x7fff                  __DMA_END = 0x7fff
                    0x0200                  __CODE_BASE = 0x200
                    0x2aa00                  __CODE_LENGTH = 0x2aa00

.reset            0x000000          0x4
                  0x000000          0x2 SHORT 0x200 ABSOLUTE (__reset)
                  0x000001          0x2 SHORT 0x4
                  0x000002          0x2 SHORT 0x0 ((ABSOLUTE (__reset) >> 0x10) & 0x7f)
                  0x000003          0x2 SHORT 0x0

.text             0x000200       0x302c
 *(.init)
 .init            0x000200         0x36 c:/program files (x86)/microchip/xc16/v1.21/bin/bin/../../lib\liblega-pic30-elf.a(crt0_standard.o)
                  0x000200                  __resetPRI
                  0x000200                  __reset
                  0x000226                  __psv_init
 .init            0x000236         0x5e c:/program files (x86)/microchip/xc16/v1.21/bin/bin/../../lib\liblega-pic30-elf.a(data_init_standard.o)
                  0x000236                  __data_init_standard
                  0x000236                  __data_init
 *(.user_init)
 *(.handle)
 .handle          0x000294         0xbc jump_table
 *(.isr*)
 .isr             0x000350          0x4 default_isr
                  0x000350                  __DefaultInterrupt
 *(.libc)
 .libc            0x000354         0xac build\udb5\read.o
                  0x000354                  _read
 .libc            0x000400         0x9c build\udb5\write.o
                  0x000400                  _write
 .libc            0x00049c         0x2c c:/program files (x86)/microchip/xc16/v1.21/bin/bin/../../lib\liblega-c-elf.a(printf_cdnopuxX.XXeo)
                  0x00049c                  printf_cdnopuxX.XXeo:_prout
                  0x0004b8                  __printf_cdnopuxX
 .libc            0x0004c8        0x166 c:/program files (x86)/microchip/xc16/v1.21/bin/bin/../../lib\liblega-c-elf.a(xprintf_cdnopuxX.XXeo)
                  0x0004c8                  ___Printf_cdnopuxX
 .libc            0x00062e        0x22a c:/program files (x86)/microchip/xc16/v1.21/bin/bin/../../lib\liblega-c-elf.a(xputfld_cdnopuxX.XXeo)
                  0x00062e                  ___Putfld_cdnopuxX
 *(.libm)
 *(.libdsp)
 .libdsp          0x000858         0x40 build\udb5\madd.o
                  0x000858                  _MatrixAdd
 .libdsp          0x000898         0x7a build\udb5\mmul.o
                  0x000898                  _MatrixMultiply
 .libdsp          0x000912         0x3c build\udb5\mscl.o
                  0x000912                  _MatrixScale
 .libdsp          0x00094e         0x4e build\udb5\msub.o
                  0x00094e                  _MatrixSubtract
 .libdsp          0x00099c         0x48 build\udb5\mtrp.o
                  0x00099c                  _MatrixTranspose
 .libdsp          0x0009e4         0x3e build\udb5\vadd.o
                  0x0009e4                  _VectorAdd
 .libdsp          0x000a22         0xf8 build\udb5\vcon.o
                  0x000a22                  _VectorConvolve
 .libdsp          0x000b1a         0x10 build\udb5\vcopy.o
                  0x000b1a                  _VectorCopy
 .libdsp          0x000b2a         0x30 build\udb5\vcor.o
                  0x000b2a                  _VectorCorrelate
 .libdsp          0x000b5a         0x3a build\udb5\vdot.o
                  0x000b5a                  _VectorDotProduct
 .libdsp          0x000b94         0x1a build\udb5\vmax.o
                  0x000b94                  _VectorMax
 .libdsp          0x000bae         0x1a build\udb5\vmin.o
                  0x000bae                  _VectorMin
 .libdsp          0x000bc8         0x3c build\udb5\vmul.o
                  0x000bc8                  _VectorMultiply
 .libdsp          0x000c04         0x40 build\udb5\vneg.o
                  0x000c04                  _VectorNegate
 .libdsp          0x000c44         0x38 build\udb5\vpow.o
                  0x000c44                  _VectorPower
 .libdsp          0x000c7c         0x3c build\udb5\vscl.o
                  0x000c7c                  _VectorScale
 .libdsp          0x000cb8         0x4c build\udb5\vsub.o
                  0x000cb8                  _VectorSubtract
 .libdsp          0x000d04         0x1e build\udb5\vzpad.o
                  0x000d04                  _VectorZeroPad
 *(.lib*)
 .libperi         0x000d22          0x8 c:/program files (x86)/microchip/xc16/v1.21/bin/bin/../../lib/dsPIC33F\libp33FJ256GP710A-elf.a(CloseSPI1.o)
                  0x000d22                  _CloseSPI1
 .libperi         0x000d2a          0x8 c:/program files (x86)/microchip/xc16/v1.21/bin/bin/../../lib/dsPIC33F\libp33FJ256GP710A-elf.a(CloseSPI2.o)
                  0x000d2a                  _CloseSPI2
 .libperi         0x000d32         0x24 c:/program files (x86)/microchip/xc16/v1.21/bin/bin/../../lib/dsPIC33F\libp33FJ256GP710A-elf.a(ConfigIntSPI1.o)
                  0x000d32                  _ConfigIntSPI1
 .libperi         0x000d56         0x24 c:/program files (x86)/microchip/xc16/v1.21/bin/bin/../../lib/dsPIC33F\libp33FJ256GP710A-elf.a(ConfigIntSPI2.o)
                  0x000d56                  _ConfigIntSPI2
 .libperi         0x000d7a          0x8 c:/program files (x86)/microchip/xc16/v1.21/bin/bin/../../lib/dsPIC33F\libp33FJ256GP710A-elf.a(OpenSPI1.o)
                  0x000d7a                  _OpenSPI1
 .libperi         0x000d82          0x8 c:/program files (x86)/microchip/xc16/v1.21/bin/bin/../../lib/dsPIC33F\libp33FJ256GP710A-elf.a(OpenSPI2.o)
                  0x000d82                  _OpenSPI2
 .libm.subsf3     0x000d8a         0xbc c:/program files (x86)/microchip/xc16/v1.21/bin/bin/../../lib\libm-elf.a(addsf3.eo)
                  0x000d8a                  ___subsf3
                  0x000d8c                  ___addsf3
 .libm.divfs3     0x000e46         0x84 c:/program files (x86)/microchip/xc16/v1.21/bin/bin/../../lib\libm-elf.a(divsf3.eo)
                  0x000e46                  ___divsf3
 .libm.divsi3     0x000eca         0x1e c:/program files (x86)/microchip/xc16/v1.21/bin/bin/../../lib\libm-elf.a(divsi3.eo)
                  0x000eca                  ___divsi3
 .libm.fixsfsi    0x000ee8         0x42 c:/program files (x86)/microchip/xc16/v1.21/bin/bin/../../lib\libm-elf.a(fixsfsi.eo)
                  0x000ee8                  _(float, int, long long, short, float, short, int)
 .libm.fixunssfsi
                  0x000f2a         0x36 c:/program files (x86)/microchip/xc16/v1.21/bin/bin/../../lib\libm-elf.a(fixunssfsi.eo)
                  0x000f2a                  ___fixunssfsi
 .libm.floatsisf
                  0x000f60          0x6 c:/program files (x86)/microchip/xc16/v1.21/bin/bin/../../lib\libm-elf.a(floatsisf.eo)
                  0x000f60                  ___floatsisf
 .libm.floatunsisf
                  0x000f66          0x4 c:/program files (x86)/microchip/xc16/v1.21/bin/bin/../../lib\libm-elf.a(floatunsisf.eo)
                  0x000f66                  ___floatunsisf
 .libm.fpack      0x000f6a         0x4c c:/program files (x86)/microchip/xc16/v1.21/bin/bin/../../lib\libm-elf.a(fpack.eo)
                  0x000f6a                  __fpack
 .libm.funpack    0x000fb6         0x2a c:/program files (x86)/microchip/xc16/v1.21/bin/bin/../../lib\libm-elf.a(funpack.eo)
                  0x000fb6                  __funpack
 .libm.funpack2
                  0x000fe0         0x10 c:/program files (x86)/microchip/xc16/v1.21/bin/bin/../../lib\libm-elf.a(funpack2.eo)
                  0x000fe0                  __funpack2
 .libm.fPropagateNaN
                  0x000ff0         0x12 c:/program files (x86)/microchip/xc16/v1.21/bin/bin/../../lib\libm-elf.a(futil.eo)
                  0x000ff0                  __fPropagateNaN
 .libm.fbobExit
                  0x001002          0x8 c:/program files (x86)/microchip/xc16/v1.21/bin/bin/../../lib\libm-elf.a(futil.eo)
                  0x001002                  __fbopExit
 .libm.fbopReturnNaN
                  0x00100a          0x6 c:/program files (x86)/microchip/xc16/v1.21/bin/bin/../../lib\libm-elf.a(futil.eo)
                  0x00100a                  __fbopReturnNaN
 .libm.mulsf3     0x001010         0x68 c:/program files (x86)/microchip/xc16/v1.21/bin/bin/../../lib\libm-elf.a(mulsf3.eo)
                  0x001010                  ___mulsf3
 .libm.powf       0x001078        0x1c6 c:/program files (x86)/microchip/xc16/v1.21/bin/bin/../../lib\libm-elf.a(powf.eo)
                  0x001078                  _powf
 .libm.udivsi3    0x00123e         0x20 c:/program files (x86)/microchip/xc16/v1.21/bin/bin/../../lib\libm-elf.a(udivsi3.eo)
                  0x00123e                  ___udivsi3
 .libm.__PplusBdi.__PplusBdi
                  0x00125e         0x28 c:/program files (x86)/microchip/xc16/v1.21/bin/bin/../../lib\libm-elf.a(divmoddi3.eo)
 .libm.__PminusBdi.__PminusBdi
                  0x001286         0x4a c:/program files (x86)/microchip/xc16/v1.21/bin/bin/../../lib\libm-elf.a(divmoddi3.eo)
 .libm.__udivmoddi3.__udivmoddi3
                  0x0012d0         0xe4 c:/program files (x86)/microchip/xc16/v1.21/bin/bin/../../lib\libm-elf.a(divmoddi3.eo)
                  0x0012d0                  ___udivmoddi3
 .libm.__udivdi3.__udivdi3
                  0x0013b4          0xe c:/program files (x86)/microchip/xc16/v1.21/bin/bin/../../lib\libm-elf.a(divmoddi3.eo)
                  0x0013b4                  ___udivdi3
 .libm.__umoddi3.__umoddi3
                  0x0013c2          0x8 c:/program files (x86)/microchip/xc16/v1.21/bin/bin/../../lib\libm-elf.a(divmoddi3.eo)
                  0x0013c2                  ___umoddi3
 .libm.__divdi3.__divdi3
                  0x0013ca         0x60 c:/program files (x86)/microchip/xc16/v1.21/bin/bin/../../lib\libm-elf.a(divmoddi3.eo)
                  0x0013ca                  ___divdi3
 .libm.__moddi3.__moddi3
                  0x00142a         0x5c c:/program files (x86)/microchip/xc16/v1.21/bin/bin/../../lib\libm-elf.a(divmoddi3.eo)
                  0x00142a                  ___moddi3
 .libm.frexpf     0x001486         0x1a c:/program files (x86)/microchip/xc16/v1.21/bin/bin/../../lib\libm-elf.a(_frexpf.eo)
                  0x001486                  __frexpf
 .libm.expf       0x0014a0         0xc4 c:/program files (x86)/microchip/xc16/v1.21/bin/bin/../../lib\libm-elf.a(expf.eo)
                  0x0014a0                  _expf
 .libm.fchop      0x001564         0x4e c:/program files (x86)/microchip/xc16/v1.21/bin/bin/../../lib\libm-elf.a(fchop.eo)
                  0x001564                  __fchop
 .libm.eqsf2      0x0015b2          0x4 c:/program files (x86)/microchip/xc16/v1.21/bin/bin/../../lib\libm-elf.a(feqltle.eo)
                  0x0015b2                  ___eqsf2
                  0x0015b2                  ___ltsf2
                  0x0015b2                  ___lesf2
 .libm.gtsf2      0x0015b6          0x4 c:/program files (x86)/microchip/xc16/v1.21/bin/bin/../../lib\libm-elf.a(fgtge.eo)
                  0x0015b6                  ___gesf2
                  0x0015b6                  ___gtsf2
 .libm.floatdisf
                  0x0015ba         0x20 c:/program files (x86)/microchip/xc16/v1.21/bin/bin/../../lib\libm-elf.a(floatdisf.eo)
                  0x0015ba                  ___floatdisf
 .libm.floatundisf
                  0x0015da         0x5e c:/program files (x86)/microchip/xc16/v1.21/bin/bin/../../lib\libm-elf.a(floatundisf.eo)
                  0x0015da                  ___floatundisf
 .libm.ldexpf     0x001638         0x44 c:/program files (x86)/microchip/xc16/v1.21/bin/bin/../../lib\libm-elf.a(ldexpf.eo)
                  0x001638                  _ldexpf
 .libm.logf       0x00167c         0xae c:/program files (x86)/microchip/xc16/v1.21/bin/bin/../../lib\libm-elf.a(logf.eo)
                  0x00167c                  _logf
 .libm.fcompare
                  0x00172a         0x36 c:/program files (x86)/microchip/xc16/v1.21/bin/bin/../../lib\libm-elf.a(fcompare.eo)
                  0x00172a                  __fcompare
 .libc.strlen.strlen
                  0x001760          0xe c:/program files (x86)/microchip/xc16/v1.21/bin/bin/../../lib\liblega-c-elf.a(strlen.XXeo)
                  0x001760                  _strlen
 .libc.prout.prout
                  0x00176e         0x22 c:/program files (x86)/microchip/xc16/v1.21/bin/bin/../../lib\liblega-c-elf.a(vsnprint.XXeo)
                  0x00176e                  vsnprint.XXeo:_prout
 .libc.vsnprintf.vsnprintf
                  0x001790         0x20 c:/program files (x86)/microchip/xc16/v1.21/bin/bin/../../lib\liblega-c-elf.a(vsnprint.XXeo)
                  0x001790                  _vsnprintf
 .libc._Printf._Printf
                  0x0017b0        0x166 c:/program files (x86)/microchip/xc16/v1.21/bin/bin/../../lib\liblega-c-elf.a(xprintf.XXeo)
                  0x0017b0                  __Printf
 .libc._Putfld._Putfld
                  0x001916        0x2e2 c:/program files (x86)/microchip/xc16/v1.21/bin/bin/../../lib\liblega-c-elf.a(xputfld.XXeo)
                  0x001916                  __Putfld
 .libc.strchr.strchr
                  0x001bf8         0x22 c:/program files (x86)/microchip/xc16/v1.21/bin/bin/../../lib\liblega-c-elf.a(strchr.XXelo)
                  0x001bf8                  _strchr
 .libc._Vacopy._Vacopy
                  0x001c1a          0x4 c:/program files (x86)/microchip/xc16/v1.21/bin/bin/../../lib\liblega-c-elf.a(xvacopy.XXelo)
                  0x001c1a                  __Vacopy
 .libc.fwrite.fwrite
                  0x001c1e         0xa2 c:/program files (x86)/microchip/xc16/v1.21/bin/bin/../../lib\liblega-c-elf.a(fwrite.XXeo)
                  0x001c1e                  _fwrite
 .libc.memchr.memchr
                  0x001cc0         0x16 c:/program files (x86)/microchip/xc16/v1.21/bin/bin/../../lib\liblega-c-elf.a(memchr.XXeo)
                  0x001cc0                  _memchr
 .libc.memcpy.memcpy
                  0x001cd6          0xe c:/program files (x86)/microchip/xc16/v1.21/bin/bin/../../lib\liblega-c-elf.a(memcpy.XXeo)
                  0x001cd6                  _memcpy
 .libc._Fwprep._Fwprep
                  0x001ce4         0x8e c:/program files (x86)/microchip/xc16/v1.21/bin/bin/../../lib\liblega-c-elf.a(xfwprep.XXeo)
                  0x001ce4                  __Fwprep
 .libc._Ldtob._Ldtob
                  0x001d72        0x3fc c:/program files (x86)/microchip/xc16/v1.21/bin/bin/../../lib\liblega-c-elf.a(xldtob.XXeo)
                  0x001d72                  __Ldtob
 .libc._LDunscale._LDunscale
                  0x00216e         0x54 c:/program files (x86)/microchip/xc16/v1.21/bin/bin/../../lib\liblega-c-elf.a(xldunsca.XXeo)
                  0x00216e                  __LDunscale
 .libc._Litob._Litob
                  0x0021c2        0x27a c:/program files (x86)/microchip/xc16/v1.21/bin/bin/../../lib\liblega-c-elf.a(xlitob.XXeo)
                  0x0021c2                  __Litob
 .libc._Puttxt._Puttxt
                  0x00243c        0x178 c:/program files (x86)/microchip/xc16/v1.21/bin/bin/../../lib\liblega-c-elf.a(xputtxt.XXeo)
                  0x00243c                  __Puttxt
 .libc.closeallreg.closeallreg
                  0x0025b4          0x4 c:/program files (x86)/microchip/xc16/v1.21/bin/bin/../../lib\liblega-c-elf.a(fclose.XXelo)
 .libc._Closreg._Closreg
                  0x0025b8         0x14 c:/program files (x86)/microchip/xc16/v1.21/bin/bin/../../lib\liblega-c-elf.a(fclose.XXelo)
                  0x0025b8                  __Closreg
 .libc.fclose.fclose
                  0x0025cc         0x92 c:/program files (x86)/microchip/xc16/v1.21/bin/bin/../../lib\liblega-c-elf.a(fclose.XXelo)
                  0x0025cc                  _fclose
 .libc.closeall.closeall
                  0x00265e         0x20 c:/program files (x86)/microchip/xc16/v1.21/bin/bin/../../lib\liblega-c-elf.a(fclose.XXelo)
                  0x00265e                  fclose.XXelo:_closeall
 .libc._DNKfflush._DNKfflush
                  0x00267e         0x7e c:/program files (x86)/microchip/xc16/v1.21/bin/bin/../../lib\liblega-c-elf.a(fflush.XXelo)
                  0x00267e                  __DNKfflush
 .libc.ldiv.ldiv
                  0x0026fc         0x2a c:/program files (x86)/microchip/xc16/v1.21/bin/bin/../../lib\liblega-c-elf.a(ldiv.XXelo)
                  0x0026fc                  _ldiv
 .libc._Atexit._Atexit
                  0x002726         0x18 c:/program files (x86)/microchip/xc16/v1.21/bin/bin/../../lib\liblega-c-elf.a(xatexit.XXelo)
                  0x002726                  __Atexit
 .libc._Dnorm._Dnorm
                  0x00273e         0x9e c:/program files (x86)/microchip/xc16/v1.21/bin/bin/../../lib\liblega-c-elf.a(xdnorm.XXelo)
                  0x00273e                  __Dnorm
 .libc._LDscale._LDscale
                  0x0027dc         0xf8 c:/program files (x86)/microchip/xc16/v1.21/bin/bin/../../lib\liblega-c-elf.a(xldscale.XXelo)
                  0x0027dc                  __LDscale
 .libc.free.free
                  0x0028d4         0x64 c:/program files (x86)/microchip/xc16/v1.21/bin/bin/../../lib\liblega-c-elf.a(free.XXeo)
                  0x0028d4                  _free
 .libc.findmem.findmem
                  0x002938         0x64 c:/program files (x86)/microchip/xc16/v1.21/bin/bin/../../lib\liblega-c-elf.a(malloc.XXeo)
 .libc.malloc.malloc
                  0x00299c         0x54 c:/program files (x86)/microchip/xc16/v1.21/bin/bin/../../lib\liblega-c-elf.a(malloc.XXeo)
                  0x00299c                  _malloc
 .libc._Genld._Genld
                  0x0029f0        0x266 c:/program files (x86)/microchip/xc16/v1.21/bin/bin/../../lib\liblega-c-elf.a(xgenld.XXeo)
                  0x0029f0                  __Genld
 .libc._Getmem._Getmem
                  0x002c56         0x14 c:/program files (x86)/microchip/xc16/v1.21/bin/bin/../../lib\liblega-c-elf.a(xgetmem.XXeo)
                  0x002c56                  __Getmem
 .libc.div.div    0x002c6a         0x14 c:/program files (x86)/microchip/xc16/v1.21/bin/bin/../../lib\liblega-c-elf.a(div.XXelo)
                  0x002c6a                  _div
 .libc.doclose.doclose
                  0x002c7e          0x4 c:/program files (x86)/microchip/xc16/v1.21/bin/bin/../../lib\liblega-pic30-elf.a(close.Leo)
 .libc.close      0x002c82         0x12 c:/program files (x86)/microchip/xc16/v1.21/bin/bin/../../lib\liblega-pic30-elf.a(close.Leo)
                  0x002c82                  _close
 .libc.doremove.doremove
                  0x002c94          0x4 c:/program files (x86)/microchip/xc16/v1.21/bin/bin/../../lib\liblega-pic30-elf.a(remove.Leo)
 .libc.remove     0x002c98         0x12 c:/program files (x86)/microchip/xc16/v1.21/bin/bin/../../lib\liblega-pic30-elf.a(remove.Leo)
                  0x002c98                  _remove
 .libc.sbrk       0x002caa         0x28 c:/program files (x86)/microchip/xc16/v1.21/bin/bin/../../lib\liblega-pic30-elf.a(sbrk.Leo)
                  0x002caa                  _sbrk
 .libc.brk        0x002cd2         0x1c c:/program files (x86)/microchip/xc16/v1.21/bin/bin/../../lib\liblega-pic30-elf.a(brk.Lelo)
                  0x002cd2                  _brk
 .libm.eqdf2      0x002cee          0xa c:/program files (x86)/microchip/xc16/v1.21/bin/bin/../../lib\libm-elf.a(deqltle.eo)
                  0x002cee                  ___eqdf2
                  0x002cee                  ___ltdf2
                  0x002cee                  ___ledf2
 .libm.gtdf2      0x002cf8          0xa c:/program files (x86)/microchip/xc16/v1.21/bin/bin/../../lib\libm-elf.a(dgtge.eo)
                  0x002cf8                  ___gtdf2
                  0x002cf8                  ___gedf2
 .libm.divdf3     0x002d02         0xb4 c:/program files (x86)/microchip/xc16/v1.21/bin/bin/../../lib\libm-elf.a(divdf3.eo)
                  0x002d02                  ___divdf3
 .libm.dpack      0x002db6         0x58 c:/program files (x86)/microchip/xc16/v1.21/bin/bin/../../lib\libm-elf.a(dpack.eo)
                  0x002db6                  __dpack
 .libm.dunpack2
                  0x002e0e         0x32 c:/program files (x86)/microchip/xc16/v1.21/bin/bin/../../lib\libm-elf.a(dunpack2.eo)
                  0x002e0e                  __dunpack2
                  0x002e30                  __dreturnNaN
                  0x002e36                  __dunpack2exit
 .libm.extendsfdf2
                  0x002e40         0x3e c:/program files (x86)/microchip/xc16/v1.21/bin/bin/../../lib\libm-elf.a(extendsfdf.eo)
                  0x002e40                  ___extendsfdf2
 .libm.fixdfsi    0x002e7e         0x58 c:/program files (x86)/microchip/xc16/v1.21/bin/bin/../../lib\libm-elf.a(fixdfsi.eo)
                  0x002e7e                  _(float, int, long long, double, float, short, int)
 .libm.floatsidf
                  0x002ed6          0x6 c:/program files (x86)/microchip/xc16/v1.21/bin/bin/../../lib\libm-elf.a(floatsidf.eo)
                  0x002ed6                  ___floatsidf
 .libm.muldf3     0x002edc         0xea c:/program files (x86)/microchip/xc16/v1.21/bin/bin/../../lib\libm-elf.a(muldf3.eo)
                  0x002edc                  ___muldf3
 .libm.subdf3     0x002fc6          0x4 c:/program files (x86)/microchip/xc16/v1.21/bin/bin/../../lib\libm-elf.a(subdf3.eo)
                  0x002fc6                  ___subdf3
 .libm.umodsi3    0x002fca          0x6 c:/program files (x86)/microchip/xc16/v1.21/bin/bin/../../lib\libm-elf.a(umodsi3.eo)
                  0x002fca                  ___umodsi3
 .libm.mulsi3     0x002fd0          0xc c:/program files (x86)/microchip/xc16/v1.21/bin/bin/../../lib\libm-elf.a(mulsi3.eo)
                  0x002fd0                  ___mulp32peds3
                  0x002fd0                  ___mulsi3
                  0x002fd0                  ___mulp32eds3
 .libm.adddf3     0x002fdc         0xfa c:/program files (x86)/microchip/xc16/v1.21/bin/bin/../../lib\libm-elf.a(adddf3.eo)
                  0x002fdc                  ___adddf3
 .libm.dcompare
                  0x0030d6         0x52 c:/program files (x86)/microchip/xc16/v1.21/bin/bin/../../lib\libm-elf.a(dcompare.eo)
                  0x0030d6                  __dcompare
 .libm.dPropagateNaN
                  0x003128         0x1c c:/program files (x86)/microchip/xc16/v1.21/bin/bin/../../lib\libm-elf.a(dpropagateNaN.eo)
                  0x003128                  __dPropagateNaN
 .libm.dtype      0x003144         0x24 c:/program files (x86)/microchip/xc16/v1.21/bin/bin/../../lib\libm-elf.a(dtype.eo)
                  0x003144                  __dtype
 .libm.dunpack    0x003168         0x4e c:/program files (x86)/microchip/xc16/v1.21/bin/bin/../../lib\libm-elf.a(dunpack.eo)
                  0x003168                  __dunpack
 .libm.floatdidf
                  0x0031b6         0x20 c:/program files (x86)/microchip/xc16/v1.21/bin/bin/../../lib\libm-elf.a(floatdidf.eo)
                  0x0031b6                  ___floatdidf
 .libm.floatundidf
                  0x0031d6         0x56 c:/program files (x86)/microchip/xc16/v1.21/bin/bin/../../lib\libm-elf.a(floatundidf.eo)
                  0x0031d6                  ___floatundidf

usercode
 *(usercode)

__FBS
 *(__FBS.sec*)

__FSS
 *(__FSS.sec*)

__FGS             0xf80004          0x2
 *(__FGS.sec*)
 __FGS.sec        0xf80004          0x2 FGS
                  0xf80004                  __FGS.sec

__FOSCSEL         0xf80006          0x2
 *(__FOSCSEL.sec*)
 __FOSCSEL.sec    0xf80006          0x2 build\udb5\mcu.o

__FOSC            0xf80008          0x2
 *(__FOSC.sec*)
 __FOSC.sec       0xf80008          0x2 build\udb5\mcu.o

__FWDT            0xf8000a          0x2
 *(__FWDT.sec*)
 __FWDT.sec       0xf8000a          0x2 build\udb5\mcu.o

__FPOR            0xf8000c          0x2
 *(__FPOR.sec*)
 __FPOR.sec       0xf8000c          0x2 build\udb5\mcu.o

__FICD            0xf8000e          0x2
 *(__FICD.sec*)
 __FICD.sec       0xf8000e          0x2 build\udb5\mcu.o

__FUID0
 *(__FUID0.sec*)

__FUID1
 *(__FUID1.sec*)

__FUID2
 *(__FUID2.sec*)

__FUID3
 *(__FUID3.sec*)

.comment          0x000000         0x5e
 *(.comment)
 .comment         0x000000         0x5e c:/program files (x86)/microchip/xc16/v1.21/bin/bin/../../lib\liblega-c-elf.a(xfiles.XXeo)

.debug_info       0x000000      0x22255
 *(.debug_info)
 .debug_info      0x000000        0x157 build\udb5\config_tests.o
 .debug_info      0x000157       0x1a9d build\udb5\background.o
 .debug_info      0x001bf4        0x7df build\udb5\behavior.o
 .debug_info      0x0023d3        0x4ec build\udb5\cameraCntrl.o
 .debug_info      0x0028bf        0x1aa build\udb5\main.o
 .debug_info      0x002a69        0xe58 build\udb5\navigate.o
 .debug_info      0x0038c1        0xad2 build\udb5\pitchCntrl.o
 .debug_info      0x004393        0x8e8 build\udb5\rollCntrl.o
 .debug_info      0x004c7b        0x753 build\udb5\servoMix.o
 .debug_info      0x0053ce        0xa26 build\udb5\states.o
 .debug_info      0x005df4        0x840 build\udb5\yawCntrl.o
 .debug_info      0x006634        0x769 build\udb5\libUDB.o
 .debug_info      0x006d9d        0xf39 build\udb5\telemetry.o
 .debug_info      0x007cd6        0x578 build\udb5\servoPrepare.o
 .debug_info      0x00824e        0x4f7 build\udb5\estWind.o
 .debug_info      0x008745        0x474 build\udb5\estYawDrift.o
 .debug_info      0x008bb9        0xbb1 build\udb5\gpsParseCommon.o
 .debug_info      0x00976a        0x8bc build\udb5\gpsParseSTD.o
 .debug_info      0x00a026        0x160 build\udb5\gpsParseUBX.o
 .debug_info      0x00a186        0xce0 build\udb5\mathlibNAV.o
 .debug_info      0x00ae66       0x11b4 build\udb5\rmat.o
 .debug_info      0x00c01a        0x6cb build\udb5\libDCM.o
 .debug_info      0x00c6e5       0x1ca8 build\udb5\servoOut.o
 .debug_info      0x00e38d        0x977 build\udb5\flightplan-waypoints.o
 .debug_info      0x00ed04        0x15a build\udb5\flightplan-logo.o
 .debug_info      0x00ee5e        0x846 build\udb5\deadReckoning.o
 .debug_info      0x00f6a4        0x14f build\udb5\osd.o
 .debug_info      0x00f7f3        0x151 build\udb5\mp_osd.o
 .debug_info      0x00f944        0x161 build\udb5\gpsParseMTEK.o
 .debug_info      0x00faa5       0x17bb build\udb5\altitudeCntrl.o
 .debug_info      0x011260        0x152 build\udb5\MAVLink.o
 .debug_info      0x0113b2        0x57c build\udb5\mode_switch.o
 .debug_info      0x01192e        0x153 build\udb5\24LC256.o
 .debug_info      0x011a81        0xdb1 build\udb5\events.o
 .debug_info      0x012832        0x14f build\udb5\data_services.o
 .debug_info      0x012981        0x14e build\udb5\data_storage.o
 .debug_info      0x012acf        0x15a build\udb5\nv_memory_table.o
 .debug_info      0x012c29        0x15a build\udb5\parameter_table.o
 .debug_info      0x012d83        0x158 build\udb5\airspeedCntrl.o
 .debug_info      0x012edb        0x160 build\udb5\altitudeCntrlVariable.o
 .debug_info      0x01303b         0xab build\udb5\madd.o
 .debug_info      0x0130e6         0xab build\udb5\mmul.o
 .debug_info      0x013191         0xab build\udb5\mscl.o
 .debug_info      0x01323c         0xab build\udb5\msub.o
 .debug_info      0x0132e7         0xab build\udb5\mtrp.o
 .debug_info      0x013392         0xab build\udb5\vadd.o
 .debug_info      0x01343d         0xab build\udb5\vcon.o
 .debug_info      0x0134e8         0xac build\udb5\vcopy.o
 .debug_info      0x013594         0xab build\udb5\vcor.o
 .debug_info      0x01363f         0xab build\udb5\vdot.o
 .debug_info      0x0136ea         0xab build\udb5\vmax.o
 .debug_info      0x013795         0xab build\udb5\vmin.o
 .debug_info      0x013840         0xab build\udb5\vmul.o
 .debug_info      0x0138eb         0xab build\udb5\vneg.o
 .debug_info      0x013996         0xab build\udb5\vpow.o
 .debug_info      0x013a41         0xab build\udb5\vscl.o
 .debug_info      0x013aec         0xab build\udb5\vsub.o
 .debug_info      0x013b97         0xac build\udb5\vzpad.o
 .debug_info      0x013c43        0x23f build\udb5\euler_angles.o
 .debug_info      0x013e82        0xe48 build\udb5\mpu6000.o
 .debug_info      0x014cca       0x15a3 build\udb5\spiUtils.o
 .debug_info      0x01626d       0x1aca build\udb5\analog2digital_udb5.o
 .debug_info      0x017d37         0xa7 build\udb5\traps_asm.o
 .debug_info      0x017dde        0x15f build\udb5\analog2digital_udb4.o
 .debug_info      0x017f3d        0x964 build\udb5\mcu.o
 .debug_info      0x0188a1        0x3da build\udb5\estAltitude.o
 .debug_info      0x018c7b        0x6a6 build\udb5\eeprom_udb4.o
 .debug_info      0x019321        0x481 build\udb5\traps.o
 .debug_info      0x0197a2        0x8c0 build\udb5\barometer.o
 .debug_info      0x01a062        0x150 build\udb5\I2C1.o
 .debug_info      0x01a1b2       0x112f build\udb5\I2C2.o
 .debug_info      0x01b2e1        0x620 build\udb5\magnetometer.o
 .debug_info      0x01b901       0x2846 build\udb5\radioIn.o
 .debug_info      0x01e147       0x1857 build\udb5\serialIO.o
 .debug_info      0x01f99e        0x90f build\udb5\read.o
 .debug_info      0x0202ad        0x159 build\udb5\uart.o
 .debug_info      0x020406        0x8f4 build\udb5\write.o
 .debug_info      0x020cfa        0x149 build\udb5\console.o
 .debug_info      0x020e43        0x5a2 build\udb5\sonarCntrl.o
 .debug_info      0x0213e5        0xe70 build\udb5\motorCntrl.o
 *(.gnu.linkonce.wi.*)

.debug_abbrev     0x000000       0x3d56
 *(.debug_abbrev)
 .debug_abbrev    0x000000         0x1f build\udb5\config_tests.o
 .debug_abbrev    0x00001f        0x14f build\udb5\background.o
 .debug_abbrev    0x00016e        0x177 build\udb5\behavior.o
 .debug_abbrev    0x0002e5        0x103 build\udb5\cameraCntrl.o
 .debug_abbrev    0x0003e8         0x5f build\udb5\main.o
 .debug_abbrev    0x000447        0x1fb build\udb5\navigate.o
 .debug_abbrev    0x000642        0x193 build\udb5\pitchCntrl.o
 .debug_abbrev    0x0007d5        0x169 build\udb5\rollCntrl.o
 .debug_abbrev    0x00093e        0x124 build\udb5\servoMix.o
 .debug_abbrev    0x000a62        0x166 build\udb5\states.o
 .debug_abbrev    0x000bc8        0x182 build\udb5\yawCntrl.o
 .debug_abbrev    0x000d4a        0x1ac build\udb5\libUDB.o
 .debug_abbrev    0x000ef6        0x1e3 build\udb5\telemetry.o
 .debug_abbrev    0x0010d9         0xe8 build\udb5\servoPrepare.o
 .debug_abbrev    0x0011c1         0xe7 build\udb5\estWind.o
 .debug_abbrev    0x0012a8         0xcf build\udb5\estYawDrift.o
 .debug_abbrev    0x001377        0x142 build\udb5\gpsParseCommon.o
 .debug_abbrev    0x0014b9        0x17b build\udb5\gpsParseSTD.o
 .debug_abbrev    0x001634         0x1f build\udb5\gpsParseUBX.o
 .debug_abbrev    0x001653        0x1a4 build\udb5\mathlibNAV.o
 .debug_abbrev    0x0017f7        0x23d build\udb5\rmat.o
 .debug_abbrev    0x001a34        0x120 build\udb5\libDCM.o
 .debug_abbrev    0x001b54        0x158 build\udb5\servoOut.o
 .debug_abbrev    0x001cac        0x1b8 build\udb5\flightplan-waypoints.o
 .debug_abbrev    0x001e64         0x1f build\udb5\flightplan-logo.o
 .debug_abbrev    0x001e83         0xeb build\udb5\deadReckoning.o
 .debug_abbrev    0x001f6e         0x1f build\udb5\osd.o
 .debug_abbrev    0x001f8d         0x1f build\udb5\mp_osd.o
 .debug_abbrev    0x001fac         0x1f build\udb5\gpsParseMTEK.o
 .debug_abbrev    0x001fcb        0x241 build\udb5\altitudeCntrl.o
 .debug_abbrev    0x00220c         0x1f build\udb5\MAVLink.o
 .debug_abbrev    0x00222b         0xd7 build\udb5\mode_switch.o
 .debug_abbrev    0x002302         0x1f build\udb5\24LC256.o
 .debug_abbrev    0x002321        0x1b6 build\udb5\events.o
 .debug_abbrev    0x0024d7         0x1f build\udb5\data_services.o
 .debug_abbrev    0x0024f6         0x1f build\udb5\data_storage.o
 .debug_abbrev    0x002515         0x1f build\udb5\nv_memory_table.o
 .debug_abbrev    0x002534         0x1f build\udb5\parameter_table.o
 .debug_abbrev    0x002553         0x1f build\udb5\airspeedCntrl.o
 .debug_abbrev    0x002572         0x1f build\udb5\altitudeCntrlVariable.o
 .debug_abbrev    0x002591         0x14 build\udb5\madd.o
 .debug_abbrev    0x0025a5         0x14 build\udb5\mmul.o
 .debug_abbrev    0x0025b9         0x14 build\udb5\mscl.o
 .debug_abbrev    0x0025cd         0x14 build\udb5\msub.o
 .debug_abbrev    0x0025e1         0x14 build\udb5\mtrp.o
 .debug_abbrev    0x0025f5         0x14 build\udb5\vadd.o
 .debug_abbrev    0x002609         0x14 build\udb5\vcon.o
 .debug_abbrev    0x00261d         0x14 build\udb5\vcopy.o
 .debug_abbrev    0x002631         0x14 build\udb5\vcor.o
 .debug_abbrev    0x002645         0x14 build\udb5\vdot.o
 .debug_abbrev    0x002659         0x14 build\udb5\vmax.o
 .debug_abbrev    0x00266d         0x14 build\udb5\vmin.o
 .debug_abbrev    0x002681         0x14 build\udb5\vmul.o
 .debug_abbrev    0x002695         0x14 build\udb5\vneg.o
 .debug_abbrev    0x0026a9         0x14 build\udb5\vpow.o
 .debug_abbrev    0x0026bd         0x14 build\udb5\vscl.o
 .debug_abbrev    0x0026d1         0x14 build\udb5\vsub.o
 .debug_abbrev    0x0026e5         0x14 build\udb5\vzpad.o
 .debug_abbrev    0x0026f9         0x8f build\udb5\euler_angles.o
 .debug_abbrev    0x002788        0x128 build\udb5\mpu6000.o
 .debug_abbrev    0x0028b0        0x1e1 build\udb5\spiUtils.o
 .debug_abbrev    0x002a91        0x199 build\udb5\analog2digital_udb5.o
 .debug_abbrev    0x002c2a         0x14 build\udb5\traps_asm.o
 .debug_abbrev    0x002c3e         0x1f build\udb5\analog2digital_udb4.o
 .debug_abbrev    0x002c5d        0x131 build\udb5\mcu.o
 .debug_abbrev    0x002d8e         0x96 build\udb5\estAltitude.o
 .debug_abbrev    0x002e24        0x112 build\udb5\eeprom_udb4.o
 .debug_abbrev    0x002f36         0xd2 build\udb5\traps.o
 .debug_abbrev    0x003008        0x1f4 build\udb5\barometer.o
 .debug_abbrev    0x0031fc         0x1f build\udb5\I2C1.o
 .debug_abbrev    0x00321b        0x1e9 build\udb5\I2C2.o
 .debug_abbrev    0x003404        0x177 build\udb5\magnetometer.o
 .debug_abbrev    0x00357b        0x1c5 build\udb5\radioIn.o
 .debug_abbrev    0x003740        0x153 build\udb5\serialIO.o
 .debug_abbrev    0x003893        0x119 build\udb5\read.o
 .debug_abbrev    0x0039ac         0x1f build\udb5\uart.o
 .debug_abbrev    0x0039cb        0x110 build\udb5\write.o
 .debug_abbrev    0x003adb         0x1f build\udb5\console.o
 .debug_abbrev    0x003afa        0x148 build\udb5\sonarCntrl.o
 .debug_abbrev    0x003c42        0x114 build\udb5\motorCntrl.o

.debug_line       0x000000       0xb6ff
 *(.debug_line)
 .debug_line      0x000000         0x24 build\udb5\config_tests.o
 .debug_line      0x000024        0x455 build\udb5\background.o
 .debug_line      0x000479        0x375 build\udb5\behavior.o
 .debug_line      0x0007ee        0x1ff build\udb5\cameraCntrl.o
 .debug_line      0x0009ed         0x9b build\udb5\main.o
 .debug_line      0x000a88        0x69a build\udb5\navigate.o
 .debug_line      0x001122        0x325 build\udb5\pitchCntrl.o
 .debug_line      0x001447        0x2ae build\udb5\rollCntrl.o
 .debug_line      0x0016f5        0x2c0 build\udb5\servoMix.o
 .debug_line      0x0019b5        0x704 build\udb5\states.o
 .debug_line      0x0020b9        0x259 build\udb5\yawCntrl.o
 .debug_line      0x002312        0x27c build\udb5\libUDB.o
 .debug_line      0x00258e        0x64a build\udb5\telemetry.o
 .debug_line      0x002bd8        0x28b build\udb5\servoPrepare.o
 .debug_line      0x002e63        0x328 build\udb5\estWind.o
 .debug_line      0x00318b        0x1e2 build\udb5\estYawDrift.o
 .debug_line      0x00336d        0x42d build\udb5\gpsParseCommon.o
 .debug_line      0x00379a        0x400 build\udb5\gpsParseSTD.o
 .debug_line      0x003b9a         0x24 build\udb5\gpsParseUBX.o
 .debug_line      0x003bbe        0x9a4 build\udb5\mathlibNAV.o
 .debug_line      0x004562        0xcc2 build\udb5\rmat.o
 .debug_line      0x005224        0x310 build\udb5\libDCM.o
 .debug_line      0x005534        0x440 build\udb5\servoOut.o
 .debug_line      0x005974        0x41e build\udb5\flightplan-waypoints.o
 .debug_line      0x005d92         0x24 build\udb5\flightplan-logo.o
 .debug_line      0x005db6        0x3ad build\udb5\deadReckoning.o
 .debug_line      0x006163         0x24 build\udb5\osd.o
 .debug_line      0x006187         0x24 build\udb5\mp_osd.o
 .debug_line      0x0061ab         0x24 build\udb5\gpsParseMTEK.o
 .debug_line      0x0061cf        0xa1a build\udb5\altitudeCntrl.o
 .debug_line      0x006be9         0x24 build\udb5\MAVLink.o
 .debug_line      0x006c0d        0x245 build\udb5\mode_switch.o
 .debug_line      0x006e52         0x24 build\udb5\24LC256.o
 .debug_line      0x006e76        0x369 build\udb5\events.o
 .debug_line      0x0071df         0x24 build\udb5\data_services.o
 .debug_line      0x007203         0x24 build\udb5\data_storage.o
 .debug_line      0x007227         0x24 build\udb5\nv_memory_table.o
 .debug_line      0x00724b         0x24 build\udb5\parameter_table.o
 .debug_line      0x00726f         0x24 build\udb5\airspeedCntrl.o
 .debug_line      0x007293         0x24 build\udb5\altitudeCntrlVariable.o
 .debug_line      0x0072b7         0x66 build\udb5\madd.o
 .debug_line      0x00731d         0x80 build\udb5\mmul.o
 .debug_line      0x00739d         0x66 build\udb5\mscl.o
 .debug_line      0x007403         0x6b build\udb5\msub.o
 .debug_line      0x00746e         0x68 build\udb5\mtrp.o
 .debug_line      0x0074d6         0x65 build\udb5\vadd.o
 .debug_line      0x00753b         0xbd build\udb5\vcon.o
 .debug_line      0x0075f8         0x4f build\udb5\vcopy.o
 .debug_line      0x007647         0x5e build\udb5\vcor.o
 .debug_line      0x0076a5         0x65 build\udb5\vdot.o
 .debug_line      0x00770a         0x53 build\udb5\vmax.o
 .debug_line      0x00775d         0x53 build\udb5\vmin.o
 .debug_line      0x0077b0         0x66 build\udb5\vmul.o
 .debug_line      0x007816         0x68 build\udb5\vneg.o
 .debug_line      0x00787e         0x64 build\udb5\vpow.o
 .debug_line      0x0078e2         0x66 build\udb5\vscl.o
 .debug_line      0x007948         0x6a build\udb5\vsub.o
 .debug_line      0x0079b2         0x55 build\udb5\vzpad.o
 .debug_line      0x007a07        0x174 build\udb5\euler_angles.o
 .debug_line      0x007b7b        0x2de build\udb5\mpu6000.o
 .debug_line      0x007e59        0x53b build\udb5\spiUtils.o
 .debug_line      0x008394        0x36e build\udb5\analog2digital_udb5.o
 .debug_line      0x008702         0x58 build\udb5\traps_asm.o
 .debug_line      0x00875a         0x24 build\udb5\analog2digital_udb4.o
 .debug_line      0x00877e        0x227 build\udb5\mcu.o
 .debug_line      0x0089a5        0x13d build\udb5\estAltitude.o
 .debug_line      0x008ae2        0x538 build\udb5\eeprom_udb4.o
 .debug_line      0x00901a        0x1fb build\udb5\traps.o
 .debug_line      0x009215        0x4ff build\udb5\barometer.o
 .debug_line      0x009714         0x24 build\udb5\I2C1.o
 .debug_line      0x009738        0x857 build\udb5\I2C2.o
 .debug_line      0x009f8f        0x3dc build\udb5\magnetometer.o
 .debug_line      0x00a36b        0x35b build\udb5\radioIn.o
 .debug_line      0x00a6c6        0x53a build\udb5\serialIO.o
 .debug_line      0x00ac00        0x173 build\udb5\read.o
 .debug_line      0x00ad73         0x24 build\udb5\uart.o
 .debug_line      0x00ad97        0x164 build\udb5\write.o
 .debug_line      0x00aefb         0x24 build\udb5\console.o
 .debug_line      0x00af1f        0x1d1 build\udb5\sonarCntrl.o
 .debug_line      0x00b0f0        0x60f build\udb5\motorCntrl.o

.debug_frame      0x000000       0x1c8c
 *(.debug_frame)
 .debug_frame     0x000000         0x84 build\udb5\background.o
 .debug_frame     0x000084         0x84 build\udb5\behavior.o
 .debug_frame     0x000108         0x74 build\udb5\cameraCntrl.o
 .debug_frame     0x00017c         0x24 build\udb5\main.o
 .debug_frame     0x0001a0         0xa4 build\udb5\navigate.o
 .debug_frame     0x000244         0x60 build\udb5\pitchCntrl.o
 .debug_frame     0x0002a4         0x60 build\udb5\rollCntrl.o
 .debug_frame     0x000304         0x54 build\udb5\servoMix.o
 .debug_frame     0x000358        0x114 build\udb5\states.o
 .debug_frame     0x00046c         0x44 build\udb5\yawCntrl.o
 .debug_frame     0x0004b0         0x74 build\udb5\libUDB.o
 .debug_frame     0x000524        0x5a4 build\udb5\telemetry.o
 .debug_frame     0x000ac8         0x44 build\udb5\servoPrepare.o
 .debug_frame     0x000b0c         0x24 build\udb5\estWind.o
 .debug_frame     0x000b30         0x34 build\udb5\estYawDrift.o
 .debug_frame     0x000b64         0x64 build\udb5\gpsParseCommon.o
 .debug_frame     0x000bc8         0xc4 build\udb5\gpsParseSTD.o
 .debug_frame     0x000c8c        0x174 build\udb5\mathlibNAV.o
 .debug_frame     0x000e00        0x164 build\udb5\rmat.o
 .debug_frame     0x000f64         0x94 build\udb5\libDCM.o
 .debug_frame     0x000ff8         0x94 build\udb5\servoOut.o
 .debug_frame     0x00108c        0x168 build\udb5\flightplan-waypoints.o
 .debug_frame     0x0011f4         0x24 build\udb5\deadReckoning.o
 .debug_frame     0x001218        0x128 build\udb5\altitudeCntrl.o
 .debug_frame     0x001340         0x64 build\udb5\mode_switch.o
 .debug_frame     0x0013a4         0x74 build\udb5\events.o
 .debug_frame     0x001418         0x24 build\udb5\euler_angles.o
 .debug_frame     0x00143c         0xb4 build\udb5\mpu6000.o
 .debug_frame     0x0014f0         0xa4 build\udb5\spiUtils.o
 .debug_frame     0x001594         0x34 build\udb5\analog2digital_udb5.o
 .debug_frame     0x0015c8         0x54 build\udb5\mcu.o
 .debug_frame     0x00161c         0x84 build\udb5\estAltitude.o
 .debug_frame     0x0016a0         0xd4 build\udb5\eeprom_udb4.o
 .debug_frame     0x001774         0x74 build\udb5\traps.o
 .debug_frame     0x0017e8         0x84 build\udb5\barometer.o
 .debug_frame     0x00186c        0x1a4 build\udb5\I2C2.o
 .debug_frame     0x001a10         0x44 build\udb5\magnetometer.o
 .debug_frame     0x001a54         0xb4 build\udb5\radioIn.o
 .debug_frame     0x001b08         0xd4 build\udb5\serialIO.o
 .debug_frame     0x001bdc         0x24 build\udb5\read.o
 .debug_frame     0x001c00         0x24 build\udb5\write.o
 .debug_frame     0x001c24         0x44 build\udb5\sonarCntrl.o
 .debug_frame     0x001c68         0x24 build\udb5\motorCntrl.o

.debug_str        0x000000       0x292a
 *(.debug_str)
 .debug_str       0x000000         0xf2 build\udb5\background.o
 .debug_str       0x0000f2         0xca build\udb5\behavior.o
 .debug_str       0x0001bc         0xf9 build\udb5\cameraCntrl.o
 .debug_str       0x0002b5         0x1d build\udb5\main.o
 .debug_str       0x0002d2        0x240 build\udb5\navigate.o
 .debug_str       0x000512        0x1b4 build\udb5\pitchCntrl.o
 .debug_str       0x0006c6        0x13a build\udb5\rollCntrl.o
 .debug_str       0x000800         0xff build\udb5\servoMix.o
 .debug_str       0x0008ff         0x5a build\udb5\states.o
 .debug_str       0x000959         0xa6 build\udb5\yawCntrl.o
 .debug_str       0x0009ff         0x67 build\udb5\libUDB.o
 .debug_str       0x000a66        0x331 build\udb5\telemetry.o
 .debug_str       0x000d97         0xa4 build\udb5\servoPrepare.o
 .debug_str       0x000e3b         0x2e build\udb5\estWind.o
 .debug_str       0x000e69         0x5b build\udb5\estYawDrift.o
 .debug_str       0x000ec4        0x14e build\udb5\gpsParseCommon.o
 .debug_str       0x001012         0xe2 build\udb5\gpsParseSTD.o
 .debug_str       0x0010f4         0xbe build\udb5\mathlibNAV.o
 .debug_str       0x0011b2        0x1c8 build\udb5\rmat.o
 .debug_str       0x00137a         0x49 build\udb5\libDCM.o
 .debug_str       0x0013c3         0xea build\udb5\servoOut.o
 .debug_str       0x0014ad         0xe0 build\udb5\flightplan-waypoints.o
 .debug_str       0x00158d        0x161 build\udb5\deadReckoning.o
 .debug_str       0x0016ee        0x5a3 build\udb5\altitudeCntrl.o
 .debug_str       0x001c91         0x13 build\udb5\mode_switch.o
 .debug_str       0x001ca4         0x82 build\udb5\events.o
 .debug_str       0x001d26         0xae build\udb5\mpu6000.o
 .debug_str       0x001dd4        0x114 build\udb5\spiUtils.o
 .debug_str       0x001ee8         0xe6 build\udb5\analog2digital_udb5.o
 .debug_str       0x001fce         0x65 build\udb5\mcu.o
 .debug_str       0x002033         0x97 build\udb5\estAltitude.o
 .debug_str       0x0020ca         0x39 build\udb5\eeprom_udb4.o
 .debug_str       0x002103         0x32 build\udb5\traps.o
 .debug_str       0x002135         0x2f build\udb5\barometer.o
 .debug_str       0x002164         0x7a build\udb5\I2C2.o
 .debug_str       0x0021de         0x58 build\udb5\magnetometer.o
 .debug_str       0x002236        0x17a build\udb5\radioIn.o
 .debug_str       0x0023b0         0xa5 build\udb5\serialIO.o
 .debug_str       0x002455         0x59 build\udb5\read.o
 .debug_str       0x0024ae         0x59 build\udb5\write.o
 .debug_str       0x002507         0xb7 build\udb5\sonarCntrl.o
 .debug_str       0x0025be        0x36c build\udb5\motorCntrl.o

.debug_loc
 *(.debug_loc)

.debug_macinfo
 *(.debug_macinfo)

.debug_pubnames
                  0x000000       0x352a
 *(.debug_pubnames)
 .debug_pubnames
                  0x000000         0xcc build\udb5\background.o
 .debug_pubnames
                  0x0000cc        0x14b build\udb5\behavior.o
 .debug_pubnames
                  0x000217        0x196 build\udb5\cameraCntrl.o
 .debug_pubnames
                  0x0003ad         0x40 build\udb5\main.o
 .debug_pubnames
                  0x0003ed        0x223 build\udb5\navigate.o
 .debug_pubnames
                  0x000610        0x1c1 build\udb5\pitchCntrl.o
 .debug_pubnames
                  0x0007d1        0x169 build\udb5\rollCntrl.o
 .debug_pubnames
                  0x00093a         0x8d build\udb5\servoMix.o
 .debug_pubnames
                  0x0009c7         0x97 build\udb5\states.o
 .debug_pubnames
                  0x000a5e         0x80 build\udb5\yawCntrl.o
 .debug_pubnames
                  0x000ade         0xa9 build\udb5\libUDB.o
 .debug_pubnames
                  0x000b87        0x2a7 build\udb5\telemetry.o
 .debug_pubnames
                  0x000e2e        0x141 build\udb5\servoPrepare.o
 .debug_pubnames
                  0x000f6f         0x35 build\udb5\estWind.o
 .debug_pubnames
                  0x000fa4         0x46 build\udb5\estYawDrift.o
 .debug_pubnames
                  0x000fea        0x25f build\udb5\gpsParseCommon.o
 .debug_pubnames
                  0x001249        0x1dc build\udb5\gpsParseSTD.o
 .debug_pubnames
                  0x001425        0x1fb build\udb5\mathlibNAV.o
 .debug_pubnames
                  0x001620        0x1d8 build\udb5\rmat.o
 .debug_pubnames
                  0x0017f8         0xef build\udb5\libDCM.o
 .debug_pubnames
                  0x0018e7         0xef build\udb5\servoOut.o
 .debug_pubnames
                  0x0019d6        0x17a build\udb5\flightplan-waypoints.o
 .debug_pubnames
                  0x001b50        0x148 build\udb5\deadReckoning.o
 .debug_pubnames
                  0x001c98        0x749 build\udb5\altitudeCntrl.o
 .debug_pubnames
                  0x0023e1         0xb4 build\udb5\mode_switch.o
 .debug_pubnames
                  0x002495         0x9d build\udb5\events.o
 .debug_pubnames
                  0x002532         0x2c build\udb5\euler_angles.o
 .debug_pubnames
                  0x00255e        0x104 build\udb5\mpu6000.o
 .debug_pubnames
                  0x002662        0x18b build\udb5\spiUtils.o
 .debug_pubnames
                  0x0027ed         0x91 build\udb5\analog2digital_udb5.o
 .debug_pubnames
                  0x00287e         0xda build\udb5\mcu.o
 .debug_pubnames
                  0x002958        0x17f build\udb5\estAltitude.o
 .debug_pubnames
                  0x002ad7         0xe3 build\udb5\eeprom_udb4.o
 .debug_pubnames
                  0x002bba         0x9f build\udb5\traps.o
 .debug_pubnames
                  0x002c59         0x85 build\udb5\barometer.o
 .debug_pubnames
                  0x002cde         0x8d build\udb5\I2C2.o
 .debug_pubnames
                  0x002d6b         0xab build\udb5\magnetometer.o
 .debug_pubnames
                  0x002e16        0x12d build\udb5\radioIn.o
 .debug_pubnames
                  0x002f43        0x121 build\udb5\serialIO.o
 .debug_pubnames
                  0x003064         0x1b build\udb5\read.o
 .debug_pubnames
                  0x00307f         0x1c build\udb5\write.o
 .debug_pubnames
                  0x00309b        0x10b build\udb5\sonarCntrl.o
 .debug_pubnames
                  0x0031a6        0x384 build\udb5\motorCntrl.o

.debug_ranges
 *(.debug_ranges)

.debug_aranges    0x000000        0x5e0
 *(.debug_aranges)
 .debug_aranges
                  0x000000         0x18 build\udb5\background.o
 .debug_aranges
                  0x000018         0x18 build\udb5\behavior.o
 .debug_aranges
                  0x000030         0x18 build\udb5\cameraCntrl.o
 .debug_aranges
                  0x000048         0x18 build\udb5\main.o
 .debug_aranges
                  0x000060         0x18 build\udb5\navigate.o
 .debug_aranges
                  0x000078         0x18 build\udb5\pitchCntrl.o
 .debug_aranges
                  0x000090         0x18 build\udb5\rollCntrl.o
 .debug_aranges
                  0x0000a8         0x18 build\udb5\servoMix.o
 .debug_aranges
                  0x0000c0         0x18 build\udb5\states.o
 .debug_aranges
                  0x0000d8         0x18 build\udb5\yawCntrl.o
 .debug_aranges
                  0x0000f0         0x18 build\udb5\libUDB.o
 .debug_aranges
                  0x000108         0x18 build\udb5\telemetry.o
 .debug_aranges
                  0x000120         0x18 build\udb5\servoPrepare.o
 .debug_aranges
                  0x000138         0x18 build\udb5\estWind.o
 .debug_aranges
                  0x000150         0x18 build\udb5\estYawDrift.o
 .debug_aranges
                  0x000168         0x18 build\udb5\gpsParseCommon.o
 .debug_aranges
                  0x000180         0x18 build\udb5\gpsParseSTD.o
 .debug_aranges
                  0x000198         0x18 build\udb5\mathlibNAV.o
 .debug_aranges
                  0x0001b0         0x18 build\udb5\rmat.o
 .debug_aranges
                  0x0001c8         0x18 build\udb5\libDCM.o
 .debug_aranges
                  0x0001e0         0x18 build\udb5\servoOut.o
 .debug_aranges
                  0x0001f8         0x18 build\udb5\flightplan-waypoints.o
 .debug_aranges
                  0x000210         0x18 build\udb5\deadReckoning.o
 .debug_aranges
                  0x000228         0x18 build\udb5\altitudeCntrl.o
 .debug_aranges
                  0x000240         0x18 build\udb5\mode_switch.o
 .debug_aranges
                  0x000258         0x18 build\udb5\events.o
 .debug_aranges
                  0x000270         0x18 build\udb5\madd.o
 .debug_aranges
                  0x000288         0x18 build\udb5\mmul.o
 .debug_aranges
                  0x0002a0         0x18 build\udb5\mscl.o
 .debug_aranges
                  0x0002b8         0x18 build\udb5\msub.o
 .debug_aranges
                  0x0002d0         0x18 build\udb5\mtrp.o
 .debug_aranges
                  0x0002e8         0x18 build\udb5\vadd.o
 .debug_aranges
                  0x000300         0x18 build\udb5\vcon.o
 .debug_aranges
                  0x000318         0x18 build\udb5\vcopy.o
 .debug_aranges
                  0x000330         0x18 build\udb5\vcor.o
 .debug_aranges
                  0x000348         0x18 build\udb5\vdot.o
 .debug_aranges
                  0x000360         0x18 build\udb5\vmax.o
 .debug_aranges
                  0x000378         0x18 build\udb5\vmin.o
 .debug_aranges
                  0x000390         0x18 build\udb5\vmul.o
 .debug_aranges
                  0x0003a8         0x18 build\udb5\vneg.o
 .debug_aranges
                  0x0003c0         0x18 build\udb5\vpow.o
 .debug_aranges
                  0x0003d8         0x18 build\udb5\vscl.o
 .debug_aranges
                  0x0003f0         0x18 build\udb5\vsub.o
 .debug_aranges
                  0x000408         0x18 build\udb5\vzpad.o
 .debug_aranges
                  0x000420         0x18 build\udb5\euler_angles.o
 .debug_aranges
                  0x000438         0x18 build\udb5\mpu6000.o
 .debug_aranges
                  0x000450         0x18 build\udb5\spiUtils.o
 .debug_aranges
                  0x000468         0x18 build\udb5\analog2digital_udb5.o
 .debug_aranges
                  0x000480         0x18 build\udb5\traps_asm.o
 .debug_aranges
                  0x000498         0x18 build\udb5\mcu.o
 .debug_aranges
                  0x0004b0         0x18 build\udb5\estAltitude.o
 .debug_aranges
                  0x0004c8         0x18 build\udb5\eeprom_udb4.o
 .debug_aranges
                  0x0004e0         0x18 build\udb5\traps.o
 .debug_aranges
                  0x0004f8         0x18 build\udb5\barometer.o
 .debug_aranges
                  0x000510         0x18 build\udb5\I2C2.o
 .debug_aranges
                  0x000528         0x18 build\udb5\magnetometer.o
 .debug_aranges
                  0x000540         0x18 build\udb5\radioIn.o
 .debug_aranges
                  0x000558         0x18 build\udb5\serialIO.o
 .debug_aranges
                  0x000570         0x20 build\udb5\read.o
 .debug_aranges
                  0x000590         0x20 build\udb5\write.o
 .debug_aranges
                  0x0005b0         0x18 build\udb5\sonarCntrl.o
 .debug_aranges
                  0x0005c8         0x18 build\udb5\motorCntrl.o

.ivt              0x000004         0xfc
                  0x000004          0x4 LONG 0x350 DEFINED (__ReservedTrap0)?ABSOLUTE (__ReservedTrap0):ABSOLUTE (__DefaultInterrupt)
                  0x000006          0x4 LONG 0xaed2 DEFINED (__OscillatorFail)?ABSOLUTE (__OscillatorFail):ABSOLUTE (__DefaultInterrupt)
                  0x000008          0x4 LONG 0xaf00 DEFINED (__AddressError)?ABSOLUTE (__AddressError):ABSOLUTE (__DefaultInterrupt)
                  0x00000a          0x4 LONG 0xaf28 DEFINED (__StackError)?ABSOLUTE (__StackError):ABSOLUTE (__DefaultInterrupt)
                  0x00000c          0x4 LONG 0xaf50 DEFINED (__MathError)?ABSOLUTE (__MathError):ABSOLUTE (__DefaultInterrupt)
                  0x00000e          0x4 LONG 0xaf78 DEFINED (__DMACError)?ABSOLUTE (__DMACError):ABSOLUTE (__DefaultInterrupt)
                  0x000010          0x4 LONG 0x350 DEFINED (__ReservedTrap6)?ABSOLUTE (__ReservedTrap6):ABSOLUTE (__DefaultInterrupt)
                  0x000012          0x4 LONG 0x350 DEFINED (__ReservedTrap7)?ABSOLUTE (__ReservedTrap7):ABSOLUTE (__DefaultInterrupt)
                  0x000014          0x4 LONG 0x350 DEFINED (__INT0Interrupt)?ABSOLUTE (__INT0Interrupt):ABSOLUTE (__DefaultInterrupt)
                  0x000016          0x4 LONG 0x78a6 DEFINED (__IC1Interrupt)?ABSOLUTE (__IC1Interrupt):ABSOLUTE (__DefaultInterrupt)
                  0x000018          0x4 LONG 0x350 DEFINED (__OC1Interrupt)?ABSOLUTE (__OC1Interrupt):ABSOLUTE (__DefaultInterrupt)
                  0x00001a          0x4 LONG 0xa2a6 DEFINED (__T1Interrupt)?ABSOLUTE (__T1Interrupt):ABSOLUTE (__DefaultInterrupt)
                  0x00001c          0x4 LONG 0xa97a DEFINED (__DMA0Interrupt)?ABSOLUTE (__DMA0Interrupt):ABSOLUTE (__DefaultInterrupt)
                  0x00001e          0x4 LONG 0x78f8 DEFINED (__IC2Interrupt)?ABSOLUTE (__IC2Interrupt):ABSOLUTE (__DefaultInterrupt)
                  0x000020          0x4 LONG 0x350 DEFINED (__OC2Interrupt)?ABSOLUTE (__OC2Interrupt):ABSOLUTE (__DefaultInterrupt)
                  0x000022          0x4 LONG 0x350 DEFINED (__T2Interrupt)?ABSOLUTE (__T2Interrupt):ABSOLUTE (__DefaultInterrupt)
                  0x000024          0x4 LONG 0x9948 DEFINED (__T3Interrupt)?ABSOLUTE (__T3Interrupt):ABSOLUTE (__DefaultInterrupt)
                  0x000026          0x4 LONG 0x350 DEFINED (__SPI1ErrInterrupt)?ABSOLUTE (__SPI1ErrInterrupt):ABSOLUTE (__DefaultInterrupt)
                  0x000028          0x4 LONG 0x8922 DEFINED (__SPI1Interrupt)?ABSOLUTE (__SPI1Interrupt):ABSOLUTE (__DefaultInterrupt)
                  0x00002a          0x4 LONG 0x943a DEFINED (__U1RXInterrupt)?ABSOLUTE (__U1RXInterrupt):ABSOLUTE (__DefaultInterrupt)
                  0x00002c          0x4 LONG 0x93fe DEFINED (__U1TXInterrupt)?ABSOLUTE (__U1TXInterrupt):ABSOLUTE (__DefaultInterrupt)
                  0x00002e          0x4 LONG 0x350 DEFINED (__ADC1Interrupt)?ABSOLUTE (__ADC1Interrupt):ABSOLUTE (__DefaultInterrupt)
                  0x000030          0x4 LONG 0x350 DEFINED (__DMA1Interrupt)?ABSOLUTE (__DMA1Interrupt):ABSOLUTE (__DefaultInterrupt)
                  0x000032          0x4 LONG 0x350 DEFINED (__Interrupt15)?ABSOLUTE (__Interrupt15):ABSOLUTE (__DefaultInterrupt)
                  0x000034          0x4 LONG 0x350 DEFINED (__SI2C1Interrupt)?ABSOLUTE (__SI2C1Interrupt):ABSOLUTE (__DefaultInterrupt)
                  0x000036          0x4 LONG 0x350 DEFINED (__MI2C1Interrupt)?ABSOLUTE (__MI2C1Interrupt):ABSOLUTE (__DefaultInterrupt)
                  0x000038          0x4 LONG 0x350 DEFINED (__Interrupt18)?ABSOLUTE (__Interrupt18):ABSOLUTE (__DefaultInterrupt)
                  0x00003a          0x4 LONG 0x350 DEFINED (__CNInterrupt)?ABSOLUTE (__CNInterrupt):ABSOLUTE (__DefaultInterrupt)
                  0x00003c          0x4 LONG 0x350 DEFINED (__INT1Interrupt)?ABSOLUTE (__INT1Interrupt):ABSOLUTE (__DefaultInterrupt)
                  0x00003e          0x4 LONG 0x350 DEFINED (__ADC2Interrupt)?ABSOLUTE (__ADC2Interrupt):ABSOLUTE (__DefaultInterrupt)
                  0x000040          0x4 LONG 0x7a92 DEFINED (__IC7Interrupt)?ABSOLUTE (__IC7Interrupt):ABSOLUTE (__DefaultInterrupt)
                  0x000042          0x4 LONG 0x7ae4 DEFINED (__IC8Interrupt)?ABSOLUTE (__IC8Interrupt):ABSOLUTE (__DefaultInterrupt)
                  0x000044          0x4 LONG 0x350 DEFINED (__DMA2Interrupt)?ABSOLUTE (__DMA2Interrupt):ABSOLUTE (__DefaultInterrupt)
                  0x000046          0x4 LONG 0x350 DEFINED (__OC3Interrupt)?ABSOLUTE (__OC3Interrupt):ABSOLUTE (__DefaultInterrupt)
                  0x000048          0x4 LONG 0x350 DEFINED (__OC4Interrupt)?ABSOLUTE (__OC4Interrupt):ABSOLUTE (__DefaultInterrupt)
                  0x00004a          0x4 LONG 0x98e8 DEFINED (__T4Interrupt)?ABSOLUTE (__T4Interrupt):ABSOLUTE (__DefaultInterrupt)
                  0x00004c          0x4 LONG 0xa366 DEFINED (__T5Interrupt)?ABSOLUTE (__T5Interrupt):ABSOLUTE (__DefaultInterrupt)
                  0x00004e          0x4 LONG 0x350 DEFINED (__INT2Interrupt)?ABSOLUTE (__INT2Interrupt):ABSOLUTE (__DefaultInterrupt)
                  0x000050          0x4 LONG 0x9582 DEFINED (__U2RXInterrupt)?ABSOLUTE (__U2RXInterrupt):ABSOLUTE (__DefaultInterrupt)
                  0x000052          0x4 LONG 0x9546 DEFINED (__U2TXInterrupt)?ABSOLUTE (__U2TXInterrupt):ABSOLUTE (__DefaultInterrupt)
                  0x000054          0x4 LONG 0x350 DEFINED (__SPI2ErrInterrupt)?ABSOLUTE (__SPI2ErrInterrupt):ABSOLUTE (__DefaultInterrupt)
                  0x000056          0x4 LONG 0x8a98 DEFINED (__SPI2Interrupt)?ABSOLUTE (__SPI2Interrupt):ABSOLUTE (__DefaultInterrupt)
                  0x000058          0x4 LONG 0x350 DEFINED (__C1RxRdyInterrupt)?ABSOLUTE (__C1RxRdyInterrupt):ABSOLUTE (__DefaultInterrupt)
                  0x00005a          0x4 LONG 0x9ffc DEFINED (__C1Interrupt)?ABSOLUTE (__C1Interrupt):ABSOLUTE (__DefaultInterrupt)
                  0x00005c          0x4 LONG 0x350 DEFINED (__DMA3Interrupt)?ABSOLUTE (__DMA3Interrupt):ABSOLUTE (__DefaultInterrupt)
                  0x00005e          0x4 LONG 0x794a DEFINED (__IC3Interrupt)?ABSOLUTE (__IC3Interrupt):ABSOLUTE (__DefaultInterrupt)
                  0x000060          0x4 LONG 0x799c DEFINED (__IC4Interrupt)?ABSOLUTE (__IC4Interrupt):ABSOLUTE (__DefaultInterrupt)
                  0x000062          0x4 LONG 0x79ee DEFINED (__IC5Interrupt)?ABSOLUTE (__IC5Interrupt):ABSOLUTE (__DefaultInterrupt)
                  0x000064          0x4 LONG 0x7a40 DEFINED (__IC6Interrupt)?ABSOLUTE (__IC6Interrupt):ABSOLUTE (__DefaultInterrupt)
                  0x000066          0x4 LONG 0x350 DEFINED (__OC5Interrupt)?ABSOLUTE (__OC5Interrupt):ABSOLUTE (__DefaultInterrupt)
                  0x000068          0x4 LONG 0x350 DEFINED (__OC6Interrupt)?ABSOLUTE (__OC6Interrupt):ABSOLUTE (__DefaultInterrupt)
                  0x00006a          0x4 LONG 0x350 DEFINED (__OC7Interrupt)?ABSOLUTE (__OC7Interrupt):ABSOLUTE (__DefaultInterrupt)
                  0x00006c          0x4 LONG 0x350 DEFINED (__OC8Interrupt)?ABSOLUTE (__OC8Interrupt):ABSOLUTE (__DefaultInterrupt)
                  0x00006e          0x4 LONG 0x350 DEFINED (__Interrupt45)?ABSOLUTE (__Interrupt45):ABSOLUTE (__DefaultInterrupt)
                  0x000070          0x4 LONG 0x350 DEFINED (__DMA4Interrupt)?ABSOLUTE (__DMA4Interrupt):ABSOLUTE (__DefaultInterrupt)
                  0x000072          0x4 LONG 0xa384 DEFINED (__T6Interrupt)?ABSOLUTE (__T6Interrupt):ABSOLUTE (__DefaultInterrupt)
                  0x000074          0x4 LONG 0xa328 DEFINED (__T7Interrupt)?ABSOLUTE (__T7Interrupt):ABSOLUTE (__DefaultInterrupt)
                  0x000076          0x4 LONG 0x350 DEFINED (__SI2C2Interrupt)?ABSOLUTE (__SI2C2Interrupt):ABSOLUTE (__DefaultInterrupt)
                  0x000078          0x4 LONG 0x7bea DEFINED (__MI2C2Interrupt)?ABSOLUTE (__MI2C2Interrupt):ABSOLUTE (__DefaultInterrupt)
                  0x00007a          0x4 LONG 0x99aa DEFINED (__T8Interrupt)?ABSOLUTE (__T8Interrupt):ABSOLUTE (__DefaultInterrupt)
                  0x00007c          0x4 LONG 0x350 DEFINED (__T9Interrupt)?ABSOLUTE (__T9Interrupt):ABSOLUTE (__DefaultInterrupt)
                  0x00007e          0x4 LONG 0xad56 DEFINED (__INT3Interrupt)?ABSOLUTE (__INT3Interrupt):ABSOLUTE (__DefaultInterrupt)
                  0x000080          0x4 LONG 0x350 DEFINED (__INT4Interrupt)?ABSOLUTE (__INT4Interrupt):ABSOLUTE (__DefaultInterrupt)
                  0x000082          0x4 LONG 0x350 DEFINED (__C2RxRdyInterrupt)?ABSOLUTE (__C2RxRdyInterrupt):ABSOLUTE (__DefaultInterrupt)
                  0x000084          0x4 LONG 0x9f90 DEFINED (__C2Interrupt)?ABSOLUTE (__C2Interrupt):ABSOLUTE (__DefaultInterrupt)
                  0x000086          0x4 LONG 0x350 DEFINED (__Interrupt57)?ABSOLUTE (__Interrupt57):ABSOLUTE (__DefaultInterrupt)
                  0x000088          0x4 LONG 0x350 DEFINED (__Interrupt58)?ABSOLUTE (__Interrupt58):ABSOLUTE (__DefaultInterrupt)
                  0x00008a          0x4 LONG 0x350 DEFINED (__DCIErrInterrupt)?ABSOLUTE (__DCIErrInterrupt):ABSOLUTE (__DefaultInterrupt)
                  0x00008c          0x4 LONG 0x350 DEFINED (__DCIInterrupt)?ABSOLUTE (__DCIInterrupt):ABSOLUTE (__DefaultInterrupt)
                  0x00008e          0x4 LONG 0x350 DEFINED (__DMA5Interrupt)?ABSOLUTE (__DMA5Interrupt):ABSOLUTE (__DefaultInterrupt)
                  0x000090          0x4 LONG 0x350 DEFINED (__Interrupt62)?ABSOLUTE (__Interrupt62):ABSOLUTE (__DefaultInterrupt)
                  0x000092          0x4 LONG 0x350 DEFINED (__Interrupt63)?ABSOLUTE (__Interrupt63):ABSOLUTE (__DefaultInterrupt)
                  0x000094          0x4 LONG 0x350 DEFINED (__Interrupt64)?ABSOLUTE (__Interrupt64):ABSOLUTE (__DefaultInterrupt)
                  0x000096          0x4 LONG 0x350 DEFINED (__U1ErrInterrupt)?ABSOLUTE (__U1ErrInterrupt):ABSOLUTE (__DefaultInterrupt)
                  0x000098          0x4 LONG 0x350 DEFINED (__U2ErrInterrupt)?ABSOLUTE (__U2ErrInterrupt):ABSOLUTE (__DefaultInterrupt)
                  0x00009a          0x4 LONG 0x350 DEFINED (__Interrupt67)?ABSOLUTE (__Interrupt67):ABSOLUTE (__DefaultInterrupt)
                  0x00009c          0x4 LONG 0x350 DEFINED (__DMA6Interrupt)?ABSOLUTE (__DMA6Interrupt):ABSOLUTE (__DefaultInterrupt)
                  0x00009e          0x4 LONG 0x350 DEFINED (__DMA7Interrupt)?ABSOLUTE (__DMA7Interrupt):ABSOLUTE (__DefaultInterrupt)
                  0x0000a0          0x4 LONG 0x350 DEFINED (__C1TxReqInterrupt)?ABSOLUTE (__C1TxReqInterrupt):ABSOLUTE (__DefaultInterrupt)
                  0x0000a2          0x4 LONG 0x350 DEFINED (__C2TxReqInterrupt)?ABSOLUTE (__C2TxReqInterrupt):ABSOLUTE (__DefaultInterrupt)
                  0x0000a4          0x4 LONG 0x350 DEFINED (__Interrupt72)?ABSOLUTE (__Interrupt72):ABSOLUTE (__DefaultInterrupt)
                  0x0000a6          0x4 LONG 0x350 DEFINED (__Interrupt73)?ABSOLUTE (__Interrupt73):ABSOLUTE (__DefaultInterrupt)
                  0x0000a8          0x4 LONG 0x350 DEFINED (__Interrupt74)?ABSOLUTE (__Interrupt74):ABSOLUTE (__DefaultInterrupt)
                  0x0000aa          0x4 LONG 0x350 DEFINED (__Interrupt75)?ABSOLUTE (__Interrupt75):ABSOLUTE (__DefaultInterrupt)
                  0x0000ac          0x4 LONG 0x350 DEFINED (__Interrupt76)?ABSOLUTE (__Interrupt76):ABSOLUTE (__DefaultInterrupt)
                  0x0000ae          0x4 LONG 0x350 DEFINED (__Interrupt77)?ABSOLUTE (__Interrupt77):ABSOLUTE (__DefaultInterrupt)
                  0x0000b0          0x4 LONG 0x350 DEFINED (__Interrupt78)?ABSOLUTE (__Interrupt78):ABSOLUTE (__DefaultInterrupt)
                  0x0000b2          0x4 LONG 0x350 DEFINED (__Interrupt79)?ABSOLUTE (__Interrupt79):ABSOLUTE (__DefaultInterrupt)
                  0x0000b4          0x4 LONG 0x350 DEFINED (__Interrupt80)?ABSOLUTE (__Interrupt80):ABSOLUTE (__DefaultInterrupt)
                  0x0000b6          0x4 LONG 0x350 DEFINED (__Interrupt81)?ABSOLUTE (__Interrupt81):ABSOLUTE (__DefaultInterrupt)
                  0x0000b8          0x4 LONG 0x350 DEFINED (__Interrupt82)?ABSOLUTE (__Interrupt82):ABSOLUTE (__DefaultInterrupt)
                  0x0000ba          0x4 LONG 0x350 DEFINED (__Interrupt83)?ABSOLUTE (__Interrupt83):ABSOLUTE (__DefaultInterrupt)
                  0x0000bc          0x4 LONG 0x350 DEFINED (__Interrupt84)?ABSOLUTE (__Interrupt84):ABSOLUTE (__DefaultInterrupt)
                  0x0000be          0x4 LONG 0x350 DEFINED (__Interrupt85)?ABSOLUTE (__Interrupt85):ABSOLUTE (__DefaultInterrupt)
                  0x0000c0          0x4 LONG 0x350 DEFINED (__Interrupt86)?ABSOLUTE (__Interrupt86):ABSOLUTE (__DefaultInterrupt)
                  0x0000c2          0x4 LONG 0x350 DEFINED (__Interrupt87)?ABSOLUTE (__Interrupt87):ABSOLUTE (__DefaultInterrupt)
                  0x0000c4          0x4 LONG 0x350 DEFINED (__Interrupt88)?ABSOLUTE (__Interrupt88):ABSOLUTE (__DefaultInterrupt)
                  0x0000c6          0x4 LONG 0x350 DEFINED (__Interrupt89)?ABSOLUTE (__Interrupt89):ABSOLUTE (__DefaultInterrupt)
                  0x0000c8          0x4 LONG 0x350 DEFINED (__Interrupt90)?ABSOLUTE (__Interrupt90):ABSOLUTE (__DefaultInterrupt)
                  0x0000ca          0x4 LONG 0x350 DEFINED (__Interrupt91)?ABSOLUTE (__Interrupt91):ABSOLUTE (__DefaultInterrupt)
                  0x0000cc          0x4 LONG 0x350 DEFINED (__Interrupt92)?ABSOLUTE (__Interrupt92):ABSOLUTE (__DefaultInterrupt)
                  0x0000ce          0x4 LONG 0x350 DEFINED (__Interrupt93)?ABSOLUTE (__Interrupt93):ABSOLUTE (__DefaultInterrupt)
                  0x0000d0          0x4 LONG 0x350 DEFINED (__Interrupt94)?ABSOLUTE (__Interrupt94):ABSOLUTE (__DefaultInterrupt)
                  0x0000d2          0x4 LONG 0x350 DEFINED (__Interrupt95)?ABSOLUTE (__Interrupt95):ABSOLUTE (__DefaultInterrupt)
                  0x0000d4          0x4 LONG 0x350 DEFINED (__Interrupt96)?ABSOLUTE (__Interrupt96):ABSOLUTE (__DefaultInterrupt)
                  0x0000d6          0x4 LONG 0x350 DEFINED (__Interrupt97)?ABSOLUTE (__Interrupt97):ABSOLUTE (__DefaultInterrupt)
                  0x0000d8          0x4 LONG 0x350 DEFINED (__Interrupt98)?ABSOLUTE (__Interrupt98):ABSOLUTE (__DefaultInterrupt)
                  0x0000da          0x4 LONG 0x350 DEFINED (__Interrupt99)?ABSOLUTE (__Interrupt99):ABSOLUTE (__DefaultInterrupt)
                  0x0000dc          0x4 LONG 0x350 DEFINED (__Interrupt100)?ABSOLUTE (__Interrupt100):ABSOLUTE (__DefaultInterrupt)
                  0x0000de          0x4 LONG 0x350 DEFINED (__Interrupt101)?ABSOLUTE (__Interrupt101):ABSOLUTE (__DefaultInterrupt)
                  0x0000e0          0x4 LONG 0x350 DEFINED (__Interrupt102)?ABSOLUTE (__Interrupt102):ABSOLUTE (__DefaultInterrupt)
                  0x0000e2          0x4 LONG 0x350 DEFINED (__Interrupt103)?ABSOLUTE (__Interrupt103):ABSOLUTE (__DefaultInterrupt)
                  0x0000e4          0x4 LONG 0x350 DEFINED (__Interrupt104)?ABSOLUTE (__Interrupt104):ABSOLUTE (__DefaultInterrupt)
                  0x0000e6          0x4 LONG 0x350 DEFINED (__Interrupt105)?ABSOLUTE (__Interrupt105):ABSOLUTE (__DefaultInterrupt)
                  0x0000e8          0x4 LONG 0x350 DEFINED (__Interrupt106)?ABSOLUTE (__Interrupt106):ABSOLUTE (__DefaultInterrupt)
                  0x0000ea          0x4 LONG 0x350 DEFINED (__Interrupt107)?ABSOLUTE (__Interrupt107):ABSOLUTE (__DefaultInterrupt)
                  0x0000ec          0x4 LONG 0x350 DEFINED (__Interrupt108)?ABSOLUTE (__Interrupt108):ABSOLUTE (__DefaultInterrupt)
                  0x0000ee          0x4 LONG 0x350 DEFINED (__Interrupt109)?ABSOLUTE (__Interrupt109):ABSOLUTE (__DefaultInterrupt)
                  0x0000f0          0x4 LONG 0x350 DEFINED (__Interrupt110)?ABSOLUTE (__Interrupt110):ABSOLUTE (__DefaultInterrupt)
                  0x0000f2          0x4 LONG 0x350 DEFINED (__Interrupt111)?ABSOLUTE (__Interrupt111):ABSOLUTE (__DefaultInterrupt)
                  0x0000f4          0x4 LONG 0x350 DEFINED (__Interrupt112)?ABSOLUTE (__Interrupt112):ABSOLUTE (__DefaultInterrupt)
                  0x0000f6          0x4 LONG 0x350 DEFINED (__Interrupt113)?ABSOLUTE (__Interrupt113):ABSOLUTE (__DefaultInterrupt)
                  0x0000f8          0x4 LONG 0x350 DEFINED (__Interrupt114)?ABSOLUTE (__Interrupt114):ABSOLUTE (__DefaultInterrupt)
                  0x0000fa          0x4 LONG 0x350 DEFINED (__Interrupt115)?ABSOLUTE (__Interrupt115):ABSOLUTE (__DefaultInterrupt)
                  0x0000fc          0x4 LONG 0x350 DEFINED (__Interrupt116)?ABSOLUTE (__Interrupt116):ABSOLUTE (__DefaultInterrupt)
                  0x0000fe          0x4 LONG 0x350 DEFINED (__Interrupt117)?ABSOLUTE (__Interrupt117):ABSOLUTE (__DefaultInterrupt)

.aivt             0x000104         0xfc
                  0x000104          0x4 LONG 0x350 DEFINED (__AltReservedTrap0)?ABSOLUTE (__AltReservedTrap0):DEFINED (__ReservedTrap0)?ABSOLUTE (__ReservedTrap0):ABSOLUTE (__DefaultInterrupt)
                  0x000106          0x4 LONG 0xaed2 DEFINED (__AltOscillatorFail)?ABSOLUTE (__AltOscillatorFail):DEFINED (__OscillatorFail)?ABSOLUTE (__OscillatorFail):ABSOLUTE (__DefaultInterrupt)
                  0x000108          0x4 LONG 0xaf00 DEFINED (__AltAddressError)?ABSOLUTE (__AltAddressError):DEFINED (__AddressError)?ABSOLUTE (__AddressError):ABSOLUTE (__DefaultInterrupt)
                  0x00010a          0x4 LONG 0xaf28 DEFINED (__AltStackError)?ABSOLUTE (__AltStackError):DEFINED (__StackError)?ABSOLUTE (__StackError):ABSOLUTE (__DefaultInterrupt)
                  0x00010c          0x4 LONG 0xaf50 DEFINED (__AltMathError)?ABSOLUTE (__AltMathError):DEFINED (__MathError)?ABSOLUTE (__MathError):ABSOLUTE (__DefaultInterrupt)
                  0x00010e          0x4 LONG 0xaf78 DEFINED (__AltDMACError)?ABSOLUTE (__AltDMACError):DEFINED (__DMACError)?ABSOLUTE (__DMACError):ABSOLUTE (__DefaultInterrupt)
                  0x000110          0x4 LONG 0x350 DEFINED (__AltReservedTrap6)?ABSOLUTE (__AltReservedTrap6):DEFINED (__ReservedTrap6)?ABSOLUTE (__ReservedTrap6):ABSOLUTE (__DefaultInterrupt)
                  0x000112          0x4 LONG 0x350 DEFINED (__AltReservedTrap7)?ABSOLUTE (__AltReservedTrap7):DEFINED (__ReservedTrap7)?ABSOLUTE (__ReservedTrap7):ABSOLUTE (__DefaultInterrupt)
                  0x000114          0x4 LONG 0x350 DEFINED (__AltINT0Interrupt)?ABSOLUTE (__AltINT0Interrupt):DEFINED (__INT0Interrupt)?ABSOLUTE (__INT0Interrupt):ABSOLUTE (__DefaultInterrupt)
                  0x000116          0x4 LONG 0x78a6 DEFINED (__AltIC1Interrupt)?ABSOLUTE (__AltIC1Interrupt):DEFINED (__IC1Interrupt)?ABSOLUTE (__IC1Interrupt):ABSOLUTE (__DefaultInterrupt)
                  0x000118          0x4 LONG 0x350 DEFINED (__AltOC1Interrupt)?ABSOLUTE (__AltOC1Interrupt):DEFINED (__OC1Interrupt)?ABSOLUTE (__OC1Interrupt):ABSOLUTE (__DefaultInterrupt)
                  0x00011a          0x4 LONG 0xa2a6 DEFINED (__AltT1Interrupt)?ABSOLUTE (__AltT1Interrupt):DEFINED (__T1Interrupt)?ABSOLUTE (__T1Interrupt):ABSOLUTE (__DefaultInterrupt)
                  0x00011c          0x4 LONG 0xa97a DEFINED (__AltDMA0Interrupt)?ABSOLUTE (__AltDMA0Interrupt):DEFINED (__DMA0Interrupt)?ABSOLUTE (__DMA0Interrupt):ABSOLUTE (__DefaultInterrupt)
                  0x00011e          0x4 LONG 0x78f8 DEFINED (__AltIC2Interrupt)?ABSOLUTE (__AltIC2Interrupt):DEFINED (__IC2Interrupt)?ABSOLUTE (__IC2Interrupt):ABSOLUTE (__DefaultInterrupt)
                  0x000120          0x4 LONG 0x350 DEFINED (__AltOC2Interrupt)?ABSOLUTE (__AltOC2Interrupt):DEFINED (__OC2Interrupt)?ABSOLUTE (__OC2Interrupt):ABSOLUTE (__DefaultInterrupt)
                  0x000122          0x4 LONG 0x350 DEFINED (__AltT2Interrupt)?ABSOLUTE (__AltT2Interrupt):DEFINED (__T2Interrupt)?ABSOLUTE (__T2Interrupt):ABSOLUTE (__DefaultInterrupt)
                  0x000124          0x4 LONG 0x9948 DEFINED (__AltT3Interrupt)?ABSOLUTE (__AltT3Interrupt):DEFINED (__T3Interrupt)?ABSOLUTE (__T3Interrupt):ABSOLUTE (__DefaultInterrupt)
                  0x000126          0x4 LONG 0x350 DEFINED (__AltSPI1ErrInterrupt)?ABSOLUTE (__AltSPI1ErrInterrupt):DEFINED (__SPI1ErrInterrupt)?ABSOLUTE (__SPI1ErrInterrupt):ABSOLUTE (__DefaultInterrupt)
                  0x000128          0x4 LONG 0x8922 DEFINED (__AltSPI1Interrupt)?ABSOLUTE (__AltSPI1Interrupt):DEFINED (__SPI1Interrupt)?ABSOLUTE (__SPI1Interrupt):ABSOLUTE (__DefaultInterrupt)
                  0x00012a          0x4 LONG 0x943a DEFINED (__AltU1RXInterrupt)?ABSOLUTE (__AltU1RXInterrupt):DEFINED (__U1RXInterrupt)?ABSOLUTE (__U1RXInterrupt):ABSOLUTE (__DefaultInterrupt)
                  0x00012c          0x4 LONG 0x93fe DEFINED (__AltU1TXInterrupt)?ABSOLUTE (__AltU1TXInterrupt):DEFINED (__U1TXInterrupt)?ABSOLUTE (__U1TXInterrupt):ABSOLUTE (__DefaultInterrupt)
                  0x00012e          0x4 LONG 0x350 DEFINED (__AltADC1Interrupt)?ABSOLUTE (__AltADC1Interrupt):DEFINED (__ADC1Interrupt)?ABSOLUTE (__ADC1Interrupt):ABSOLUTE (__DefaultInterrupt)
                  0x000130          0x4 LONG 0x350 DEFINED (__AltDMA1Interrupt)?ABSOLUTE (__AltDMA1Interrupt):DEFINED (__DMA1Interrupt)?ABSOLUTE (__DMA1Interrupt):ABSOLUTE (__DefaultInterrupt)
                  0x000132          0x4 LONG 0x350 DEFINED (__AltInterrupt15)?ABSOLUTE (__AltInterrupt15):DEFINED (__Interrupt15)?ABSOLUTE (__Interrupt15):ABSOLUTE (__DefaultInterrupt)
                  0x000134          0x4 LONG 0x350 DEFINED (__AltSI2C1Interrupt)?ABSOLUTE (__AltSI2C1Interrupt):DEFINED (__SI2C1Interrupt)?ABSOLUTE (__SI2C1Interrupt):ABSOLUTE (__DefaultInterrupt)
                  0x000136          0x4 LONG 0x350 DEFINED (__AltMI2C1Interrupt)?ABSOLUTE (__AltMI2C1Interrupt):DEFINED (__MI2C1Interrupt)?ABSOLUTE (__MI2C1Interrupt):ABSOLUTE (__DefaultInterrupt)
                  0x000138          0x4 LONG 0x350 DEFINED (__AltInterrupt18)?ABSOLUTE (__AltInterrupt18):DEFINED (__Interrupt18)?ABSOLUTE (__Interrupt18):ABSOLUTE (__DefaultInterrupt)
                  0x00013a          0x4 LONG 0x350 DEFINED (__AltCNInterrupt)?ABSOLUTE (__AltCNInterrupt):DEFINED (__CNInterrupt)?ABSOLUTE (__CNInterrupt):ABSOLUTE (__DefaultInterrupt)
                  0x00013c          0x4 LONG 0x350 DEFINED (__AltINT1Interrupt)?ABSOLUTE (__AltINT1Interrupt):DEFINED (__INT1Interrupt)?ABSOLUTE (__INT1Interrupt):ABSOLUTE (__DefaultInterrupt)
                  0x00013e          0x4 LONG 0x350 DEFINED (__AltADC2Interrupt)?ABSOLUTE (__AltADC2Interrupt):DEFINED (__ADC2Interrupt)?ABSOLUTE (__ADC2Interrupt):ABSOLUTE (__DefaultInterrupt)
                  0x000140          0x4 LONG 0x7a92 DEFINED (__AltIC7Interrupt)?ABSOLUTE (__AltIC7Interrupt):DEFINED (__IC7Interrupt)?ABSOLUTE (__IC7Interrupt):ABSOLUTE (__DefaultInterrupt)
                  0x000142          0x4 LONG 0x7ae4 DEFINED (__AltIC8Interrupt)?ABSOLUTE (__AltIC8Interrupt):DEFINED (__IC8Interrupt)?ABSOLUTE (__IC8Interrupt):ABSOLUTE (__DefaultInterrupt)
                  0x000144          0x4 LONG 0x350 DEFINED (__AltDMA2Interrupt)?ABSOLUTE (__AltDMA2Interrupt):DEFINED (__DMA2Interrupt)?ABSOLUTE (__DMA2Interrupt):ABSOLUTE (__DefaultInterrupt)
                  0x000146          0x4 LONG 0x350 DEFINED (__AltOC3Interrupt)?ABSOLUTE (__AltOC3Interrupt):DEFINED (__OC3Interrupt)?ABSOLUTE (__OC3Interrupt):ABSOLUTE (__DefaultInterrupt)
                  0x000148          0x4 LONG 0x350 DEFINED (__AltOC4Interrupt)?ABSOLUTE (__AltOC4Interrupt):DEFINED (__OC4Interrupt)?ABSOLUTE (__OC4Interrupt):ABSOLUTE (__DefaultInterrupt)
                  0x00014a          0x4 LONG 0x98e8 DEFINED (__AltT4Interrupt)?ABSOLUTE (__AltT4Interrupt):DEFINED (__T4Interrupt)?ABSOLUTE (__T4Interrupt):ABSOLUTE (__DefaultInterrupt)
                  0x00014c          0x4 LONG 0xa366 DEFINED (__AltT5Interrupt)?ABSOLUTE (__AltT5Interrupt):DEFINED (__T5Interrupt)?ABSOLUTE (__T5Interrupt):ABSOLUTE (__DefaultInterrupt)
                  0x00014e          0x4 LONG 0x350 DEFINED (__AltINT2Interrupt)?ABSOLUTE (__AltINT2Interrupt):DEFINED (__INT2Interrupt)?ABSOLUTE (__INT2Interrupt):ABSOLUTE (__DefaultInterrupt)
                  0x000150          0x4 LONG 0x9582 DEFINED (__AltU2RXInterrupt)?ABSOLUTE (__AltU2RXInterrupt):DEFINED (__U2RXInterrupt)?ABSOLUTE (__U2RXInterrupt):ABSOLUTE (__DefaultInterrupt)
                  0x000152          0x4 LONG 0x9546 DEFINED (__AltU2TXInterrupt)?ABSOLUTE (__AltU2TXInterrupt):DEFINED (__U2TXInterrupt)?ABSOLUTE (__U2TXInterrupt):ABSOLUTE (__DefaultInterrupt)
                  0x000154          0x4 LONG 0x350 DEFINED (__AltSPI2ErrInterrupt)?ABSOLUTE (__AltSPI2ErrInterrupt):DEFINED (__SPI2ErrInterrupt)?ABSOLUTE (__SPI2ErrInterrupt):ABSOLUTE (__DefaultInterrupt)
                  0x000156          0x4 LONG 0x8a98 DEFINED (__AltSPI2Interrupt)?ABSOLUTE (__AltSPI2Interrupt):DEFINED (__SPI2Interrupt)?ABSOLUTE (__SPI2Interrupt):ABSOLUTE (__DefaultInterrupt)
                  0x000158          0x4 LONG 0x350 DEFINED (__AltC1RxRdyInterrupt)?ABSOLUTE (__AltC1RxRdyInterrupt):DEFINED (__C1RxRdyInterrupt)?ABSOLUTE (__C1RxRdyInterrupt):ABSOLUTE (__DefaultInterrupt)
                  0x00015a          0x4 LONG 0x9ffc DEFINED (__AltC1Interrupt)?ABSOLUTE (__AltC1Interrupt):DEFINED (__C1Interrupt)?ABSOLUTE (__C1Interrupt):ABSOLUTE (__DefaultInterrupt)
                  0x00015c          0x4 LONG 0x350 DEFINED (__AltDMA3Interrupt)?ABSOLUTE (__AltDMA3Interrupt):DEFINED (__DMA3Interrupt)?ABSOLUTE (__DMA3Interrupt):ABSOLUTE (__DefaultInterrupt)
                  0x00015e          0x4 LONG 0x794a DEFINED (__AltIC3Interrupt)?ABSOLUTE (__AltIC3Interrupt):DEFINED (__IC3Interrupt)?ABSOLUTE (__IC3Interrupt):ABSOLUTE (__DefaultInterrupt)
                  0x000160          0x4 LONG 0x799c DEFINED (__AltIC4Interrupt)?ABSOLUTE (__AltIC4Interrupt):DEFINED (__IC4Interrupt)?ABSOLUTE (__IC4Interrupt):ABSOLUTE (__DefaultInterrupt)
                  0x000162          0x4 LONG 0x79ee DEFINED (__AltIC5Interrupt)?ABSOLUTE (__AltIC5Interrupt):DEFINED (__IC5Interrupt)?ABSOLUTE (__IC5Interrupt):ABSOLUTE (__DefaultInterrupt)
                  0x000164          0x4 LONG 0x7a40 DEFINED (__AltIC6Interrupt)?ABSOLUTE (__AltIC6Interrupt):DEFINED (__IC6Interrupt)?ABSOLUTE (__IC6Interrupt):ABSOLUTE (__DefaultInterrupt)
                  0x000166          0x4 LONG 0x350 DEFINED (__AltOC5Interrupt)?ABSOLUTE (__AltOC5Interrupt):DEFINED (__OC5Interrupt)?ABSOLUTE (__OC5Interrupt):ABSOLUTE (__DefaultInterrupt)
                  0x000168          0x4 LONG 0x350 DEFINED (__AltOC6Interrupt)?ABSOLUTE (__AltOC6Interrupt):DEFINED (__OC6Interrupt)?ABSOLUTE (__OC6Interrupt):ABSOLUTE (__DefaultInterrupt)
                  0x00016a          0x4 LONG 0x350 DEFINED (__AltOC7Interrupt)?ABSOLUTE (__AltOC7Interrupt):DEFINED (__OC7Interrupt)?ABSOLUTE (__OC7Interrupt):ABSOLUTE (__DefaultInterrupt)
                  0x00016c          0x4 LONG 0x350 DEFINED (__AltOC8Interrupt)?ABSOLUTE (__AltOC8Interrupt):DEFINED (__OC8Interrupt)?ABSOLUTE (__OC8Interrupt):ABSOLUTE (__DefaultInterrupt)
                  0x00016e          0x4 LONG 0x350 DEFINED (__AltInterrupt45)?ABSOLUTE (__AltInterrupt45):DEFINED (__Interrupt45)?ABSOLUTE (__Interrupt45):ABSOLUTE (__DefaultInterrupt)
                  0x000170          0x4 LONG 0x350 DEFINED (__AltDMA4Interrupt)?ABSOLUTE (__AltDMA4Interrupt):DEFINED (__DMA4Interrupt)?ABSOLUTE (__DMA4Interrupt):ABSOLUTE (__DefaultInterrupt)
                  0x000172          0x4 LONG 0xa384 DEFINED (__AltT6Interrupt)?ABSOLUTE (__AltT6Interrupt):DEFINED (__T6Interrupt)?ABSOLUTE (__T6Interrupt):ABSOLUTE (__DefaultInterrupt)
                  0x000174          0x4 LONG 0xa328 DEFINED (__AltT7Interrupt)?ABSOLUTE (__AltT7Interrupt):DEFINED (__T7Interrupt)?ABSOLUTE (__T7Interrupt):ABSOLUTE (__DefaultInterrupt)
                  0x000176          0x4 LONG 0x350 DEFINED (__AltSI2C2Interrupt)?ABSOLUTE (__AltSI2C2Interrupt):DEFINED (__SI2C2Interrupt)?ABSOLUTE (__SI2C2Interrupt):ABSOLUTE (__DefaultInterrupt)
                  0x000178          0x4 LONG 0x7bea DEFINED (__AltMI2C2Interrupt)?ABSOLUTE (__AltMI2C2Interrupt):DEFINED (__MI2C2Interrupt)?ABSOLUTE (__MI2C2Interrupt):ABSOLUTE (__DefaultInterrupt)
                  0x00017a          0x4 LONG 0x99aa DEFINED (__AltT8Interrupt)?ABSOLUTE (__AltT8Interrupt):DEFINED (__T8Interrupt)?ABSOLUTE (__T8Interrupt):ABSOLUTE (__DefaultInterrupt)
                  0x00017c          0x4 LONG 0x350 DEFINED (__AltT9Interrupt)?ABSOLUTE (__AltT9Interrupt):DEFINED (__T9Interrupt)?ABSOLUTE (__T9Interrupt):ABSOLUTE (__DefaultInterrupt)
                  0x00017e          0x4 LONG 0xad56 DEFINED (__AltINT3Interrupt)?ABSOLUTE (__AltINT3Interrupt):DEFINED (__INT3Interrupt)?ABSOLUTE (__INT3Interrupt):ABSOLUTE (__DefaultInterrupt)
                  0x000180          0x4 LONG 0x350 DEFINED (__AltINT4Interrupt)?ABSOLUTE (__AltINT4Interrupt):DEFINED (__INT4Interrupt)?ABSOLUTE (__INT4Interrupt):ABSOLUTE (__DefaultInterrupt)
                  0x000182          0x4 LONG 0x350 DEFINED (__AltC2RxRdyInterrupt)?ABSOLUTE (__AltC2RxRdyInterrupt):DEFINED (__C2RxRdyInterrupt)?ABSOLUTE (__C2RxRdyInterrupt):ABSOLUTE (__DefaultInterrupt)
                  0x000184          0x4 LONG 0x9f90 DEFINED (__AltC2Interrupt)?ABSOLUTE (__AltC2Interrupt):DEFINED (__C2Interrupt)?ABSOLUTE (__C2Interrupt):ABSOLUTE (__DefaultInterrupt)
                  0x000186          0x4 LONG 0x350 DEFINED (__AltInterrupt57)?ABSOLUTE (__AltInterrupt57):DEFINED (__Interrupt57)?ABSOLUTE (__Interrupt57):ABSOLUTE (__DefaultInterrupt)
                  0x000188          0x4 LONG 0x350 DEFINED (__AltInterrupt58)?ABSOLUTE (__AltInterrupt58):DEFINED (__Interrupt58)?ABSOLUTE (__Interrupt58):ABSOLUTE (__DefaultInterrupt)
                  0x00018a          0x4 LONG 0x350 DEFINED (__AltDCIErrInterrupt)?ABSOLUTE (__AltDCIErrInterrupt):DEFINED (__DCIErrInterrupt)?ABSOLUTE (__DCIErrInterrupt):ABSOLUTE (__DefaultInterrupt)
                  0x00018c          0x4 LONG 0x350 DEFINED (__AltDCIInterrupt)?ABSOLUTE (__AltDCIInterrupt):DEFINED (__DCIInterrupt)?ABSOLUTE (__DCIInterrupt):ABSOLUTE (__DefaultInterrupt)
                  0x00018e          0x4 LONG 0x350 DEFINED (__AltDMA5Interrupt)?ABSOLUTE (__AltDMA5Interrupt):DEFINED (__DMA5Interrupt)?ABSOLUTE (__DMA5Interrupt):ABSOLUTE (__DefaultInterrupt)
                  0x000190          0x4 LONG 0x350 DEFINED (__AltInterrupt62)?ABSOLUTE (__AltInterrupt62):DEFINED (__Interrupt62)?ABSOLUTE (__Interrupt62):ABSOLUTE (__DefaultInterrupt)
                  0x000192          0x4 LONG 0x350 DEFINED (__AltInterrupt63)?ABSOLUTE (__AltInterrupt63):DEFINED (__Interrupt63)?ABSOLUTE (__Interrupt63):ABSOLUTE (__DefaultInterrupt)
                  0x000194          0x4 LONG 0x350 DEFINED (__AltInterrupt64)?ABSOLUTE (__AltInterrupt64):DEFINED (__Interrupt64)?ABSOLUTE (__Interrupt64):ABSOLUTE (__DefaultInterrupt)
                  0x000196          0x4 LONG 0x350 DEFINED (__AltU1ErrInterrupt)?ABSOLUTE (__AltU1ErrInterrupt):DEFINED (__U1ErrInterrupt)?ABSOLUTE (__U1ErrInterrupt):ABSOLUTE (__DefaultInterrupt)
                  0x000198          0x4 LONG 0x350 DEFINED (__AltU2ErrInterrupt)?ABSOLUTE (__AltU2ErrInterrupt):DEFINED (__U2ErrInterrupt)?ABSOLUTE (__U2ErrInterrupt):ABSOLUTE (__DefaultInterrupt)
                  0x00019a          0x4 LONG 0x350 DEFINED (__AltInterrupt67)?ABSOLUTE (__AltInterrupt67):DEFINED (__Interrupt67)?ABSOLUTE (__Interrupt67):ABSOLUTE (__DefaultInterrupt)
                  0x00019c          0x4 LONG 0x350 DEFINED (__AltDMA6Interrupt)?ABSOLUTE (__AltDMA6Interrupt):DEFINED (__DMA6Interrupt)?ABSOLUTE (__DMA6Interrupt):ABSOLUTE (__DefaultInterrupt)
                  0x00019e          0x4 LONG 0x350 DEFINED (__AltDMA7Interrupt)?ABSOLUTE (__AltDMA7Interrupt):DEFINED (__DMA7Interrupt)?ABSOLUTE (__DMA7Interrupt):ABSOLUTE (__DefaultInterrupt)
                  0x0001a0          0x4 LONG 0x350 DEFINED (__AltC1TxReqInterrupt)?ABSOLUTE (__AltC1TxReqInterrupt):DEFINED (__C1TxReqInterrupt)?ABSOLUTE (__C1TxReqInterrupt):ABSOLUTE (__DefaultInterrupt)
                  0x0001a2          0x4 LONG 0x350 DEFINED (__AltC2TxReqInterrupt)?ABSOLUTE (__AltC2TxReqInterrupt):DEFINED (__C2TxReqInterrupt)?ABSOLUTE (__C2TxReqInterrupt):ABSOLUTE (__DefaultInterrupt)
                  0x0001a4          0x4 LONG 0x350 DEFINED (__AltInterrupt72)?ABSOLUTE (__AltInterrupt72):DEFINED (__Interrupt72)?ABSOLUTE (__Interrupt72):ABSOLUTE (__DefaultInterrupt)
                  0x0001a6          0x4 LONG 0x350 DEFINED (__AltInterrupt73)?ABSOLUTE (__AltInterrupt73):DEFINED (__Interrupt73)?ABSOLUTE (__Interrupt73):ABSOLUTE (__DefaultInterrupt)
                  0x0001a8          0x4 LONG 0x350 DEFINED (__AltInterrupt74)?ABSOLUTE (__AltInterrupt74):DEFINED (__Interrupt74)?ABSOLUTE (__Interrupt74):ABSOLUTE (__DefaultInterrupt)
                  0x0001aa          0x4 LONG 0x350 DEFINED (__AltInterrupt75)?ABSOLUTE (__AltInterrupt75):DEFINED (__Interrupt75)?ABSOLUTE (__Interrupt75):ABSOLUTE (__DefaultInterrupt)
                  0x0001ac          0x4 LONG 0x350 DEFINED (__AltInterrupt76)?ABSOLUTE (__AltInterrupt76):DEFINED (__Interrupt76)?ABSOLUTE (__Interrupt76):ABSOLUTE (__DefaultInterrupt)
                  0x0001ae          0x4 LONG 0x350 DEFINED (__AltInterrupt77)?ABSOLUTE (__AltInterrupt77):DEFINED (__Interrupt77)?ABSOLUTE (__Interrupt77):ABSOLUTE (__DefaultInterrupt)
                  0x0001b0          0x4 LONG 0x350 DEFINED (__AltInterrupt78)?ABSOLUTE (__AltInterrupt78):DEFINED (__Interrupt78)?ABSOLUTE (__Interrupt78):ABSOLUTE (__DefaultInterrupt)
                  0x0001b2          0x4 LONG 0x350 DEFINED (__AltInterrupt79)?ABSOLUTE (__AltInterrupt79):DEFINED (__Interrupt79)?ABSOLUTE (__Interrupt79):ABSOLUTE (__DefaultInterrupt)
                  0x0001b4          0x4 LONG 0x350 DEFINED (__AltInterrupt80)?ABSOLUTE (__AltInterrupt80):DEFINED (__Interrupt80)?ABSOLUTE (__Interrupt80):ABSOLUTE (__DefaultInterrupt)
                  0x0001b6          0x4 LONG 0x350 DEFINED (__AltInterrupt81)?ABSOLUTE (__AltInterrupt81):DEFINED (__Interrupt81)?ABSOLUTE (__Interrupt81):ABSOLUTE (__DefaultInterrupt)
                  0x0001b8          0x4 LONG 0x350 DEFINED (__AltInterrupt82)?ABSOLUTE (__AltInterrupt82):DEFINED (__Interrupt82)?ABSOLUTE (__Interrupt82):ABSOLUTE (__DefaultInterrupt)
                  0x0001ba          0x4 LONG 0x350 DEFINED (__AltInterrupt83)?ABSOLUTE (__AltInterrupt83):DEFINED (__Interrupt83)?ABSOLUTE (__Interrupt83):ABSOLUTE (__DefaultInterrupt)
                  0x0001bc          0x4 LONG 0x350 DEFINED (__AltInterrupt84)?ABSOLUTE (__AltInterrupt84):DEFINED (__Interrupt84)?ABSOLUTE (__Interrupt84):ABSOLUTE (__DefaultInterrupt)
                  0x0001be          0x4 LONG 0x350 DEFINED (__AltInterrupt85)?ABSOLUTE (__AltInterrupt85):DEFINED (__Interrupt85)?ABSOLUTE (__Interrupt85):ABSOLUTE (__DefaultInterrupt)
                  0x0001c0          0x4 LONG 0x350 DEFINED (__AltInterrupt86)?ABSOLUTE (__AltInterrupt86):DEFINED (__Interrupt86)?ABSOLUTE (__Interrupt86):ABSOLUTE (__DefaultInterrupt)
                  0x0001c2          0x4 LONG 0x350 DEFINED (__AltInterrupt87)?ABSOLUTE (__AltInterrupt87):DEFINED (__Interrupt87)?ABSOLUTE (__Interrupt87):ABSOLUTE (__DefaultInterrupt)
                  0x0001c4          0x4 LONG 0x350 DEFINED (__AltInterrupt88)?ABSOLUTE (__AltInterrupt88):DEFINED (__Interrupt88)?ABSOLUTE (__Interrupt88):ABSOLUTE (__DefaultInterrupt)
                  0x0001c6          0x4 LONG 0x350 DEFINED (__AltInterrupt89)?ABSOLUTE (__AltInterrupt89):DEFINED (__Interrupt89)?ABSOLUTE (__Interrupt89):ABSOLUTE (__DefaultInterrupt)
                  0x0001c8          0x4 LONG 0x350 DEFINED (__AltInterrupt90)?ABSOLUTE (__AltInterrupt90):DEFINED (__Interrupt90)?ABSOLUTE (__Interrupt90):ABSOLUTE (__DefaultInterrupt)
                  0x0001ca          0x4 LONG 0x350 DEFINED (__AltInterrupt91)?ABSOLUTE (__AltInterrupt91):DEFINED (__Interrupt91)?ABSOLUTE (__Interrupt91):ABSOLUTE (__DefaultInterrupt)
                  0x0001cc          0x4 LONG 0x350 DEFINED (__AltInterrupt92)?ABSOLUTE (__AltInterrupt92):DEFINED (__Interrupt92)?ABSOLUTE (__Interrupt92):ABSOLUTE (__DefaultInterrupt)
                  0x0001ce          0x4 LONG 0x350 DEFINED (__AltInterrupt93)?ABSOLUTE (__AltInterrupt93):DEFINED (__Interrupt93)?ABSOLUTE (__Interrupt93):ABSOLUTE (__DefaultInterrupt)
                  0x0001d0          0x4 LONG 0x350 DEFINED (__AltInterrupt94)?ABSOLUTE (__AltInterrupt94):DEFINED (__Interrupt94)?ABSOLUTE (__Interrupt94):ABSOLUTE (__DefaultInterrupt)
                  0x0001d2          0x4 LONG 0x350 DEFINED (__AltInterrupt95)?ABSOLUTE (__AltInterrupt95):DEFINED (__Interrupt95)?ABSOLUTE (__Interrupt95):ABSOLUTE (__DefaultInterrupt)
                  0x0001d4          0x4 LONG 0x350 DEFINED (__AltInterrupt96)?ABSOLUTE (__AltInterrupt96):DEFINED (__Interrupt96)?ABSOLUTE (__Interrupt96):ABSOLUTE (__DefaultInterrupt)
                  0x0001d6          0x4 LONG 0x350 DEFINED (__AltInterrupt97)?ABSOLUTE (__AltInterrupt97):DEFINED (__Interrupt97)?ABSOLUTE (__Interrupt97):ABSOLUTE (__DefaultInterrupt)
                  0x0001d8          0x4 LONG 0x350 DEFINED (__AltInterrupt98)?ABSOLUTE (__AltInterrupt98):DEFINED (__Interrupt98)?ABSOLUTE (__Interrupt98):ABSOLUTE (__DefaultInterrupt)